Archive member included to satisfy reference by file (symbol)

app/libapp.a(shmem.c.obj)     (--whole-archive)
app/libapp.a(main.c.obj)      (--whole-archive)
app/libapp.a(ssd1315.c.obj)   (--whole-archive)
app/libapp.a(ssd1315_reg.c.obj)
                              (--whole-archive)
app/libapp.a(i2c_scanner.c.obj)
                              (--whole-archive)
zephyr/libzephyr.a(heap.c.obj)
                              (--whole-archive)
zephyr/libzephyr.a(cbprintf_packaged.c.obj)
                              (--whole-archive)
zephyr/libzephyr.a(printk.c.obj)
                              (--whole-archive)
zephyr/libzephyr.a(sem.c.obj)
                              (--whole-archive)
zephyr/libzephyr.a(thread_entry.c.obj)
                              (--whole-archive)
zephyr/libzephyr.a(cbprintf_complete.c.obj)
                              (--whole-archive)
zephyr/libzephyr.a(assert.c.obj)
                              (--whole-archive)
zephyr/libzephyr.a(mpsc_pbuf.c.obj)
                              (--whole-archive)
zephyr/libzephyr.a(dec.c.obj)
                              (--whole-archive)
zephyr/libzephyr.a(hex.c.obj)
                              (--whole-archive)
zephyr/libzephyr.a(rb.c.obj)  (--whole-archive)
zephyr/libzephyr.a(timeutil.c.obj)
                              (--whole-archive)
zephyr/libzephyr.a(bitarray.c.obj)
                              (--whole-archive)
zephyr/libzephyr.a(onoff.c.obj)
                              (--whole-archive)
zephyr/libzephyr.a(notify.c.obj)
                              (--whole-archive)
zephyr/libzephyr.a(configs.c.obj)
                              (--whole-archive)
zephyr/libzephyr.a(log_core.c.obj)
                              (--whole-archive)
zephyr/libzephyr.a(log_mgmt.c.obj)
                              (--whole-archive)
zephyr/libzephyr.a(log_cache.c.obj)
                              (--whole-archive)
zephyr/libzephyr.a(log_msg.c.obj)
                              (--whole-archive)
zephyr/libzephyr.a(log_output.c.obj)
                              (--whole-archive)
zephyr/libzephyr.a(log_backend_uart.c.obj)
                              (--whole-archive)
zephyr/libzephyr.a(mem_attr.c.obj)
                              (--whole-archive)
zephyr/libzephyr.a(tracing_none.c.obj)
                              (--whole-archive)
zephyr/libzephyr.a(banner.c.obj)
                              (--whole-archive)
zephyr/libzephyr.a(flash_map_partition_manager.c.obj)
                              (--whole-archive)
zephyr/arch/common/libarch__common.a(sw_isr_common.c.obj)
                              (--whole-archive)
zephyr/arch/arch/arm/core/libarch__arm__core.a(fatal.c.obj)
                              (--whole-archive)
zephyr/arch/arch/arm/core/libarch__arm__core.a(nmi.c.obj)
                              (--whole-archive)
zephyr/arch/arch/arm/core/libarch__arm__core.a(nmi_on_reset.S.obj)
                              (--whole-archive)
zephyr/arch/arch/arm/core/libarch__arm__core.a(tls.c.obj)
                              (--whole-archive)
zephyr/arch/arch/arm/core/cortex_m/libarch__arm__core__cortex_m.a(exc_exit.c.obj)
                              (--whole-archive)
zephyr/arch/arch/arm/core/cortex_m/libarch__arm__core__cortex_m.a(fault.c.obj)
                              (--whole-archive)
zephyr/arch/arch/arm/core/cortex_m/libarch__arm__core__cortex_m.a(fault_s.S.obj)
                              (--whole-archive)
zephyr/arch/arch/arm/core/cortex_m/libarch__arm__core__cortex_m.a(fpu.c.obj)
                              (--whole-archive)
zephyr/arch/arch/arm/core/cortex_m/libarch__arm__core__cortex_m.a(reset.S.obj)
                              (--whole-archive)
zephyr/arch/arch/arm/core/cortex_m/libarch__arm__core__cortex_m.a(scb.c.obj)
                              (--whole-archive)
zephyr/arch/arch/arm/core/cortex_m/libarch__arm__core__cortex_m.a(thread_abort.c.obj)
                              (--whole-archive)
zephyr/arch/arch/arm/core/cortex_m/libarch__arm__core__cortex_m.a(vector_table.S.obj)
                              (--whole-archive)
zephyr/arch/arch/arm/core/cortex_m/libarch__arm__core__cortex_m.a(swap.c.obj)
                              (--whole-archive)
zephyr/arch/arch/arm/core/cortex_m/libarch__arm__core__cortex_m.a(swap_helper.S.obj)
                              (--whole-archive)
zephyr/arch/arch/arm/core/cortex_m/libarch__arm__core__cortex_m.a(irq_manage.c.obj)
                              (--whole-archive)
zephyr/arch/arch/arm/core/cortex_m/libarch__arm__core__cortex_m.a(prep_c.c.obj)
                              (--whole-archive)
zephyr/arch/arch/arm/core/cortex_m/libarch__arm__core__cortex_m.a(thread.c.obj)
                              (--whole-archive)
zephyr/arch/arch/arm/core/cortex_m/libarch__arm__core__cortex_m.a(cpu_idle.c.obj)
                              (--whole-archive)
zephyr/arch/arch/arm/core/cortex_m/libarch__arm__core__cortex_m.a(irq_init.c.obj)
                              (--whole-archive)
[...]
Memory Configuration

Name             Origin             Length             Attributes
FLASH            0x0000000000008000 0x00000000000f8000 xr
RAM              0x000000002000c568 0x0000000000033a98 xw
IDT_LIST         0x00000000ffff7fff 0x0000000000008000 xw
*default*        0x0000000000000000 0xffffffffffffffff

Linker script and memory map

                0x000000000000f9c8                vfprintf = __l_vfprintf
                0x0000000000000000                vfscanf = __l_vfscanf
LOAD zephyr/CMakeFiles/zephyr_final.dir/misc/empty_file.c.obj
LOAD zephyr/CMakeFiles/zephyr_final.dir/isr_tables.c.obj
LOAD zephyr/CMakeFiles/offsets.dir/./arch/arm/core/offsets/offsets.c.obj
LOAD tfm/api_ns/interface/lib/s_veneers.o
LOAD app/libapp.a
LOAD zephyr/libzephyr.a
LOAD zephyr/arch/common/libarch__common.a
LOAD zephyr/arch/arch/arm/core/libarch__arm__core.a
LOAD zephyr/arch/arch/arm/core/cortex_m/libarch__arm__core__cortex_m.a
LOAD zephyr/arch/arch/arm/core/cortex_m/cmse/libarch__arm__core__cortex_m__cmse.a
LOAD zephyr/arch/arch/arm/core/mpu/libarch__arm__core__mpu.a
LOAD zephyr/lib/libc/picolibc/liblib__libc__picolibc.a
LOAD zephyr/lib/libc/common/liblib__libc__common.a
LOAD zephyr/soc/soc/nrf9160/libsoc__nordic.a
LOAD zephyr/drivers/clock_control/libdrivers__clock_control.a
LOAD zephyr/drivers/console/libdrivers__console.a
LOAD zephyr/drivers/gpio/libdrivers__gpio.a
LOAD zephyr/drivers/i2c/libdrivers__i2c.a
LOAD zephyr/drivers/pinctrl/libdrivers__pinctrl.a
LOAD zephyr/drivers/serial/libdrivers__serial.a
LOAD zephyr/drivers/timer/libdrivers__timer.a
LOAD modules/nrf/lib/nrf_modem_lib/lib..__nrf__lib__nrf_modem_lib.a
LOAD modules/nrf/lib/modem_antenna/lib..__nrf__lib__modem_antenna.a
LOAD modules/nrf/subsys/nrf_security/src/zephyr/libmbedtls_zephyr.a
LOAD modules/nrf/modules/trusted-firmware-m/lib..__nrf__modules__trusted-firmware-m.a
LOAD modules/nrf/modules/trusted-firmware-m/libtfm_api_nrf.a
LOAD modules/trusted-firmware-m/libtfm_api.a
LOAD modules/hal_nordic/nrfx/libmodules__hal_nordic__nrfx.a
LOAD C:/ncs/v2.7.0/nrfxlib/nrf_modem/lib/cellular/nrf9160/soft-float/libmodem.a
LOAD zephyr/kernel/libkernel.a
LOAD c:/ncs/toolchains/ce3b5ff664/opt/zephyr-sdk/arm-zephyr-eabi/bin/../lib/gcc/arm-zephyr-eabi/12.2.0/thumb/v8-m.main/nofp\libgcc.a
LOAD zephyr/arch/common/libisr_tables.a
LOAD modules/nrf/subsys/nrf_security/src/libmbedcrypto.a
LOAD C:/ncs/v2.7.0/nrfxlib/crypto/nrf_oberon/lib/cortex-m33/soft-float/liboberon_mbedtls_3.0.15.a
LOAD modules/nrf/subsys/nrf_security/src/libmbedcrypto_base.a
LOAD C:/ncs/v2.7.0/nrfxlib/crypto/nrf_oberon/lib/cortex-m33/soft-float/liboberon_3.0.15.a
LOAD c:\ncs\toolchains\ce3b5ff664\opt\zephyr-sdk\arm-zephyr-eabi\bin\../lib/gcc/../../picolibc/arm-zephyr-eabi/lib/thumb/v8-m.main/nofp\libc.a
LOAD c:/ncs/toolchains/ce3b5ff664/opt/zephyr-sdk/arm-zephyr-eabi/bin/../lib/gcc/arm-zephyr-eabi/12.2.0/thumb/v8-m.main/nofp\libgcc.a
                0x0000000000000020                _region_min_align = 0x20

.rel.plt        0x0000000000008000        0x0
 *(SORT_BY_ALIGNMENT(.rel.plt))
                [!provide]                        PROVIDE (__rel_iplt_start = .)
 *(SORT_BY_ALIGNMENT(.rel.iplt))
 .rel.iplt      0x0000000000008000        0x0 zephyr/CMakeFiles/zephyr_final.dir/isr_tables.c.obj
                [!provide]                        PROVIDE (__rel_iplt_end = .)

.rela.plt       0x0000000000000000        0x0
 *(SORT_BY_ALIGNMENT(.rela.plt))
                [!provide]                        PROVIDE (__rela_iplt_start = .)
 *(SORT_BY_ALIGNMENT(.rela.iplt))
                [!provide]                        PROVIDE (__rela_iplt_end = .)

.rel.dyn
 *(SORT_BY_ALIGNMENT(.rel.*))

.rela.dyn
 *(SORT_BY_ALIGNMENT(.rela.*))

/DISCARD/
 *(SORT_BY_ALIGNMENT(.plt))

/DISCARD/
 *(SORT_BY_ALIGNMENT(.iplt))
                0x0000000000008000                __rom_region_start = 0x8000

rom_start       0x0000000000008000      0x144
                0x0000000000008000                __rom_start_address = .
 FILL mask 0x00
                0x0000000000008000                . = (. + (0x0 - (. - __rom_start_address)))
                0x0000000000008000                . = ALIGN (0x4)
                0x0000000000008000                . = ALIGN (0x80)
                0x0000000000008000                . = ALIGN (0x200)
                0x0000000000008000                _vector_start = .
 *(SORT_BY_ALIGNMENT(.exc_vector_table))
 *(SORT_BY_ALIGNMENT(.exc_vector_table.*))
 .exc_vector_table._vector_table_section
                0x0000000000008000       0x40 zephyr/arch/arch/arm/core/cortex_m/libarch__arm__core__cortex_m.a(vector_table.S.obj)
                0x0000000000008000                _vector_table
 *(SORT_BY_ALIGNMENT(.vectors))
                0x0000000000008144                _vector_end = .
                0x0000000000008040                . = ALIGN (0x4)
 *(SORT_BY_ALIGNMENT(.gnu.linkonce.irq_vector_table*))
 .gnu.linkonce.irq_vector_table
                0x0000000000008040      0x104 zephyr/CMakeFiles/zephyr_final.dir/isr_tables.c.obj
                0x0000000000008040                _irq_vector_table
                0x0000000000008144                _vector_end = .

text            0x0000000000008144     0x9f58
                0x0000000000008144                __text_region_start = .
 *(SORT_BY_ALIGNMENT(.text))
 .text          0x0000000000008144       0x30 c:/ncs/toolchains/ce3b5ff664/opt/zephyr-sdk/arm-zephyr-eabi/bin/../lib/gcc/arm-zephyr-eabi/12.2.0/thumb/v8-m.main/nofp\libgcc.a(_aeabi_uldivmod.o)
                0x0000000000008144                __aeabi_uldivmod
 .text          0x0000000000008174        0x4 c:/ncs/toolchains/ce3b5ff664/opt/zephyr-sdk/arm-zephyr-eabi/bin/../lib/gcc/arm-zephyr-eabi/12.2.0/thumb/v8-m.main/nofp\libgcc.a(_dvmd_tls.o)
                0x0000000000008174                __aeabi_idiv0
                0x0000000000008174                __aeabi_ldiv0
 .text          0x0000000000008178      0x29c c:/ncs/toolchains/ce3b5ff664/opt/zephyr-sdk/arm-zephyr-eabi/bin/../lib/gcc/arm-zephyr-eabi/12.2.0/thumb/v8-m.main/nofp\libgcc.a(_udivmoddi4.o)
                0x0000000000008178                __udivmoddi4
 .text          0x0000000000008414       0x10 c:\ncs\toolchains\ce3b5ff664\opt\zephyr-sdk\arm-zephyr-eabi\bin\../lib/gcc/../../picolibc/arm-zephyr-eabi/lib/thumb/v8-m.main/nofp\libc.a(strlen.S.o)
                0x0000000000008414                strlen
 *(SORT_BY_ALIGNMENT(.text.*))
 .text.I2C_Init.part.0
                0x0000000000008424       0x1c app/libapp.a(main.c.obj)
 .text.I2C_Init
                0x0000000000008440       0x1c app/libapp.a(main.c.obj)
                0x0000000000008440                I2C_Init
 .text.I2C_WriteReg
                0x000000000000845c       0x60 app/libapp.a(main.c.obj)
                0x000000000000845c                I2C_WriteReg
 .text.I2C_ReadReg
                0x00000000000084bc       0x64 app/libapp.a(main.c.obj)
                0x00000000000084bc                I2C_ReadReg
 .text.SSD1315_DrawNumberOne
                0x0000000000008520       0x58 app/libapp.a(main.c.obj)
                0x0000000000008520                SSD1315_DrawNumberOne
 .text.main     0x0000000000008578       0xf0 app/libapp.a(main.c.obj)
                0x0000000000008578                main
 .text.SSD1315_Refresh
                0x0000000000008668       0x6c app/libapp.a(ssd1315.c.obj)
                0x0000000000008668                SSD1315_Refresh
 .text.SSD1315_SetPixel.part.0
                0x00000000000086d4       0x1c app/libapp.a(ssd1315.c.obj)
 .text.SSD1315_SetPixel
                0x00000000000086f0       0x30 app/libapp.a(ssd1315.c.obj)
                0x00000000000086f0                SSD1315_SetPixel
 .text.SSD1315_Init
                0x0000000000008720       0x60 app/libapp.a(ssd1315.c.obj)
                0x0000000000008720                SSD1315_Init
 .text.SSD1315_RegisterBusIO
                0x0000000000008780       0x34 app/libapp.a(ssd1315.c.obj)
                0x0000000000008780                SSD1315_RegisterBusIO
 .text.i2c_scan
                0x00000000000087b4       0x9c app/libapp.a(i2c_scanner.c.obj)
                0x00000000000087b4                i2c_scan
 .text.cbvprintf_package
                0x0000000000008850      0x3a4 zephyr/libzephyr.a(cbprintf_packaged.c.obj)
                0x0000000000008850                cbvprintf_package
 .text.cbprintf_package_convert
                0x0000000000008bf4      0x3c0 zephyr/libzephyr.a(cbprintf_packaged.c.obj)
                0x0000000000008bf4                cbprintf_package_convert
 .text.__printk_hook_install
                0x0000000000008fb4        0xc zephyr/libzephyr.a(printk.c.obj)
                0x0000000000008fb4                __printk_hook_install
 .text.z_thread_entry
                0x0000000000008fc0       0x34 zephyr/libzephyr.a(thread_entry.c.obj)
                0x0000000000008fc0                z_thread_entry
 .text.process_event
                0x0000000000008ff4      0x21c zephyr/libzephyr.a(onoff.c.obj)
 .text.activate_foreach_backend
                0x0000000000009210       0x64 zephyr/libzephyr.a(log_core.c.obj)
 .text.enable_logger
                0x0000000000009274       0x5c zephyr/libzephyr.a(log_core.c.obj)
 .text.log_process_thread_timer_expiry_fn
                0x00000000000092d0        0xc zephyr/libzephyr.a(log_core.c.obj)
 .text.z_log_init
                0x00000000000092dc       0x90 zephyr/libzephyr.a(log_core.c.obj)
 .text.log_format_func_t_get
                0x000000000000936c        0xc zephyr/libzephyr.a(log_core.c.obj)
                0x000000000000936c                log_format_func_t_get
 .text.log_set_timestamp_func
                0x0000000000009378       0x20 zephyr/libzephyr.a(log_core.c.obj)
                0x0000000000009378                log_set_timestamp_func
 .text.z_log_notify_backend_enabled
                0x0000000000009398       0x1c zephyr/libzephyr.a(log_core.c.obj)
                0x0000000000009398                z_log_notify_backend_enabled
 .text.z_log_dropped
                0x00000000000093b4       0x28 zephyr/libzephyr.a(log_core.c.obj)
                0x00000000000093b4                z_log_dropped
 .text.z_log_dropped_read_and_clear
                0x00000000000093dc       0x18 zephyr/libzephyr.a(log_core.c.obj)
                0x00000000000093dc                z_log_dropped_read_and_clear
 .text.dropped_notify
                0x00000000000093f4       0x30 zephyr/libzephyr.a(log_core.c.obj)
                0x00000000000093f4                dropped_notify
 .text.z_log_msg_init
                0x0000000000009424       0x20 zephyr/libzephyr.a(log_core.c.obj)
                0x0000000000009424                z_log_msg_init
 .text.log_core_init
                0x0000000000009444       0x34 zephyr/libzephyr.a(log_core.c.obj)
                0x0000000000009444                log_core_init
 .text.z_log_msg_alloc
                0x0000000000009478       0x10 zephyr/libzephyr.a(log_core.c.obj)
                0x0000000000009478                z_log_msg_alloc
 .text.z_log_msg_local_claim
                0x0000000000009488        0xc zephyr/libzephyr.a(log_core.c.obj)
                0x0000000000009488                z_log_msg_local_claim
 .text.z_log_msg_free
                0x0000000000009494       0x10 zephyr/libzephyr.a(log_core.c.obj)
                0x0000000000009494                z_log_msg_free
 .text.z_log_msg_pending
                0x00000000000094a4        0xc zephyr/libzephyr.a(log_core.c.obj)
                0x00000000000094a4                z_log_msg_pending
 .text.z_impl_log_process
                0x00000000000094b0       0xb4 zephyr/libzephyr.a(log_core.c.obj)
                0x00000000000094b0                z_impl_log_process
 .text.z_impl_log_panic
                0x0000000000009564       0x44 zephyr/libzephyr.a(log_core.c.obj)
                0x0000000000009564                z_impl_log_panic
 .text.log_process_thread_func
                0x00000000000095a8       0xa4 zephyr/libzephyr.a(log_core.c.obj)
 .text.z_log_msg_post_finalize
                0x000000000000964c       0x78 zephyr/libzephyr.a(log_core.c.obj)
 .text.z_log_msg_commit
                0x00000000000096c4       0x24 zephyr/libzephyr.a(log_core.c.obj)
                0x00000000000096c4                z_log_msg_commit
 .text.log_source_name_get
                0x00000000000096e8       0x1c zephyr/libzephyr.a(log_mgmt.c.obj)
                0x00000000000096e8                log_source_name_get
 .text.log_backend_enable
                0x0000000000009704       0x28 zephyr/libzephyr.a(log_mgmt.c.obj)
                0x0000000000009704                log_backend_enable
 .text.z_impl_z_log_msg_static_create
                0x000000000000972c      0x108 zephyr/libzephyr.a(log_msg.c.obj)
                0x000000000000972c                z_impl_z_log_msg_static_create
 .text.z_log_msg_runtime_vcreate
                0x0000000000009834       0x8c zephyr/libzephyr.a(log_msg.c.obj)
                0x0000000000009834                z_log_msg_runtime_vcreate
 .text.log_msg_get_source_id
                0x00000000000098c0       0x18 zephyr/libzephyr.a(log_msg.c.obj)
                0x00000000000098c0                log_msg_get_source_id
 .text.print_formatted
                0x00000000000098d8       0x24 zephyr/libzephyr.a(log_output.c.obj)
 .text.newline_print
                0x00000000000098fc       0x1c zephyr/libzephyr.a(log_output.c.obj)
 .text.log_output_process
                0x0000000000009918      0x2d4 zephyr/libzephyr.a(log_output.c.obj)
                0x0000000000009918                log_output_process
 .text.log_output_dropped_process
                0x0000000000009bec       0x58 zephyr/libzephyr.a(log_output.c.obj)
                0x0000000000009bec                log_output_dropped_process
 .text.log_output_timestamp_freq_set
                0x0000000000009c44       0x2c zephyr/libzephyr.a(log_output.c.obj)
                0x0000000000009c44                log_output_timestamp_freq_set
 .text.char_out
                0x0000000000009c70       0x24 zephyr/libzephyr.a(log_backend_uart.c.obj)
 .text.mem_attr_get_regions
                0x0000000000009c94        0xc zephyr/libzephyr.a(mem_attr.c.obj)
                0x0000000000009c94                mem_attr_get_regions
 .text.boot_banner
                0x0000000000009ca0       0x1c zephyr/libzephyr.a(banner.c.obj)
                0x0000000000009ca0                boot_banner
 .text.z_arm_fatal_error
                0x0000000000009cbc       0xb8 zephyr/arch/arch/arm/core/libarch__arm__core.a(fatal.c.obj)
                0x0000000000009cbc                z_arm_fatal_error
 .text.z_SysNmiOnReset
                0x0000000000009d74        0x8 zephyr/arch/arch/arm/core/libarch__arm__core.a(nmi_on_reset.S.obj)
                0x0000000000009d74                z_SysNmiOnReset
 .text.arch_tls_stack_setup
                0x0000000000009d7c       0x40 zephyr/arch/arch/arm/core/libarch__arm__core.a(tls.c.obj)
                0x0000000000009d7c                arch_tls_stack_setup
 .text._HandlerModeExit
                0x0000000000009dbc       0x28 zephyr/arch/arch/arm/core/cortex_m/libarch__arm__core__cortex_m.a(exc_exit.c.obj)
                0x0000000000009dbc                z_arm_int_exit
                0x0000000000009dbc                z_arm_exc_exit
 .text.mem_manage_fault.constprop.0
                0x0000000000009de4       0xd0 zephyr/arch/arch/arm/core/cortex_m/libarch__arm__core__cortex_m.a(fault.c.obj)
 .text.usage_fault.constprop.0
                0x0000000000009eb4       0xbc zephyr/arch/arch/arm/core/cortex_m/libarch__arm__core__cortex_m.a(fault.c.obj)
 .text.bus_fault.constprop.0
                0x0000000000009f70       0xd0 zephyr/arch/arch/arm/core/cortex_m/libarch__arm__core__cortex_m.a(fault.c.obj)
 .text.z_arm_fault
                0x000000000000a040      0x1e0 zephyr/arch/arch/arm/core/cortex_m/libarch__arm__core__cortex_m.a(fault.c.obj)
                0x000000000000a040                z_arm_fault
 .text.z_arm_fault_init
                0x000000000000a220       0x18 zephyr/arch/arch/arm/core/cortex_m/libarch__arm__core__cortex_m.a(fault.c.obj)
                0x000000000000a220                z_arm_fault_init
 .text.__fault  0x000000000000a238       0x14 zephyr/arch/arch/arm/core/cortex_m/libarch__arm__core__cortex_m.a(fault_s.S.obj)
                0x000000000000a238                z_arm_usage_fault
                0x000000000000a238                z_arm_mpu_fault
                0x000000000000a238                z_arm_exc_spurious
                0x000000000000a238                z_arm_debug_monitor
                0x000000000000a238                z_arm_hard_fault
                0x000000000000a238                z_arm_bus_fault
 .text._reset_section
                0x000000000000a24c       0x60 zephyr/arch/arch/arm/core/cortex_m/libarch__arm__core__cortex_m.a(reset.S.obj)
                0x000000000000a24c                __start
                0x000000000000a24c                z_arm_reset
 .text.z_arm_clear_arm_mpu_config
                0x000000000000a2ac       0x24 zephyr/arch/arch/arm/core/cortex_m/libarch__arm__core__cortex_m.a(scb.c.obj)
                0x000000000000a2ac                z_arm_clear_arm_mpu_config
 .text.z_arm_init_arch_hw_at_boot
                0x000000000000a2d0       0x4c zephyr/arch/arch/arm/core/cortex_m/libarch__arm__core__cortex_m.a(scb.c.obj)
                0x000000000000a2d0                z_arm_init_arch_hw_at_boot
 .text.z_impl_k_thread_abort
                0x000000000000a31c       0x2c zephyr/arch/arch/arm/core/cortex_m/libarch__arm__core__cortex_m.a(thread_abort.c.obj)
                0x000000000000a31c                z_impl_k_thread_abort
 .text.arch_swap
                0x000000000000a348       0x30 zephyr/arch/arch/arm/core/cortex_m/libarch__arm__core__cortex_m.a(swap.c.obj)
                0x000000000000a348                arch_swap
 .text.z_arm_pendsv_c
                0x000000000000a378       0x50 zephyr/arch/arch/arm/core/cortex_m/libarch__arm__core__cortex_m.a(swap.c.obj)
                0x000000000000a378                z_arm_pendsv_c
 .text.z_arm_pendsv
                0x000000000000a3c8       0x48 zephyr/arch/arch/arm/core/cortex_m/libarch__arm__core__cortex_m.a(swap_helper.S.obj)
                0x000000000000a3c8                z_arm_pendsv
 .text.z_arm_svc
                0x000000000000a410       0x20 zephyr/arch/arch/arm/core/cortex_m/libarch__arm__core__cortex_m.a(swap_helper.S.obj)
                0x000000000000a410                z_arm_svc
 .text.arch_irq_enable
                0x000000000000a430       0x1c zephyr/arch/arch/arm/core/cortex_m/libarch__arm__core__cortex_m.a(irq_manage.c.obj)
                0x000000000000a430                arch_irq_enable
 .text.arch_irq_disable
                0x000000000000a44c       0x28 zephyr/arch/arch/arm/core/cortex_m/libarch__arm__core__cortex_m.a(irq_manage.c.obj)
                0x000000000000a44c                arch_irq_disable
 .text.arch_irq_is_enabled
                0x000000000000a474       0x1c zephyr/arch/arch/arm/core/cortex_m/libarch__arm__core__cortex_m.a(irq_manage.c.obj)
                0x000000000000a474                arch_irq_is_enabled
 .text.z_arm_irq_priority_set
                0x000000000000a490       0x2c zephyr/arch/arch/arm/core/cortex_m/libarch__arm__core__cortex_m.a(irq_manage.c.obj)
                0x000000000000a490                z_arm_irq_priority_set
 .text.z_prep_c
                0x000000000000a4bc       0x38 zephyr/arch/arch/arm/core/cortex_m/libarch__arm__core__cortex_m.a(prep_c.c.obj)
                0x000000000000a4bc                z_prep_c
 .text.arch_new_thread
                0x000000000000a4f4       0x3c zephyr/arch/arch/arm/core/cortex_m/libarch__arm__core__cortex_m.a(thread.c.obj)
                0x000000000000a4f4                arch_new_thread
 .text.arch_switch_to_main_thread
                0x000000000000a530       0x44 zephyr/arch/arch/arm/core/cortex_m/libarch__arm__core__cortex_m.a(thread.c.obj)
                0x000000000000a530                arch_switch_to_main_thread
 .text.z_arm_cpu_idle_init
                0x000000000000a574        0xc zephyr/arch/arch/arm/core/cortex_m/libarch__arm__core__cortex_m.a(cpu_idle.c.obj)
                0x000000000000a574                z_arm_cpu_idle_init
 .text.z_arm_interrupt_init
                0x000000000000a580       0x18 zephyr/arch/arch/arm/core/cortex_m/libarch__arm__core__cortex_m.a(irq_init.c.obj)
                0x000000000000a580                z_arm_interrupt_init
 .text._isr_wrapper
                0x000000000000a598       0x24 zephyr/arch/arch/arm/core/cortex_m/libarch__arm__core__cortex_m.a(isr_wrapper.c.obj)
                0x000000000000a598                _isr_wrapper
 .text.z_arm_configure_static_mpu_regions
                0x000000000000a5bc       0x38 zephyr/arch/arch/arm/core/mpu/libarch__arm__core__mpu.a(arm_core_mpu.c.obj)
                0x000000000000a5bc                z_arm_configure_static_mpu_regions
 .text.region_init
                0x000000000000a5f4       0x34 zephyr/arch/arch/arm/core/mpu/libarch__arm__core__mpu.a(arm_mpu.c.obj)
 .text.region_allocate_and_init
                0x000000000000a628       0x38 zephyr/arch/arch/arm/core/mpu/libarch__arm__core__mpu.a(arm_mpu.c.obj)
 .text.mpu_configure_regions_and_partition.constprop.0
                0x000000000000a660      0x164 zephyr/arch/arch/arm/core/mpu/libarch__arm__core__mpu.a(arm_mpu.c.obj)
 .text.arm_core_mpu_enable
                0x000000000000a7c4       0x18 zephyr/arch/arch/arm/core/mpu/libarch__arm__core__mpu.a(arm_mpu.c.obj)
                0x000000000000a7c4                arm_core_mpu_enable
 .text.arm_core_mpu_disable
                0x000000000000a7dc       0x14 zephyr/arch/arch/arm/core/mpu/libarch__arm__core__mpu.a(arm_mpu.c.obj)
                0x000000000000a7dc                arm_core_mpu_disable
 .text.arm_core_mpu_configure_static_mpu_regions
                0x000000000000a7f0       0x14 zephyr/arch/arch/arm/core/mpu/libarch__arm__core__mpu.a(arm_mpu.c.obj)
                0x000000000000a7f0                arm_core_mpu_configure_static_mpu_regions
 .text.arm_core_mpu_mark_areas_for_dynamic_regions
                0x000000000000a804       0xb8 zephyr/arch/arch/arm/core/mpu/libarch__arm__core__mpu.a(arm_mpu.c.obj)
                0x000000000000a804                arm_core_mpu_mark_areas_for_dynamic_regions
 .text.z_arm_mpu_init
                0x000000000000a8bc      0x11c zephyr/arch/arch/arm/core/mpu/libarch__arm__core__mpu.a(arm_mpu.c.obj)
                0x000000000000a8bc                z_arm_mpu_init
 .text.z_impl_zephyr_fputc
                0x000000000000a9d8       0x10 zephyr/lib/libc/picolibc/liblib__libc__picolibc.a(libc-hooks.c.obj)
                0x000000000000a9d8                z_impl_zephyr_fputc
 .text.__stdout_hook_install
                0x000000000000a9e8       0x18 zephyr/lib/libc/picolibc/liblib__libc__picolibc.a(libc-hooks.c.obj)
                0x000000000000a9e8                __stdout_hook_install
 .text.cbvprintf
                0x000000000000aa00       0x38 zephyr/lib/libc/picolibc/liblib__libc__picolibc.a(libc-hooks.c.obj)
                0x000000000000aa00                cbvprintf
 .text.malloc_prepare
                0x000000000000aa38       0x24 zephyr/lib/libc/common/liblib__libc__common.a(malloc.c.obj)
 .text.nordicsemi_nrf91_init
                0x000000000000aa5c       0x10 zephyr/soc/soc/nrf9160/libsoc__nordic.a(soc.c.obj)
 .text.arch_busy_wait
                0x000000000000aa6c       0x14 zephyr/soc/soc/nrf9160/libsoc__nordic.a(soc.c.obj)
                0x000000000000aa6c                arch_busy_wait
 .text.onoff_stop
                0x000000000000aa80       0x30 zephyr/drivers/clock_control/libdrivers__clock_control.a(clock_control_nrf.c.obj)
 .text.onoff_start
                0x000000000000aab0       0x44 zephyr/drivers/clock_control/libdrivers__clock_control.a(clock_control_nrf.c.obj)
 .text.generic_hfclk_stop
                0x000000000000aaf4       0x34 zephyr/drivers/clock_control/libdrivers__clock_control.a(clock_control_nrf.c.obj)
 .text.clk_init
                0x000000000000ab28       0x58 zephyr/drivers/clock_control/libdrivers__clock_control.a(clock_control_nrf.c.obj)
 .text.api_blocking_start
                0x000000000000ab80       0x34 zephyr/drivers/clock_control/libdrivers__clock_control.a(clock_control_nrf.c.obj)
 .text.clkstarted_handle.constprop.0
                0x000000000000abb4       0x4c zephyr/drivers/clock_control/libdrivers__clock_control.a(clock_control_nrf.c.obj)
 .text.generic_hfclk_start
                0x000000000000ac00       0x7c zephyr/drivers/clock_control/libdrivers__clock_control.a(clock_control_nrf.c.obj)
 .text.clock_event_handler
                0x000000000000ac7c       0x1c zephyr/drivers/clock_control/libdrivers__clock_control.a(clock_control_nrf.c.obj)
 .text.z_nrf_clock_control_lf_on
                0x000000000000ac98       0xf4 zephyr/drivers/clock_control/libdrivers__clock_control.a(clock_control_nrf.c.obj)
                0x000000000000ac98                z_nrf_clock_control_lf_on
 .text.uart_console_init
                0x000000000000ad8c       0x28 zephyr/drivers/console/libdrivers__console.a(uart_console.c.obj)
 .text.console_out
                0x000000000000adb4       0x28 zephyr/drivers/console/libdrivers__console.a(uart_console.c.obj)
 .text.gpio_nrfx_init
                0x000000000000addc       0x48 zephyr/drivers/gpio/libdrivers__gpio.a(gpio_nrfx.c.obj)
 .text.nrfx_gpio_handler
                0x000000000000ae24       0x3c zephyr/drivers/gpio/libdrivers__gpio.a(gpio_nrfx.c.obj)
 .text.gpio_nrfx_pin_configure
                0x000000000000ae60      0x180 zephyr/drivers/gpio/libdrivers__gpio.a(gpio_nrfx.c.obj)
 .text.gpio_nrfx_pin_interrupt_configure
                0x000000000000afe0       0xf4 zephyr/drivers/gpio/libdrivers__gpio.a(gpio_nrfx.c.obj)
 .text.i2c_nrfx_twim_configure
                0x000000000000b0d4       0x44 zephyr/drivers/i2c/libdrivers__i2c.a(i2c_nrfx_twim.c.obj)
 .text.i2c_nrfx_twim_init
                0x000000000000b118       0x7c zephyr/drivers/i2c/libdrivers__i2c.a(i2c_nrfx_twim.c.obj)
 .text.i2c_nrfx_twim_recover_bus
                0x000000000000b194       0x3c zephyr/drivers/i2c/libdrivers__i2c.a(i2c_nrfx_twim.c.obj)
 .text.event_handler
                0x000000000000b1d0       0x34 zephyr/drivers/i2c/libdrivers__i2c.a(i2c_nrfx_twim.c.obj)
 .text.i2c_nrfx_twim_transfer
                0x000000000000b204      0x1d4 zephyr/drivers/i2c/libdrivers__i2c.a(i2c_nrfx_twim.c.obj)
 .text.pinctrl_configure_pins
                0x000000000000b3d8      0x17c zephyr/drivers/pinctrl/libdrivers__pinctrl.a(pinctrl_nrf.c.obj)
                0x000000000000b3d8                pinctrl_configure_pins
 .text.uarte_0_init
                0x000000000000b554      0x258 zephyr/drivers/serial/libdrivers__serial.a(uart_nrfx_uarte.c.obj)
 .text.uarte_nrfx_poll_out
                0x000000000000b7ac       0xcc zephyr/drivers/serial/libdrivers__serial.a(uart_nrfx_uarte.c.obj)
 .text.compare_int_lock
                0x000000000000b878       0x40 zephyr/drivers/timer/libdrivers__timer.a(nrf_rtc_timer.c.obj)
 .text.sys_clock_timeout_handler
                0x000000000000b8b8       0x48 zephyr/drivers/timer/libdrivers__timer.a(nrf_rtc_timer.c.obj)
 .text.compare_int_unlock
                0x000000000000b900       0x4c zephyr/drivers/timer/libdrivers__timer.a(nrf_rtc_timer.c.obj)
 .text.z_nrf_rtc_timer_read
                0x000000000000b94c       0x44 zephyr/drivers/timer/libdrivers__timer.a(nrf_rtc_timer.c.obj)
                0x000000000000b94c                z_nrf_rtc_timer_read
 .text.compare_set
                0x000000000000b990      0x124 zephyr/drivers/timer/libdrivers__timer.a(nrf_rtc_timer.c.obj)
 .text.sys_clock_driver_init
                0x000000000000bab4       0x90 zephyr/drivers/timer/libdrivers__timer.a(nrf_rtc_timer.c.obj)
 .text.rtc_nrf_isr
                0x000000000000bb44       0xd0 zephyr/drivers/timer/libdrivers__timer.a(nrf_rtc_timer.c.obj)
                0x000000000000bb44                rtc_nrf_isr
 .text.sys_clock_set_timeout
                0x000000000000bc14       0x5c zephyr/drivers/timer/libdrivers__timer.a(nrf_rtc_timer.c.obj)
                0x000000000000bc14                sys_clock_set_timeout
 .text.sys_clock_elapsed
                0x000000000000bc70       0x14 zephyr/drivers/timer/libdrivers__timer.a(nrf_rtc_timer.c.obj)
                0x000000000000bc70                sys_clock_elapsed
 .text.thread_monitor_entry_get
                0x000000000000bc84       0x48 modules/nrf/lib/nrf_modem_lib/lib..__nrf__lib__nrf_modem_lib.a(nrf_modem_os.c.obj)
 .text.on_init  0x000000000000bccc       0x20 modules/nrf/lib/nrf_modem_lib/lib..__nrf__lib__nrf_modem_lib.a(nrf_modem_os.c.obj)
 .text.nrf_modem_os_timedwait
                0x000000000000bcec      0x190 modules/nrf/lib/nrf_modem_lib/lib..__nrf__lib__nrf_modem_lib.a(nrf_modem_os.c.obj)
                0x000000000000bcec                nrf_modem_os_timedwait
 .text.nrf_modem_os_errno_set
                0x000000000000be7c       0x14 modules/nrf/lib/nrf_modem_lib/lib..__nrf__lib__nrf_modem_lib.a(nrf_modem_os.c.obj)
                0x000000000000be7c                nrf_modem_os_errno_set
 .text.nrf_modem_os_sem_init
                0x000000000000be90       0x40 modules/nrf/lib/nrf_modem_lib/lib..__nrf__lib__nrf_modem_lib.a(nrf_modem_os.c.obj)
                0x000000000000be90                nrf_modem_os_sem_init
 .text.nrf_modem_os_event_notify
                0x000000000000bed0       0x38 modules/nrf/lib/nrf_modem_lib/lib..__nrf__lib__nrf_modem_lib.a(nrf_modem_os.c.obj)
                0x000000000000bed0                nrf_modem_os_event_notify
 .text.nrf_modem_os_alloc
                0x000000000000bf08       0x10 modules/nrf/lib/nrf_modem_lib/lib..__nrf__lib__nrf_modem_lib.a(nrf_modem_os.c.obj)
                0x000000000000bf08                nrf_modem_os_alloc
 .text.nrf_modem_os_free
                0x000000000000bf18        0xc modules/nrf/lib/nrf_modem_lib/lib..__nrf__lib__nrf_modem_lib.a(nrf_modem_os.c.obj)
                0x000000000000bf18                nrf_modem_os_free
 .text.nrf_modem_os_shm_tx_alloc
                0x000000000000bf24       0x10 modules/nrf/lib/nrf_modem_lib/lib..__nrf__lib__nrf_modem_lib.a(nrf_modem_os.c.obj)
                0x000000000000bf24                nrf_modem_os_shm_tx_alloc
 .text.nrf_modem_os_shm_tx_free
                0x000000000000bf34        0xc modules/nrf/lib/nrf_modem_lib/lib..__nrf__lib__nrf_modem_lib.a(nrf_modem_os.c.obj)
                0x000000000000bf34                nrf_modem_os_shm_tx_free
 .text.cfun_callback
                0x000000000000bf40       0x24 modules/nrf/lib/nrf_modem_lib/lib..__nrf__lib__nrf_modem_lib.a(cfun_hooks.c.obj)
 .text.on_modem_init
                0x000000000000bf64        0xc modules/nrf/lib/nrf_modem_lib/lib..__nrf__lib__nrf_modem_lib.a(cfun_hooks.c.obj)
 .text.set_antenna_configuration.part.0
                0x000000000000bf70       0x2c modules/nrf/lib/modem_antenna/lib..__nrf__lib__modem_antenna.a(modem_antenna.c.obj)
 .text.on_modem_lib_init
                0x000000000000bf9c       0x40 modules/nrf/lib/modem_antenna/lib..__nrf__lib__modem_antenna.a(modem_antenna.c.obj)
 .text.ns_fault_init
                0x000000000000bfdc       0x30 modules/nrf/modules/trusted-firmware-m/lib..__nrf__modules__trusted-firmware-m.a(fault.c.obj)
 .text.arm_fault
                0x000000000000c00c      0x24c modules/nrf/modules/trusted-firmware-m/lib..__nrf__modules__trusted-firmware-m.a(fault.c.obj)
                0x000000000000c00c                arm_fault
 .text.tfm_ns_fault_handler_callback
                0x000000000000c258       0x48 modules/nrf/modules/trusted-firmware-m/lib..__nrf__modules__trusted-firmware-m.a(fault.c.obj)
                0x000000000000c258                tfm_ns_fault_handler_callback
 .text.tfm_ns_interface_dispatch
                0x000000000000c2a0       0x68 modules/trusted-firmware-m/libtfm_api.a(interface.c.obj)
                0x000000000000c2a0                tfm_ns_interface_dispatch
 .text.tfm_platform_ioctl
                0x000000000000c308       0x4c modules/trusted-firmware-m/libtfm_api.a(tfm_platform_api.c.obj)
                0x000000000000c308                tfm_platform_ioctl
 .text.psa_call
                0x000000000000c354       0x34 modules/trusted-firmware-m/libtfm_api.a(tfm_tz_psa_ns_api.c.obj)
                0x000000000000c354                psa_call
 .text.nrfx_flag32_alloc
                0x000000000000c388       0x40 modules/hal_nordic/nrfx/libmodules__hal_nordic__nrfx.a(nrfx_flag32_allocator.c.obj)
                0x000000000000c388                nrfx_flag32_alloc
 .text.nrfx_flag32_free
                0x000000000000c3c8       0x38 modules/hal_nordic/nrfx/libmodules__hal_nordic__nrfx.a(nrfx_flag32_allocator.c.obj)
                0x000000000000c3c8                nrfx_flag32_free
 .text.nrfx_gppi_channels_enable
                0x000000000000c400        0xc modules/hal_nordic/nrfx/libmodules__hal_nordic__nrfx.a(nrfx_gppi_dppi.c.obj)
                0x000000000000c400                nrfx_gppi_channels_enable
 .text.clock_stop
                0x000000000000c40c       0xb0 modules/hal_nordic/nrfx/libmodules__hal_nordic__nrfx.a(nrfx_clock.c.obj)
 .text.nrfx_clock_init
                0x000000000000c4bc       0x20 modules/hal_nordic/nrfx/libmodules__hal_nordic__nrfx.a(nrfx_clock.c.obj)
                0x000000000000c4bc                nrfx_clock_init
 .text.nrfx_clock_enable
                0x000000000000c4dc       0x28 modules/hal_nordic/nrfx/libmodules__hal_nordic__nrfx.a(nrfx_clock.c.obj)
                0x000000000000c4dc                nrfx_clock_enable
 .text.nrfx_clock_start
                0x000000000000c504       0xb8 modules/hal_nordic/nrfx/libmodules__hal_nordic__nrfx.a(nrfx_clock.c.obj)
                0x000000000000c504                nrfx_clock_start
 .text.nrfx_power_clock_irq_handler
                0x000000000000c5bc       0x64 modules/hal_nordic/nrfx/libmodules__hal_nordic__nrfx.a(nrfx_clock.c.obj)
                0x000000000000c5bc                nrfx_power_clock_irq_handler
 .text.nrfx_dppi_channel_alloc
                0x000000000000c620        0xc modules/hal_nordic/nrfx/libmodules__hal_nordic__nrfx.a(nrfx_dppi.c.obj)
                0x000000000000c620                nrfx_dppi_channel_alloc
 .text.nrf_gpio_pin_port_decode
                0x000000000000c62c       0x18 modules/hal_nordic/nrfx/libmodules__hal_nordic__nrfx.a(nrfx_gpiote.c.obj)
 .text.release_handler
                0x000000000000c644       0x6c modules/hal_nordic/nrfx/libmodules__hal_nordic__nrfx.a(nrfx_gpiote.c.obj)
 .text.pin_te_get.isra.0
                0x000000000000c6b0       0x18 modules/hal_nordic/nrfx/libmodules__hal_nordic__nrfx.a(nrfx_gpiote.c.obj)
 .text.pin_is_input.isra.0
                0x000000000000c6c8       0x20 modules/hal_nordic/nrfx/libmodules__hal_nordic__nrfx.a(nrfx_gpiote.c.obj)
 .text.pin_in_use_by_te.isra.0
                0x000000000000c6e8       0x1c modules/hal_nordic/nrfx/libmodules__hal_nordic__nrfx.a(nrfx_gpiote.c.obj)
 .text.latch_pending_read_and_check
                0x000000000000c704       0x1c modules/hal_nordic/nrfx/libmodules__hal_nordic__nrfx.a(nrfx_gpiote.c.obj)
 .text.__nrfy_internal_gpiote_events_process.constprop.0
                0x000000000000c720       0x5c modules/hal_nordic/nrfx/libmodules__hal_nordic__nrfx.a(nrfx_gpiote.c.obj)
 .text.irq_handler.constprop.0
                0x000000000000c77c      0x15c modules/hal_nordic/nrfx/libmodules__hal_nordic__nrfx.a(nrfx_gpiote.c.obj)
 .text.pin_uninit
                0x000000000000c8d8       0xa0 modules/hal_nordic/nrfx/libmodules__hal_nordic__nrfx.a(nrfx_gpiote.c.obj)
 .text.nrfx_gpiote_input_configure
                0x000000000000c978      0x1f8 modules/hal_nordic/nrfx/libmodules__hal_nordic__nrfx.a(nrfx_gpiote.c.obj)
                0x000000000000c978                nrfx_gpiote_input_configure
 .text.nrfx_gpiote_output_configure
                0x000000000000cb70      0x130 modules/hal_nordic/nrfx/libmodules__hal_nordic__nrfx.a(nrfx_gpiote.c.obj)
                0x000000000000cb70                nrfx_gpiote_output_configure
 .text.nrfx_gpiote_global_callback_set
                0x000000000000cca0       0x1c modules/hal_nordic/nrfx/libmodules__hal_nordic__nrfx.a(nrfx_gpiote.c.obj)
                0x000000000000cca0                nrfx_gpiote_global_callback_set
 .text.nrfx_gpiote_channel_get
                0x000000000000ccbc       0x38 modules/hal_nordic/nrfx/libmodules__hal_nordic__nrfx.a(nrfx_gpiote.c.obj)
                0x000000000000ccbc                nrfx_gpiote_channel_get
 .text.nrfx_gpiote_init
                0x000000000000ccf4       0x78 modules/hal_nordic/nrfx/libmodules__hal_nordic__nrfx.a(nrfx_gpiote.c.obj)
                0x000000000000ccf4                nrfx_gpiote_init
 .text.nrfx_gpiote_init_check
                0x000000000000cd6c       0x1c modules/hal_nordic/nrfx/libmodules__hal_nordic__nrfx.a(nrfx_gpiote.c.obj)
                0x000000000000cd6c                nrfx_gpiote_init_check
 .text.nrfx_gpiote_channel_free
                0x000000000000cd88       0x18 modules/hal_nordic/nrfx/libmodules__hal_nordic__nrfx.a(nrfx_gpiote.c.obj)
                0x000000000000cd88                nrfx_gpiote_channel_free
 .text.nrfx_gpiote_channel_alloc
                0x000000000000cda0       0x18 modules/hal_nordic/nrfx/libmodules__hal_nordic__nrfx.a(nrfx_gpiote.c.obj)
                0x000000000000cda0                nrfx_gpiote_channel_alloc
 .text.nrfx_gpiote_trigger_enable
                0x000000000000cdb8       0xb0 modules/hal_nordic/nrfx/libmodules__hal_nordic__nrfx.a(nrfx_gpiote.c.obj)
                0x000000000000cdb8                nrfx_gpiote_trigger_enable
 .text.nrfx_gpiote_1_irq_handler
                0x000000000000ce68        0xc modules/hal_nordic/nrfx/libmodules__hal_nordic__nrfx.a(nrfx_gpiote.c.obj)
                0x000000000000ce68                nrfx_gpiote_1_irq_handler
 .text.nrfx_ipc_init
                0x000000000000ce74       0x30 modules/hal_nordic/nrfx/libmodules__hal_nordic__nrfx.a(nrfx_ipc.c.obj)
                0x000000000000ce74                nrfx_ipc_init
 .text.nrfx_ipc_config_load
                0x000000000000cea4       0x40 modules/hal_nordic/nrfx/libmodules__hal_nordic__nrfx.a(nrfx_ipc.c.obj)
                0x000000000000cea4                nrfx_ipc_config_load
 .text.nrfx_ipc_uninit
                0x000000000000cee4       0x64 modules/hal_nordic/nrfx/libmodules__hal_nordic__nrfx.a(nrfx_ipc.c.obj)
                0x000000000000cee4                nrfx_ipc_uninit
 .text.nrfx_ipc_receive_event_enable
                0x000000000000cf48       0x10 modules/hal_nordic/nrfx/libmodules__hal_nordic__nrfx.a(nrfx_ipc.c.obj)
                0x000000000000cf48                nrfx_ipc_receive_event_enable
 .text.nrfx_ipc_receive_event_disable
                0x000000000000cf58       0x10 modules/hal_nordic/nrfx/libmodules__hal_nordic__nrfx.a(nrfx_ipc.c.obj)
                0x000000000000cf58                nrfx_ipc_receive_event_disable
 .text.nrfx_ipc_irq_handler
                0x000000000000cf68       0x40 modules/hal_nordic/nrfx/libmodules__hal_nordic__nrfx.a(nrfx_ipc.c.obj)
                0x000000000000cf68                nrfx_ipc_irq_handler
 .text.twim_configure
                0x000000000000cfa8       0x3c modules/hal_nordic/nrfx/libmodules__hal_nordic__nrfx.a(nrfx_twim.c.obj)
 .text.pins_configure
                0x000000000000cfe4       0x60 modules/hal_nordic/nrfx/libmodules__hal_nordic__nrfx.a(nrfx_twim.c.obj)
 .text.nrfx_twim_init
                0x000000000000d044       0x74 modules/hal_nordic/nrfx/libmodules__hal_nordic__nrfx.a(nrfx_twim.c.obj)
                0x000000000000d044                nrfx_twim_init
 .text.nrfx_twim_enable
                0x000000000000d0b8       0x20 modules/hal_nordic/nrfx/libmodules__hal_nordic__nrfx.a(nrfx_twim.c.obj)
                0x000000000000d0b8                nrfx_twim_enable
 .text.nrfx_twim_disable
                0x000000000000d0d8       0x3c modules/hal_nordic/nrfx/libmodules__hal_nordic__nrfx.a(nrfx_twim.c.obj)
                0x000000000000d0d8                nrfx_twim_disable
 .text.nrfx_twim_xfer
                0x000000000000d114      0x350 modules/hal_nordic/nrfx/libmodules__hal_nordic__nrfx.a(nrfx_twim.c.obj)
                0x000000000000d114                nrfx_twim_xfer
 .text.nrfx_twim_2_irq_handler
                0x000000000000d464      0x188 modules/hal_nordic/nrfx/libmodules__hal_nordic__nrfx.a(nrfx_twim.c.obj)
                0x000000000000d464                nrfx_twim_2_irq_handler
 .text.nrf_gpio_pin_port_decode
                0x000000000000d5ec       0x18 modules/hal_nordic/nrfx/libmodules__hal_nordic__nrfx.a(nrfx_twi_twim.c.obj)
 .text.nrfx_twi_twim_bus_recover
                0x000000000000d604       0xd4 modules/hal_nordic/nrfx/libmodules__hal_nordic__nrfx.a(nrfx_twi_twim.c.obj)
                0x000000000000d604                nrfx_twi_twim_bus_recover
 .text.rpc_handle_data_message
                0x000000000000d6d8       0x38 C:/ncs/v2.7.0/nrfxlib/nrf_modem/lib/cellular/nrf9160/soft-float/libmodem.a(rpc_framework.c.obj)
                0x000000000000d6d8                rpc_handle_data_message
 .text.rpc_transport_msg_alloc
                0x000000000000d710        0xc C:/ncs/v2.7.0/nrfxlib/nrf_modem/lib/cellular/nrf9160/soft-float/libmodem.a(rpc_transport.c.obj)
                0x000000000000d710                rpc_transport_msg_alloc
 .text.rpc_transport_msg_data_rx_free
                0x000000000000d71c        0xc C:/ncs/v2.7.0/nrfxlib/nrf_modem/lib/cellular/nrf9160/soft-float/libmodem.a(rpc_transport.c.obj)
                0x000000000000d71c                rpc_transport_msg_data_rx_free
 .text.rpc_transport_msg_send
                0x000000000000d728        0xc C:/ncs/v2.7.0/nrfxlib/nrf_modem/lib/cellular/nrf9160/soft-float/libmodem.a(rpc_transport.c.obj)
                0x000000000000d728                rpc_transport_msg_send
 .text.rpc_transport_ipc_msg_data_tx_size
                0x000000000000d734        0xc C:/ncs/v2.7.0/nrfxlib/nrf_modem/lib/cellular/nrf9160/soft-float/libmodem.a(rpc_transport_ipc.c.obj)
 .text.rpc_transport_ipc_msg_tx_free
                0x000000000000d740       0x38 C:/ncs/v2.7.0/nrfxlib/nrf_modem/lib/cellular/nrf9160/soft-float/libmodem.a(rpc_transport_ipc.c.obj)
 .text.handle_modem_rpc_msg
                0x000000000000d778       0x68 C:/ncs/v2.7.0/nrfxlib/nrf_modem/lib/cellular/nrf9160/soft-float/libmodem.a(rpc_transport_ipc.c.obj)
 .text.rpc_message_handler
                0x000000000000d7e0       0x24 C:/ncs/v2.7.0/nrfxlib/nrf_modem/lib/cellular/nrf9160/soft-float/libmodem.a(rpc_transport_ipc.c.obj)
 .text.ipc_irq_handler
                0x000000000000d804       0xec C:/ncs/v2.7.0/nrfxlib/nrf_modem/lib/cellular/nrf9160/soft-float/libmodem.a(rpc_transport_ipc.c.obj)
                0x000000000000d804                ipc_irq_handler
 .text.rpc_transport_ipc_ctrl_msg_alloc
                0x000000000000d8f0       0x44 C:/ncs/v2.7.0/nrfxlib/nrf_modem/lib/cellular/nrf9160/soft-float/libmodem.a(rpc_transport_ipc.c.obj)
 .text.rpc_transport_ipc_data_msg_alloc
                0x000000000000d934       0x24 C:/ncs/v2.7.0/nrfxlib/nrf_modem/lib/cellular/nrf9160/soft-float/libmodem.a(rpc_transport_ipc.c.obj)
 .text.rpc_transport_ipc_data_msg_send
                0x000000000000d958       0x6c C:/ncs/v2.7.0/nrfxlib/nrf_modem/lib/cellular/nrf9160/soft-float/libmodem.a(rpc_transport_ipc.c.obj)
 .text.rpc_transport_ipc_init
                0x000000000000d9c4      0x1d4 C:/ncs/v2.7.0/nrfxlib/nrf_modem/lib/cellular/nrf9160/soft-float/libmodem.a(rpc_transport_ipc.c.obj)
 .text.rpc_transport_ipc_ctrl_msg_send
                0x000000000000db98       0x6c C:/ncs/v2.7.0/nrfxlib/nrf_modem/lib/cellular/nrf9160/soft-float/libmodem.a(rpc_transport_ipc.c.obj)
 .text.rpc_transport_ipc_request_shutdown
                0x000000000000dc04       0x38 C:/ncs/v2.7.0/nrfxlib/nrf_modem/lib/cellular/nrf9160/soft-float/libmodem.a(rpc_transport_ipc.c.obj)
 .text.rpc_transport_ipc_msg_data_rx_free
                0x000000000000dc3c       0x30 C:/ncs/v2.7.0/nrfxlib/nrf_modem/lib/cellular/nrf9160/soft-float/libmodem.a(rpc_transport_ipc.c.obj)
 .text.cfun_post_modem
                0x000000000000dc6c       0x14 C:/ncs/v2.7.0/nrfxlib/nrf_modem/lib/cellular/nrf9160/soft-float/libmodem.a(nrf_modem_at.c.obj)
 .text.at_cmd_vsprintf
                0x000000000000dc80       0x50 C:/ncs/v2.7.0/nrfxlib/nrf_modem/lib/cellular/nrf9160/soft-float/libmodem.a(nrf_modem_at.c.obj)
 .text.cfun_pre_modem
                0x000000000000dcd0       0x44 C:/ncs/v2.7.0/nrfxlib/nrf_modem/lib/cellular/nrf9160/soft-float/libmodem.a(nrf_modem_at.c.obj)
 .text.at_cmd_send
                0x000000000000dd14       0x74 C:/ncs/v2.7.0/nrfxlib/nrf_modem/lib/cellular/nrf9160/soft-float/libmodem.a(nrf_modem_at.c.obj)
 .text.at_response_match
                0x000000000000dd88       0x48 C:/ncs/v2.7.0/nrfxlib/nrf_modem/lib/cellular/nrf9160/soft-float/libmodem.a(nrf_modem_at.c.obj)
 .text.nrf_modem_at_cfun_handler_set
                0x000000000000ddd0        0xc C:/ncs/v2.7.0/nrfxlib/nrf_modem/lib/cellular/nrf9160/soft-float/libmodem.a(nrf_modem_at.c.obj)
                0x000000000000ddd0                nrf_modem_at_cfun_handler_set
 .text.nrf_modem_at_printf
                0x000000000000dddc       0xc8 C:/ncs/v2.7.0/nrfxlib/nrf_modem/lib/cellular/nrf9160/soft-float/libmodem.a(nrf_modem_at.c.obj)
                0x000000000000dddc                nrf_modem_at_printf
 .text.rpc_at_event_handler
                0x000000000000dea4       0x88 C:/ncs/v2.7.0/nrfxlib/nrf_modem/lib/cellular/nrf9160/soft-float/libmodem.a(nrf_modem_at.c.obj)
                0x000000000000dea4                rpc_at_event_handler
 .text.sock_unref.isra.0
                0x000000000000df2c       0x3c C:/ncs/v2.7.0/nrfxlib/nrf_modem/lib/cellular/nrf9160/soft-float/libmodem.a(sock.c.obj)
 .text.sock_find
                0x000000000000df68       0x24 C:/ncs/v2.7.0/nrfxlib/nrf_modem/lib/cellular/nrf9160/soft-float/libmodem.a(sock.c.obj)
                0x000000000000df68                sock_find
 .text._sock_close
                0x000000000000df8c       0x30 C:/ncs/v2.7.0/nrfxlib/nrf_modem/lib/cellular/nrf9160/soft-float/libmodem.a(sock.c.obj)
                0x000000000000df8c                _sock_close
 .text.sock_rpc_flow_control_set
                0x000000000000dfbc       0x50 C:/ncs/v2.7.0/nrfxlib/nrf_modem/lib/cellular/nrf9160/soft-float/libmodem.a(sock.c.obj)
                0x000000000000dfbc                sock_rpc_flow_control_set
 .text.on_getaddrinfo_res
                0x000000000000e00c       0x14 C:/ncs/v2.7.0/nrfxlib/nrf_modem/lib/cellular/nrf9160/soft-float/libmodem.a(dns.c.obj)
                0x000000000000e00c                on_getaddrinfo_res
 .text.rpc_ip_event_handler
                0x000000000000e020      0x2d8 C:/ncs/v2.7.0/nrfxlib/nrf_modem/lib/cellular/nrf9160/soft-float/libmodem.a(ip.c.obj)
                0x000000000000e020                rpc_ip_event_handler
 .text.on_tls_attach_res
                0x000000000000e2f8       0x30 C:/ncs/v2.7.0/nrfxlib/nrf_modem/lib/cellular/nrf9160/soft-float/libmodem.a(tls.c.obj)
                0x000000000000e2f8                on_tls_attach_res
 .text.on_tls_handshake_ntf
                0x000000000000e328       0x3c C:/ncs/v2.7.0/nrfxlib/nrf_modem/lib/cellular/nrf9160/soft-float/libmodem.a(tls.c.obj)
                0x000000000000e328                on_tls_handshake_ntf
 .text.tls_attach
                0x000000000000e364       0xf4 C:/ncs/v2.7.0/nrfxlib/nrf_modem/lib/cellular/nrf9160/soft-float/libmodem.a(tls.c.obj)
                0x000000000000e364                tls_attach
 .text.rpc_error_to_nrf_errno
                0x000000000000e458       0x18 C:/ncs/v2.7.0/nrfxlib/nrf_modem/lib/cellular/nrf9160/soft-float/libmodem.a(tables.c.obj)
                0x000000000000e458                rpc_error_to_nrf_errno
 .text.rpc_gnss_event_handler
                0x000000000000e470      0x138 C:/ncs/v2.7.0/nrfxlib/nrf_modem/lib/cellular/nrf9160/soft-float/libmodem.a(nrf_modem_gnss.c.obj)
                0x000000000000e470                rpc_gnss_event_handler
 .text.rpc_softsim_event_handler
                0x000000000000e5a8       0x24 C:/ncs/v2.7.0/nrfxlib/nrf_modem/lib/cellular/nrf9160/soft-float/libmodem.a(nrf_modem_softsim.c.obj)
                0x000000000000e5a8                rpc_softsim_event_handler
 .text.nrf_modem_fault_handler_internal
                0x000000000000e5cc       0x18 C:/ncs/v2.7.0/nrfxlib/nrf_modem/lib/cellular/nrf9160/soft-float/libmodem.a(nrf_modem_fault.c.obj)
                0x000000000000e5cc                nrf_modem_fault_handler_internal
 .text.nrf_modem_state_set
                0x000000000000e5e4        0xc C:/ncs/v2.7.0/nrfxlib/nrf_modem/lib/cellular/nrf9160/soft-float/libmodem.a(nrf_modem_state.c.obj)
                0x000000000000e5e4                nrf_modem_state_set
 .text.nrf_modem_state_is_initialized
                0x000000000000e5f0       0x10 C:/ncs/v2.7.0/nrfxlib/nrf_modem/lib/cellular/nrf9160/soft-float/libmodem.a(nrf_modem_state.c.obj)
                0x000000000000e5f0                nrf_modem_state_is_initialized
 .text.ipc_trace_init
                0x000000000000e600       0x38 C:/ncs/v2.7.0/nrfxlib/nrf_modem/lib/cellular/nrf9160/soft-float/libmodem.a(ipc_trace.c.obj)
                0x000000000000e600                ipc_trace_init
 .text.ipc_trace_uninit
                0x000000000000e638       0x10 C:/ncs/v2.7.0/nrfxlib/nrf_modem/lib/cellular/nrf9160/soft-float/libmodem.a(ipc_trace.c.obj)
                0x000000000000e638                ipc_trace_uninit
 .text.ipc_trace_handler
                0x000000000000e648       0xb4 C:/ncs/v2.7.0/nrfxlib/nrf_modem/lib/cellular/nrf9160/soft-float/libmodem.a(ipc_trace.c.obj)
                0x000000000000e648                ipc_trace_handler
 .text.k_sys_fatal_error_handler
                0x000000000000e6fc       0x20 zephyr/kernel/libkernel.a(fatal.c.obj)
                0x000000000000e6fc                k_sys_fatal_error_handler
 .text.z_fatal_error
                0x000000000000e71c       0xe8 zephyr/kernel/libkernel.a(fatal.c.obj)
                0x000000000000e71c                z_fatal_error
 .text.z_sys_init_run_level
                0x000000000000e804       0x2c zephyr/kernel/libkernel.a(init.c.obj)
 .text.bg_thread_main
                0x000000000000e830       0xc0 zephyr/kernel/libkernel.a(init.c.obj)
 .text.z_bss_zero
                0x000000000000e8f0       0x18 zephyr/kernel/libkernel.a(init.c.obj)
                0x000000000000e8f0                z_bss_zero
 .text.z_init_cpu
                0x000000000000e908       0x68 zephyr/kernel/libkernel.a(init.c.obj)
                0x000000000000e908                z_init_cpu
 .text.z_cstart
                0x000000000000e970       0xe4 zephyr/kernel/libkernel.a(init.c.obj)
                0x000000000000e970                z_cstart
 .text.statics_init
                0x000000000000ea54       0x24 zephyr/kernel/libkernel.a(kheap.c.obj)
 .text.z_impl_k_mutex_lock
                0x000000000000ea78       0xf0 zephyr/kernel/libkernel.a(mutex.c.obj)
                0x000000000000ea78                z_impl_k_mutex_lock
 .text.z_impl_k_mutex_unlock
                0x000000000000eb68       0x78 zephyr/kernel/libkernel.a(mutex.c.obj)
                0x000000000000eb68                z_impl_k_mutex_unlock
 .text.z_impl_k_sem_give
                0x000000000000ebe0       0x48 zephyr/kernel/libkernel.a(sem.c.obj)
                0x000000000000ebe0                z_impl_k_sem_give
 .text.z_impl_k_sem_take
                0x000000000000ec28       0x4c zephyr/kernel/libkernel.a(sem.c.obj)
                0x000000000000ec28                z_impl_k_sem_take
 .text.z_setup_new_thread
                0x000000000000ec74       0x7c zephyr/kernel/libkernel.a(thread.c.obj)
                0x000000000000ec74                z_setup_new_thread
 .text.z_impl_k_thread_create
                0x000000000000ecf0       0x58 zephyr/kernel/libkernel.a(thread.c.obj)
                0x000000000000ecf0                z_impl_k_thread_create
 .text.update_cache
                0x000000000000ed48       0x3c zephyr/kernel/libkernel.a(sched.c.obj)
 .text.unready_thread
                0x000000000000ed84       0x30 zephyr/kernel/libkernel.a(sched.c.obj)
 .text.ready_thread
                0x000000000000edb4       0x68 zephyr/kernel/libkernel.a(sched.c.obj)
 .text.z_thread_halt
                0x000000000000ee1c       0xdc zephyr/kernel/libkernel.a(sched.c.obj)
 .text.move_thread_to_end_of_prio_q
                0x000000000000eef8       0x74 zephyr/kernel/libkernel.a(sched.c.obj)
                0x000000000000eef8                move_thread_to_end_of_prio_q
 .text.z_pend_curr
                0x000000000000ef6c       0x58 zephyr/kernel/libkernel.a(sched.c.obj)
                0x000000000000ef6c                z_pend_curr
 .text.z_thread_prio_set
                0x000000000000efc4       0x88 zephyr/kernel/libkernel.a(sched.c.obj)
                0x000000000000efc4                z_thread_prio_set
 .text.z_reschedule
                0x000000000000f04c       0x24 zephyr/kernel/libkernel.a(sched.c.obj)
                0x000000000000f04c                z_reschedule
 .text.z_sched_start
                0x000000000000f070       0x3c zephyr/kernel/libkernel.a(sched.c.obj)
                0x000000000000f070                z_sched_start
 .text.z_reschedule_irqlock
                0x000000000000f0ac       0x28 zephyr/kernel/libkernel.a(sched.c.obj)
                0x000000000000f0ac                z_reschedule_irqlock
 .text.k_sched_lock
                0x000000000000f0d4       0x28 zephyr/kernel/libkernel.a(sched.c.obj)
                0x000000000000f0d4                k_sched_lock
 .text.k_sched_unlock
                0x000000000000f0fc       0x40 zephyr/kernel/libkernel.a(sched.c.obj)
                0x000000000000f0fc                k_sched_unlock
 .text.z_sched_init
                0x000000000000f13c       0x10 zephyr/kernel/libkernel.a(sched.c.obj)
                0x000000000000f13c                z_sched_init
 .text.z_impl_k_yield
                0x000000000000f14c       0x7c zephyr/kernel/libkernel.a(sched.c.obj)
                0x000000000000f14c                z_impl_k_yield
 .text.z_tick_sleep
                0x000000000000f1c8       0x88 zephyr/kernel/libkernel.a(sched.c.obj)
 .text.z_impl_k_sleep
                0x000000000000f250       0x3c zephyr/kernel/libkernel.a(sched.c.obj)
                0x000000000000f250                z_impl_k_sleep
 .text.z_impl_k_sched_current_thread_query
                0x000000000000f28c        0xc zephyr/kernel/libkernel.a(sched.c.obj)
                0x000000000000f28c                z_impl_k_sched_current_thread_query
 .text.slice_timeout
                0x000000000000f298       0x20 zephyr/kernel/libkernel.a(timeslicing.c.obj)
 .text.thread_is_sliceable
                0x000000000000f2b8       0x3c zephyr/kernel/libkernel.a(timeslicing.c.obj)
                0x000000000000f2b8                thread_is_sliceable
 .text.z_reset_time_slice
                0x000000000000f2f4       0x50 zephyr/kernel/libkernel.a(timeslicing.c.obj)
                0x000000000000f2f4                z_reset_time_slice
 .text.z_time_slice
                0x000000000000f344       0x60 zephyr/kernel/libkernel.a(timeslicing.c.obj)
                0x000000000000f344                z_time_slice
 .text.z_data_copy
                0x000000000000f3a4       0x34 zephyr/kernel/libkernel.a(xip.c.obj)
                0x000000000000f3a4                z_data_copy
 .text.elapsed  0x000000000000f3d8       0x14 zephyr/kernel/libkernel.a(timeout.c.obj)
 .text.remove_timeout
                0x000000000000f3ec       0x38 zephyr/kernel/libkernel.a(timeout.c.obj)
 .text.next_timeout
                0x000000000000f424       0x40 zephyr/kernel/libkernel.a(timeout.c.obj)
 .text.z_add_timeout
                0x000000000000f464       0xf4 zephyr/kernel/libkernel.a(timeout.c.obj)
                0x000000000000f464                z_add_timeout
 .text.sys_clock_announce
                0x000000000000f558       0xd0 zephyr/kernel/libkernel.a(timeout.c.obj)
                0x000000000000f558                sys_clock_announce
 .text.sys_clock_tick_get
                0x000000000000f628       0x30 zephyr/kernel/libkernel.a(timeout.c.obj)
                0x000000000000f628                sys_clock_tick_get
 .text.z_timer_expiration_handler
                0x000000000000f658       0xe0 zephyr/kernel/libkernel.a(timer.c.obj)
                0x000000000000f658                z_timer_expiration_handler
 .text.z_impl_k_timer_start
                0x000000000000f738       0x74 zephyr/kernel/libkernel.a(timer.c.obj)
                0x000000000000f738                z_impl_k_timer_start
 .text.k_thread_system_pool_assign
                0x000000000000f7ac        0xc zephyr/kernel/libkernel.a(mempool.c.obj)
                0x000000000000f7ac                k_thread_system_pool_assign
 .text.snprintf
                0x000000000000f7b8       0x58 c:\ncs\toolchains\ce3b5ff664\opt\zephyr-sdk\arm-zephyr-eabi\bin\../lib/gcc/../../picolibc/arm-zephyr-eabi/lib/thumb/v8-m.main/nofp\libc.a(libc_tinystdio_snprintf.c.o)
                0x000000000000f7b8                snprintf
 .text.strtol   0x000000000000f810       0xec c:\ncs\toolchains\ce3b5ff664\opt\zephyr-sdk\arm-zephyr-eabi\bin\../lib/gcc/../../picolibc/arm-zephyr-eabi/lib/thumb/v8-m.main/nofp\libc.a(libc_tinystdio_strtol.c.o)
                0x000000000000f810                strtol
 .text.strtoul  0x000000000000f8fc       0xcc c:\ncs\toolchains\ce3b5ff664\opt\zephyr-sdk\arm-zephyr-eabi\bin\../lib/gcc/../../picolibc/arm-zephyr-eabi/lib/thumb/v8-m.main/nofp\libc.a(libc_tinystdio_strtoul.c.o)
                0x000000000000f8fc                strtoul
 .text.__l_vfprintf
                0x000000000000f9c8      0x4b4 c:\ncs\toolchains\ce3b5ff664\opt\zephyr-sdk\arm-zephyr-eabi\bin\../lib/gcc/../../picolibc/arm-zephyr-eabi/lib/thumb/v8-m.main/nofp\libc.a(libc_tinystdio_vflprintf.c.o)
                0x000000000000f9c8                __l_vfprintf
 .text.vsnprintf
                0x000000000000fe7c       0x50 c:\ncs\toolchains\ce3b5ff664\opt\zephyr-sdk\arm-zephyr-eabi\bin\../lib/gcc/../../picolibc/arm-zephyr-eabi/lib/thumb/v8-m.main/nofp\libc.a(libc_tinystdio_vsnprintf.c.o)
                0x000000000000fe7c                vsnprintf
 .text._OffsetAbsSyms
                0x000000000000fecc        0x2 zephyr/CMakeFiles/offsets.dir/./arch/arm/core/offsets/offsets.c.obj
                0x000000000000fecc                _OffsetAbsSyms
 .text.I2C_DeInit
                0x000000000000fece        0x4 app/libapp.a(main.c.obj)
                0x000000000000fece                I2C_DeInit
 .text.k_uptime_get_32
                0x000000000000fed2       0x1a app/libapp.a(main.c.obj)
 .text.SSD1315_ClearScreen
                0x000000000000feec       0x20 app/libapp.a(main.c.obj)
                0x000000000000feec                SSD1315_ClearScreen
 .text.SSD1315_ReadRegWrap
                0x000000000000ff0c       0x12 app/libapp.a(ssd1315.c.obj)
 .text.SSD1315_WriteRegWrap
                0x000000000000ff1e       0x12 app/libapp.a(ssd1315.c.obj)
 .text.SSD1315_DisplayOn
                0x000000000000ff30       0x54 app/libapp.a(ssd1315.c.obj)
                0x000000000000ff30                SSD1315_DisplayOn
 .text.SSD1315_DisplayOff
                0x000000000000ff84       0x54 app/libapp.a(ssd1315.c.obj)
                0x000000000000ff84                SSD1315_DisplayOff
 .text.SSD1315_DrawHLine
                0x000000000000ffd8       0x22 app/libapp.a(ssd1315.c.obj)
                0x000000000000ffd8                SSD1315_DrawHLine
 .text.SSD1315_FillRect
                0x000000000000fffa       0x38 app/libapp.a(ssd1315.c.obj)
                0x000000000000fffa                SSD1315_FillRect
 .text.ssd1315_write_reg
                0x0000000000010032        0xc app/libapp.a(ssd1315_reg.c.obj)
                0x0000000000010032                ssd1315_write_reg
 .text.chunk_field
                0x000000000001003e       0x16 zephyr/libzephyr.a(heap.c.obj)
 .text.chunk_set
                0x0000000000010054       0x16 zephyr/libzephyr.a(heap.c.obj)
 .text.chunk_size
                0x000000000001006a        0xc zephyr/libzephyr.a(heap.c.obj)
 .text.set_chunk_used
                0x0000000000010076       0x30 zephyr/libzephyr.a(heap.c.obj)
 .text.set_chunk_size
                0x00000000000100a6        0x8 zephyr/libzephyr.a(heap.c.obj)
 .text.mem_to_chunkid
                0x00000000000100ae       0x14 zephyr/libzephyr.a(heap.c.obj)
 .text.bucket_idx.isra.0
                0x00000000000100c2       0x1c zephyr/libzephyr.a(heap.c.obj)
 .text.free_list_remove_bidx
                0x00000000000100de       0x5c zephyr/libzephyr.a(heap.c.obj)
 .text.free_list_remove
                0x000000000001013a       0x2e zephyr/libzephyr.a(heap.c.obj)
 .text.alloc_chunk
                0x0000000000010168       0x74 zephyr/libzephyr.a(heap.c.obj)
 .text.split_chunks
                0x00000000000101dc       0x4e zephyr/libzephyr.a(heap.c.obj)
 .text.merge_chunks
                0x000000000001022a       0x3c zephyr/libzephyr.a(heap.c.obj)
 .text.free_list_add
                0x0000000000010266       0x84 zephyr/libzephyr.a(heap.c.obj)
 .text.free_chunk
                0x00000000000102ea       0x84 zephyr/libzephyr.a(heap.c.obj)
 .text.sys_heap_free
                0x000000000001036e       0x24 zephyr/libzephyr.a(heap.c.obj)
                0x000000000001036e                sys_heap_free
 .text.sys_heap_alloc
                0x0000000000010392       0x6e zephyr/libzephyr.a(heap.c.obj)
                0x0000000000010392                sys_heap_alloc
 .text.sys_heap_aligned_alloc
                0x0000000000010400       0xe8 zephyr/libzephyr.a(heap.c.obj)
                0x0000000000010400                sys_heap_aligned_alloc
 .text.sys_heap_init
                0x00000000000104e8       0xb0 zephyr/libzephyr.a(heap.c.obj)
                0x00000000000104e8                sys_heap_init
 .text.cbpprintf_external
                0x0000000000010598       0x62 zephyr/libzephyr.a(cbprintf_packaged.c.obj)
                0x0000000000010598                cbpprintf_external
 .text.is_ptr   0x00000000000105fa       0x4a zephyr/libzephyr.a(cbprintf_packaged.c.obj)
                0x00000000000105fa                is_ptr
 .text.arch_printk_char_out
                0x0000000000010644        0x4 zephyr/libzephyr.a(printk.c.obj)
                0x0000000000010644                arch_printk_char_out
 .text.printk   0x0000000000010648       0x1a zephyr/libzephyr.a(printk.c.obj)
                0x0000000000010648                printk
 .text.free_space
                0x0000000000010662       0x26 zephyr/libzephyr.a(mpsc_pbuf.c.obj)
 .text.get_usage
                0x0000000000010688       0x22 zephyr/libzephyr.a(mpsc_pbuf.c.obj)
 .text.idx_inc  0x00000000000106aa       0x1c zephyr/libzephyr.a(mpsc_pbuf.c.obj)
 .text.rd_idx_inc
                0x00000000000106c6       0x18 zephyr/libzephyr.a(mpsc_pbuf.c.obj)
 .text.add_skip_item
                0x00000000000106de       0x3e zephyr/libzephyr.a(mpsc_pbuf.c.obj)
 .text.drop_item_locked
                0x000000000001071c       0xee zephyr/libzephyr.a(mpsc_pbuf.c.obj)
 .text.post_drop_action
                0x000000000001080a       0x36 zephyr/libzephyr.a(mpsc_pbuf.c.obj)
 .text.max_utilization_update
                0x0000000000010840       0x1a zephyr/libzephyr.a(mpsc_pbuf.c.obj)
 .text.mpsc_pbuf_init
                0x000000000001085a       0x42 zephyr/libzephyr.a(mpsc_pbuf.c.obj)
                0x000000000001085a                mpsc_pbuf_init
 .text.mpsc_pbuf_alloc
                0x000000000001089c       0xf8 zephyr/libzephyr.a(mpsc_pbuf.c.obj)
                0x000000000001089c                mpsc_pbuf_alloc
 .text.mpsc_pbuf_commit
                0x0000000000010994       0x3e zephyr/libzephyr.a(mpsc_pbuf.c.obj)
                0x0000000000010994                mpsc_pbuf_commit
 .text.mpsc_pbuf_claim
                0x00000000000109d2       0xa8 zephyr/libzephyr.a(mpsc_pbuf.c.obj)
                0x00000000000109d2                mpsc_pbuf_claim
 .text.mpsc_pbuf_free
                0x0000000000010a7a       0x76 zephyr/libzephyr.a(mpsc_pbuf.c.obj)
                0x0000000000010a7a                mpsc_pbuf_free
 .text.mpsc_pbuf_is_pending
                0x0000000000010af0       0x1a zephyr/libzephyr.a(mpsc_pbuf.c.obj)
                0x0000000000010af0                mpsc_pbuf_is_pending
 .text.process_recheck
                0x0000000000010b0a       0x38 zephyr/libzephyr.a(onoff.c.obj)
 .text.validate_args
                0x0000000000010b42       0x20 zephyr/libzephyr.a(onoff.c.obj)
 .text.notify_one
                0x0000000000010b62       0x2c zephyr/libzephyr.a(onoff.c.obj)
 .text.transition_complete
                0x0000000000010b8e       0x1a zephyr/libzephyr.a(onoff.c.obj)
 .text.onoff_manager_init
                0x0000000000010ba8       0x26 zephyr/libzephyr.a(onoff.c.obj)
                0x0000000000010ba8                onoff_manager_init
 .text.onoff_request
                0x0000000000010bce       0xae zephyr/libzephyr.a(onoff.c.obj)
                0x0000000000010bce                onoff_request
 .text.sys_notify_validate
                0x0000000000010c7c       0x22 zephyr/libzephyr.a(notify.c.obj)
                0x0000000000010c7c                sys_notify_validate
 .text.sys_notify_finalize
                0x0000000000010c9e       0x1a zephyr/libzephyr.a(notify.c.obj)
                0x0000000000010c9e                sys_notify_finalize
 .text._ConfigAbsSyms
                0x0000000000010cb8        0x2 zephyr/libzephyr.a(configs.c.obj)
                0x0000000000010cb8                _ConfigAbsSyms
 .text.log_msg_generic_get_wlen
                0x0000000000010cba       0x20 zephyr/libzephyr.a(log_core.c.obj)
 .text.dummy_timestamp
                0x0000000000010cda        0x4 zephyr/libzephyr.a(log_core.c.obj)
 .text.default_get_timestamp
                0x0000000000010cde        0x4 zephyr/libzephyr.a(log_core.c.obj)
 .text.atomic_inc
                0x0000000000010ce2       0x12 zephyr/libzephyr.a(log_core.c.obj)
 .text.z_log_vprintk
                0x0000000000010cf4       0x1c zephyr/libzephyr.a(log_core.c.obj)
                0x0000000000010cf4                z_log_vprintk
 .text.z_log_notify_drop
                0x0000000000010d10        0x6 zephyr/libzephyr.a(log_core.c.obj)
 .text.z_log_get_tag
                0x0000000000010d16        0x4 zephyr/libzephyr.a(log_core.c.obj)
                0x0000000000010d16                z_log_get_tag
 .text.z_cbprintf_cpy
                0x0000000000010d1a       0x2c zephyr/libzephyr.a(log_msg.c.obj)
 .text.z_log_msg_finalize
                0x0000000000010d46       0x32 zephyr/libzephyr.a(log_msg.c.obj)
                0x0000000000010d46                z_log_msg_finalize
 .text.z_log_msg_simple_create
                0x0000000000010d78       0x6e zephyr/libzephyr.a(log_msg.c.obj)
 .text.z_impl_z_log_msg_simple_create_0
                0x0000000000010de6       0x12 zephyr/libzephyr.a(log_msg.c.obj)
                0x0000000000010de6                z_impl_z_log_msg_simple_create_0
 .text.z_impl_z_log_msg_simple_create_1
                0x0000000000010df8       0x14 zephyr/libzephyr.a(log_msg.c.obj)
                0x0000000000010df8                z_impl_z_log_msg_simple_create_1
 .text.z_impl_z_log_msg_simple_create_2
                0x0000000000010e0c       0x18 zephyr/libzephyr.a(log_msg.c.obj)
                0x0000000000010e0c                z_impl_z_log_msg_simple_create_2
 .text.buffer_write
                0x0000000000010e24       0x1c zephyr/libzephyr.a(log_output.c.obj)
 .text.log_output_flush
                0x0000000000010e40       0x1a zephyr/libzephyr.a(log_output.c.obj)
                0x0000000000010e40                log_output_flush
 .text.out_func
                0x0000000000010e5a       0x2e zephyr/libzephyr.a(log_output.c.obj)
 .text.cr_out_func
                0x0000000000010e88       0x1c zephyr/libzephyr.a(log_output.c.obj)
 .text.log_output_msg_process
                0x0000000000010ea4       0x6a zephyr/libzephyr.a(log_output.c.obj)
                0x0000000000010ea4                log_output_msg_process
 .text.format_set
                0x0000000000010f0e        0xc zephyr/libzephyr.a(log_backend_uart.c.obj)
 .text.log_backend_uart_init
                0x0000000000010f1a        0xc zephyr/libzephyr.a(log_backend_uart.c.obj)
 .text.panic    0x0000000000010f26       0x10 zephyr/libzephyr.a(log_backend_uart.c.obj)
 .text.dropped  0x0000000000010f36        0xa zephyr/libzephyr.a(log_backend_uart.c.obj)
 .text.process  0x0000000000010f40       0x1e zephyr/libzephyr.a(log_backend_uart.c.obj)
 .text.z_do_kernel_oops
                0x0000000000010f5e        0x8 zephyr/arch/arch/arm/core/libarch__arm__core.a(fatal.c.obj)
                0x0000000000010f5e                z_do_kernel_oops
 .text.z_arm_nmi
                0x0000000000010f66        0xe zephyr/arch/arch/arm/core/libarch__arm__core.a(nmi.c.obj)
                0x0000000000010f66                z_arm_nmi
 .text.z_log_msg_simple_create_0.constprop.0
                0x0000000000010f74        0x8 zephyr/arch/arch/arm/core/cortex_m/libarch__arm__core__cortex_m.a(fault.c.obj)
 .text.z_arm_save_fp_context
                0x0000000000010f7c        0x2 zephyr/arch/arch/arm/core/cortex_m/libarch__arm__core__cortex_m.a(fpu.c.obj)
                0x0000000000010f7c                z_arm_save_fp_context
 .text.z_arm_restore_fp_context
                0x0000000000010f7e        0x2 zephyr/arch/arch/arm/core/cortex_m/libarch__arm__core__cortex_m.a(fpu.c.obj)
                0x0000000000010f7e                z_arm_restore_fp_context
 .text.z_irq_spurious
                0x0000000000010f80        0x8 zephyr/arch/arch/arm/core/cortex_m/libarch__arm__core__cortex_m.a(irq_manage.c.obj)
                0x0000000000010f80                z_irq_spurious
 .text.configure_builtin_stack_guard
                0x0000000000010f88        0x8 zephyr/arch/arch/arm/core/cortex_m/libarch__arm__core__cortex_m.a(thread.c.obj)
                0x0000000000010f88                configure_builtin_stack_guard
 .text.arch_irq_unlock_outlined
                0x0000000000010f90        0xe zephyr/arch/arch/arm/core/cortex_m/libarch__arm__core__cortex_m.a(thread.c.obj)
                0x0000000000010f90                arch_irq_unlock_outlined
 .text.arch_cpu_idle
                0x0000000000010f9e       0x1a zephyr/arch/arch/arm/core/cortex_m/libarch__arm__core__cortex_m.a(cpu_idle.c.obj)
                0x0000000000010f9e                arch_cpu_idle
 .text.arch_cpu_atomic_idle
                0x0000000000010fb8       0x1e zephyr/arch/arch/arm/core/cortex_m/libarch__arm__core__cortex_m.a(cpu_idle.c.obj)
                0x0000000000010fb8                arch_cpu_atomic_idle
 .text.arm_cmse_mpu_region_get
                0x0000000000010fd6       0x12 zephyr/arch/arch/arm/core/cortex_m/cmse/libarch__arm__core__cortex_m__cmse.a(arm_core_cmse.c.obj)
                0x0000000000010fd6                arm_cmse_mpu_region_get
 .text.mpu_configure_region
                0x0000000000010fe8       0x32 zephyr/arch/arch/arm/core/mpu/libarch__arm__core__mpu.a(arm_mpu.c.obj)
 .text.cbputc   0x000000000001101a        0xc zephyr/lib/libc/picolibc/liblib__libc__picolibc.a(libc-hooks.c.obj)
 .text.picolibc_put
                0x0000000000011026        0xa zephyr/lib/libc/picolibc/liblib__libc__picolibc.a(libc-hooks.c.obj)
 .text.get_status
                0x0000000000011030       0x12 zephyr/drivers/clock_control/libdrivers__clock_control.a(clock_control_nrf.c.obj)
 .text.stop     0x0000000000011042       0x50 zephyr/drivers/clock_control/libdrivers__clock_control.a(clock_control_nrf.c.obj)
 .text.api_stop
                0x0000000000011092        0x6 zephyr/drivers/clock_control/libdrivers__clock_control.a(clock_control_nrf.c.obj)
 .text.async_start
                0x0000000000011098       0x5a zephyr/drivers/clock_control/libdrivers__clock_control.a(clock_control_nrf.c.obj)
 .text.api_start
                0x00000000000110f2        0xe zephyr/drivers/clock_control/libdrivers__clock_control.a(clock_control_nrf.c.obj)
 .text.onoff_started_callback
                0x0000000000011100       0x12 zephyr/drivers/clock_control/libdrivers__clock_control.a(clock_control_nrf.c.obj)
 .text.lfclk_start
                0x0000000000011112        0x6 zephyr/drivers/clock_control/libdrivers__clock_control.a(clock_control_nrf.c.obj)
 .text.lfclk_stop
                0x0000000000011118        0x6 zephyr/drivers/clock_control/libdrivers__clock_control.a(clock_control_nrf.c.obj)
 .text.blocking_start_callback
                0x000000000001111e        0x6 zephyr/drivers/clock_control/libdrivers__clock_control.a(clock_control_nrf.c.obj)
 .text.gpio_nrfx_port_get_raw
                0x0000000000011124        0xc zephyr/drivers/gpio/libdrivers__gpio.a(gpio_nrfx.c.obj)
 .text.gpio_nrfx_port_set_masked_raw
                0x0000000000011130       0x14 zephyr/drivers/gpio/libdrivers__gpio.a(gpio_nrfx.c.obj)
 .text.gpio_nrfx_port_set_bits_raw
                0x0000000000011144        0xa zephyr/drivers/gpio/libdrivers__gpio.a(gpio_nrfx.c.obj)
 .text.gpio_nrfx_port_clear_bits_raw
                0x000000000001114e        0xa zephyr/drivers/gpio/libdrivers__gpio.a(gpio_nrfx.c.obj)
 .text.gpio_nrfx_port_toggle_bits
                0x0000000000011158       0x14 zephyr/drivers/gpio/libdrivers__gpio.a(gpio_nrfx.c.obj)
 .text.gpio_nrfx_manage_callback
                0x000000000001116c       0x52 zephyr/drivers/gpio/libdrivers__gpio.a(gpio_nrfx.c.obj)
 .text.irq_connect2
                0x00000000000111be        0xa zephyr/drivers/i2c/libdrivers__i2c.a(i2c_nrfx_twim.c.obj)
 .text.pinctrl_apply_state.constprop.0
                0x00000000000111c8       0x20 zephyr/drivers/i2c/libdrivers__i2c.a(i2c_nrfx_twim.c.obj)
 .text.pinctrl_lookup_state
                0x00000000000111e8       0x26 zephyr/drivers/pinctrl/libdrivers__pinctrl.a(common.c.obj)
                0x00000000000111e8                pinctrl_lookup_state
 .text.uarte_nrfx_err_check
                0x000000000001120e        0xe zephyr/drivers/serial/libdrivers__serial.a(uart_nrfx_uarte.c.obj)
 .text.uarte_nrfx_poll_in
                0x000000000001121c       0x28 zephyr/drivers/serial/libdrivers__serial.a(uart_nrfx_uarte.c.obj)
 .text.is_tx_ready.isra.0
                0x0000000000011244       0x20 zephyr/drivers/serial/libdrivers__serial.a(uart_nrfx_uarte.c.obj)
 .text.uarte_nrfx_isr_int
                0x0000000000011264       0x6e zephyr/drivers/serial/libdrivers__serial.a(uart_nrfx_uarte.c.obj)
 .text.event_clear
                0x00000000000112d2       0x18 zephyr/drivers/timer/libdrivers__timer.a(nrf_rtc_timer.c.obj)
 .text.sys_clock_cycle_get_32
                0x00000000000112ea        0x8 zephyr/drivers/timer/libdrivers__timer.a(nrf_rtc_timer.c.obj)
                0x00000000000112ea                sys_clock_cycle_get_32
 .text.nrf_modem_os_busywait
                0x00000000000112f2        0x4 modules/nrf/lib/nrf_modem_lib/lib..__nrf__lib__nrf_modem_lib.a(nrf_modem_os.c.obj)
                0x00000000000112f2                nrf_modem_os_busywait
 .text.nrf_modem_os_is_in_isr
                0x00000000000112f6        0x4 modules/nrf/lib/nrf_modem_lib/lib..__nrf__lib__nrf_modem_lib.a(nrf_modem_os.c.obj)
                0x00000000000112f6                nrf_modem_os_is_in_isr
 .text.nrf_modem_os_sem_give
                0x00000000000112fa        0x4 modules/nrf/lib/nrf_modem_lib/lib..__nrf__lib__nrf_modem_lib.a(nrf_modem_os.c.obj)
                0x00000000000112fa                nrf_modem_os_sem_give
 .text.nrf_modem_os_sem_take
                0x00000000000112fe       0x40 modules/nrf/lib/nrf_modem_lib/lib..__nrf__lib__nrf_modem_lib.a(nrf_modem_os.c.obj)
                0x00000000000112fe                nrf_modem_os_sem_take
 .text.nrf_modem_os_mutex_unlock
                0x000000000001133e        0x4 modules/nrf/lib/nrf_modem_lib/lib..__nrf__lib__nrf_modem_lib.a(nrf_modem_os.c.obj)
                0x000000000001133e                nrf_modem_os_mutex_unlock
 .text.nrf_modem_os_mutex_lock
                0x0000000000011342       0x40 modules/nrf/lib/nrf_modem_lib/lib..__nrf__lib__nrf_modem_lib.a(nrf_modem_os.c.obj)
                0x0000000000011342                nrf_modem_os_mutex_lock
 .text.set_antenna_configuration
                0x0000000000011382        0xa modules/nrf/lib/modem_antenna/lib..__nrf__lib__modem_antenna.a(modem_antenna.c.obj)
                0x0000000000011382                set_antenna_configuration
 .text.z_log_msg_simple_create_0.constprop.0
                0x000000000001138c        0x8 modules/nrf/modules/trusted-firmware-m/lib..__nrf__modules__trusted-firmware-m.a(fault.c.obj)
 .text.tfm_platform_ns_fault_set_handler
                0x0000000000011394       0x4e modules/nrf/modules/trusted-firmware-m/libtfm_api_nrf.a(tfm_ioctl_ns_api.c.obj)
                0x0000000000011394                tfm_platform_ns_fault_set_handler
 .text.ns_interface_init
                0x00000000000113e2        0x4 modules/trusted-firmware-m/libtfm_api.a(interface.c.obj)
 .text.SystemInit
                0x00000000000113e6        0x2 modules/hal_nordic/nrfx/libmodules__hal_nordic__nrfx.a(system_nrf91.c.obj)
                0x00000000000113e6                SystemInit
 .text.nrfx_isr
                0x00000000000113e8        0x2 modules/hal_nordic/nrfx/libmodules__hal_nordic__nrfx.a(nrfx_glue.c.obj)
                0x00000000000113e8                nrfx_isr
 .text.nrfx_busy_wait
                0x00000000000113ea        0x4 modules/hal_nordic/nrfx/libmodules__hal_nordic__nrfx.a(nrfx_glue.c.obj)
                0x00000000000113ea                nrfx_busy_wait
 .text.nrfx_gppi_channel_endpoints_setup
                0x00000000000113ee        0xe modules/hal_nordic/nrfx/libmodules__hal_nordic__nrfx.a(nrfx_gppi_dppi.c.obj)
                0x00000000000113ee                nrfx_gppi_channel_endpoints_setup
 .text.nrfx_clock_stop
                0x00000000000113fc        0x4 modules/hal_nordic/nrfx/libmodules__hal_nordic__nrfx.a(nrfx_clock.c.obj)
                0x00000000000113fc                nrfx_clock_stop
 .text.nrf_gpio_reconfigure
                0x0000000000011400       0x92 modules/hal_nordic/nrfx/libmodules__hal_nordic__nrfx.a(nrfx_gpiote.c.obj)
 .text.nrf_gpio_cfg_sense_set
                0x0000000000011492       0x1e modules/hal_nordic/nrfx/libmodules__hal_nordic__nrfx.a(nrfx_gpiote.c.obj)
 .text.call_handler
                0x00000000000114b0       0x3a modules/hal_nordic/nrfx/libmodules__hal_nordic__nrfx.a(nrfx_gpiote.c.obj)
 .text.pin_trigger_disable
                0x00000000000114ea       0x4e modules/hal_nordic/nrfx/libmodules__hal_nordic__nrfx.a(nrfx_gpiote.c.obj)
 .text.nrfx_gpiote_pin_uninit
                0x0000000000011538        0x4 modules/hal_nordic/nrfx/libmodules__hal_nordic__nrfx.a(nrfx_gpiote.c.obj)
                0x0000000000011538                nrfx_gpiote_pin_uninit
 .text.nrfx_gpiote_trigger_disable
                0x000000000001153c        0x4 modules/hal_nordic/nrfx/libmodules__hal_nordic__nrfx.a(nrfx_gpiote.c.obj)
                0x000000000001153c                nrfx_gpiote_trigger_disable
 .text.xfer_completeness_check
                0x0000000000011540       0x62 modules/hal_nordic/nrfx/libmodules__hal_nordic__nrfx.a(nrfx_twim.c.obj)
 .text.__nrfy_internal_twim_event_handle.isra.0
                0x00000000000115a2       0x22 modules/hal_nordic/nrfx/libmodules__hal_nordic__nrfx.a(nrfx_twim.c.obj)
 .text.__nrfy_internal_twim_events_process.constprop.0
                0x00000000000115c4       0x54 modules/hal_nordic/nrfx/libmodules__hal_nordic__nrfx.a(nrfx_twim.c.obj)
 .text.nrf_gpio_pin_set
                0x0000000000011618       0x18 modules/hal_nordic/nrfx/libmodules__hal_nordic__nrfx.a(nrfx_twi_twim.c.obj)
 .text.rpc_handle_ctrl_message
                0x0000000000011630       0x18 C:/ncs/v2.7.0/nrfxlib/nrf_modem/lib/cellular/nrf9160/soft-float/libmodem.a(rpc_framework.c.obj)
                0x0000000000011630                rpc_handle_ctrl_message
 .text.rpc_list_preambles_init
                0x0000000000011648       0x20 C:/ncs/v2.7.0/nrfxlib/nrf_modem/lib/cellular/nrf9160/soft-float/libmodem.a(rpc_transport_ipc.c.obj)
 .text.rpc_transport_ipc_data_rx_resume
                0x0000000000011668        0x6 C:/ncs/v2.7.0/nrfxlib/nrf_modem/lib/cellular/nrf9160/soft-float/libmodem.a(rpc_transport_ipc.c.obj)
 .text.rpc_transport_ipc_data_rx_suspend
                0x000000000001166e        0x6 C:/ncs/v2.7.0/nrfxlib/nrf_modem/lib/cellular/nrf9160/soft-float/libmodem.a(rpc_transport_ipc.c.obj)
 .text.rpc_transport_ipc_shutdown
                0x0000000000011674        0xe C:/ncs/v2.7.0/nrfxlib/nrf_modem/lib/cellular/nrf9160/soft-float/libmodem.a(rpc_transport_ipc.c.obj)
 .text.rpc_transport_ipc_msg_alloc
                0x0000000000011682       0x4a C:/ncs/v2.7.0/nrfxlib/nrf_modem/lib/cellular/nrf9160/soft-float/libmodem.a(rpc_transport_ipc.c.obj)
 .text.rpc_client_msg_from_rpc_msg_get
                0x00000000000116cc        0x4 C:/ncs/v2.7.0/nrfxlib/nrf_modem/lib/cellular/nrf9160/soft-float/libmodem.a(rpc_client.c.obj)
                0x00000000000116cc                rpc_client_msg_from_rpc_msg_get
 .text.rpc_client_msg_alloc
                0x00000000000116d0       0x38 C:/ncs/v2.7.0/nrfxlib/nrf_modem/lib/cellular/nrf9160/soft-float/libmodem.a(rpc_client.c.obj)
                0x00000000000116d0                rpc_client_msg_alloc
 .text.rpc_client_msg_send
                0x0000000000011708        0xe C:/ncs/v2.7.0/nrfxlib/nrf_modem/lib/cellular/nrf9160/soft-float/libmodem.a(rpc_client.c.obj)
                0x0000000000011708                rpc_client_msg_send
 .text.rpc_client_msg_data_rx_free
                0x0000000000011716        0x4 C:/ncs/v2.7.0/nrfxlib/nrf_modem/lib/cellular/nrf9160/soft-float/libmodem.a(rpc_client.c.obj)
                0x0000000000011716                rpc_client_msg_data_rx_free
 .text.rpc_client_msg_data_tx_alloc
                0x000000000001171a        0x4 C:/ncs/v2.7.0/nrfxlib/nrf_modem/lib/cellular/nrf9160/soft-float/libmodem.a(rpc_client.c.obj)
                0x000000000001171a                rpc_client_msg_data_tx_alloc
 .text.rpc_client_msg_data_tx_free
                0x000000000001171e       0x10 C:/ncs/v2.7.0/nrfxlib/nrf_modem/lib/cellular/nrf9160/soft-float/libmodem.a(rpc_client.c.obj)
                0x000000000001171e                rpc_client_msg_data_tx_free
 .text.sockaddr_init
                0x000000000001172e       0x62 C:/ncs/v2.7.0/nrfxlib/nrf_modem/lib/cellular/nrf9160/soft-float/libmodem.a(addr.c.obj)
                0x000000000001172e                sockaddr_init
 .text.sock_pollcb
                0x0000000000011790       0x30 C:/ncs/v2.7.0/nrfxlib/nrf_modem/lib/cellular/nrf9160/soft-float/libmodem.a(sock.c.obj)
                0x0000000000011790                sock_pollcb
 .text.sock_pkt_append
                0x00000000000117c0       0x14 C:/ncs/v2.7.0/nrfxlib/nrf_modem/lib/cellular/nrf9160/soft-float/libmodem.a(sock.c.obj)
                0x00000000000117c0                sock_pkt_append
 .text.sock_is_stream
                0x00000000000117d4        0xa C:/ncs/v2.7.0/nrfxlib/nrf_modem/lib/cellular/nrf9160/soft-float/libmodem.a(sock.c.obj)
                0x00000000000117d4                sock_is_stream
 .text.sock_is_datagram
                0x00000000000117de        0xa C:/ncs/v2.7.0/nrfxlib/nrf_modem/lib/cellular/nrf9160/soft-float/libmodem.a(sock.c.obj)
                0x00000000000117de                sock_is_datagram
 .text.sock_proto_is_secure
                0x00000000000117e8       0x18 C:/ncs/v2.7.0/nrfxlib/nrf_modem/lib/cellular/nrf9160/soft-float/libmodem.a(sock.c.obj)
                0x00000000000117e8                sock_proto_is_secure
 .text.sock_is_attaching
                0x0000000000011800        0xa C:/ncs/v2.7.0/nrfxlib/nrf_modem/lib/cellular/nrf9160/soft-float/libmodem.a(sock.c.obj)
                0x0000000000011800                sock_is_attaching
 .text.sock_is_nonblock
                0x000000000001180a        0x8 C:/ncs/v2.7.0/nrfxlib/nrf_modem/lib/cellular/nrf9160/soft-float/libmodem.a(sock.c.obj)
                0x000000000001180a                sock_is_nonblock
 .text.sock_is_closed
                0x0000000000011812        0xa C:/ncs/v2.7.0/nrfxlib/nrf_modem/lib/cellular/nrf9160/soft-float/libmodem.a(sock.c.obj)
                0x0000000000011812                sock_is_closed
 .text.sock_is_eof
                0x000000000001181c       0x16 C:/ncs/v2.7.0/nrfxlib/nrf_modem/lib/cellular/nrf9160/soft-float/libmodem.a(sock.c.obj)
                0x000000000001181c                sock_is_eof
 .text.sock_has_stream_error
                0x0000000000011832        0x8 C:/ncs/v2.7.0/nrfxlib/nrf_modem/lib/cellular/nrf9160/soft-float/libmodem.a(sock.c.obj)
                0x0000000000011832                sock_has_stream_error
 .text.sock_has_error
                0x000000000001183a        0xe C:/ncs/v2.7.0/nrfxlib/nrf_modem/lib/cellular/nrf9160/soft-float/libmodem.a(sock.c.obj)
                0x000000000001183a                sock_has_error
 .text.sock_has_pollcb
                0x0000000000011848        0xa C:/ncs/v2.7.0/nrfxlib/nrf_modem/lib/cellular/nrf9160/soft-float/libmodem.a(sock.c.obj)
                0x0000000000011848                sock_has_pollcb
 .text.sock_can_read
                0x0000000000011852        0xa C:/ncs/v2.7.0/nrfxlib/nrf_modem/lib/cellular/nrf9160/soft-float/libmodem.a(sock.c.obj)
                0x0000000000011852                sock_can_read
 .text.sock_can_accept
                0x000000000001185c        0xc C:/ncs/v2.7.0/nrfxlib/nrf_modem/lib/cellular/nrf9160/soft-float/libmodem.a(sock.c.obj)
                0x000000000001185c                sock_can_accept
 .text.sock_can_send
                0x0000000000011868       0x48 C:/ncs/v2.7.0/nrfxlib/nrf_modem/lib/cellular/nrf9160/soft-float/libmodem.a(sock.c.obj)
                0x0000000000011868                sock_can_send
 .text.sock_apn_rate_control_set
                0x00000000000118b0       0x18 C:/ncs/v2.7.0/nrfxlib/nrf_modem/lib/cellular/nrf9160/soft-float/libmodem.a(sock.c.obj)
                0x00000000000118b0                sock_apn_rate_control_set
 .text.sock_pdn_status_set
                0x00000000000118c8       0x18 C:/ncs/v2.7.0/nrfxlib/nrf_modem/lib/cellular/nrf9160/soft-float/libmodem.a(sock.c.obj)
                0x00000000000118c8                sock_pdn_status_set
 .text.pkt_free
                0x00000000000118e0       0x1c C:/ncs/v2.7.0/nrfxlib/nrf_modem/lib/cellular/nrf9160/soft-float/libmodem.a(packet.c.obj)
                0x00000000000118e0                pkt_free
 .text.pkt_flush
                0x00000000000118fc       0x1c C:/ncs/v2.7.0/nrfxlib/nrf_modem/lib/cellular/nrf9160/soft-float/libmodem.a(packet.c.obj)
                0x00000000000118fc                pkt_flush
 .text.on_conf_dnssrv_res
                0x0000000000011918        0x4 C:/ncs/v2.7.0/nrfxlib/nrf_modem/lib/cellular/nrf9160/soft-float/libmodem.a(dns.c.obj)
                0x0000000000011918                on_conf_dnssrv_res
 .text.on_getifaddrs_res
                0x000000000001191c       0x1a C:/ncs/v2.7.0/nrfxlib/nrf_modem/lib/cellular/nrf9160/soft-float/libmodem.a(ifaddrs.c.obj)
                0x000000000001191c                on_getifaddrs_res
 .text.nrf_poll_one
                0x0000000000011936       0x92 C:/ncs/v2.7.0/nrfxlib/nrf_modem/lib/cellular/nrf9160/soft-float/libmodem.a(poll.c.obj)
                0x0000000000011936                nrf_poll_one
 .text.res_cookie_get
                0x00000000000119c8        0x4 C:/ncs/v2.7.0/nrfxlib/nrf_modem/lib/cellular/nrf9160/soft-float/libmodem.a(reqres.c.obj)
                0x00000000000119c8                res_cookie_get
 .text.res_forward
                0x00000000000119cc        0x8 C:/ncs/v2.7.0/nrfxlib/nrf_modem/lib/cellular/nrf9160/soft-float/libmodem.a(reqres.c.obj)
                0x00000000000119cc                res_forward
 .text.rpc_dfu_event_handler
                0x00000000000119d4       0x54 C:/ncs/v2.7.0/nrfxlib/nrf_modem/lib/cellular/nrf9160/soft-float/libmodem.a(nrf_modem_delta_dfu.c.obj)
                0x00000000000119d4                rpc_dfu_event_handler
 .text.delta_dfu_res_cookie_get
                0x0000000000011a28        0x4 C:/ncs/v2.7.0/nrfxlib/nrf_modem/lib/cellular/nrf9160/soft-float/libmodem.a(delta_dfu_reqres.c.obj)
                0x0000000000011a28                delta_dfu_res_cookie_get
 .text.delta_dfu_res_forward
                0x0000000000011a2c        0x8 C:/ncs/v2.7.0/nrfxlib/nrf_modem/lib/cellular/nrf9160/soft-float/libmodem.a(delta_dfu_reqres.c.obj)
                0x0000000000011a2c                delta_dfu_res_forward
 .text.nrf_modem_is_initialized
                0x0000000000011a34        0x4 C:/ncs/v2.7.0/nrfxlib/nrf_modem/lib/cellular/nrf9160/soft-float/libmodem.a(nrf_modem.c.obj)
                0x0000000000011a34                nrf_modem_is_initialized
 .text.z_impl_k_busy_wait
                0x0000000000011a38        0x8 zephyr/kernel/libkernel.a(busy_wait.c.obj)
                0x0000000000011a38                z_impl_k_busy_wait
 .text.z_device_state_init
                0x0000000000011a40        0x2 zephyr/kernel/libkernel.a(device.c.obj)
                0x0000000000011a40                z_device_state_init
 .text.z_device_is_ready
                0x0000000000011a42       0x16 zephyr/kernel/libkernel.a(device.c.obj)
                0x0000000000011a42                z_device_is_ready
 .text.arch_system_halt
                0x0000000000011a58       0x10 zephyr/kernel/libkernel.a(fatal.c.obj)
                0x0000000000011a58                arch_system_halt
 .text.do_device_init
                0x0000000000011a68       0x30 zephyr/kernel/libkernel.a(init.c.obj)
 .text.z_early_memset
                0x0000000000011a98        0x4 zephyr/kernel/libkernel.a(init.c.obj)
                0x0000000000011a98                z_early_memset
 .text.z_early_memcpy
                0x0000000000011a9c        0x4 zephyr/kernel/libkernel.a(init.c.obj)
                0x0000000000011a9c                z_early_memcpy
 .text.k_heap_init
                0x0000000000011aa0       0x10 zephyr/kernel/libkernel.a(kheap.c.obj)
                0x0000000000011aa0                k_heap_init
 .text.k_heap_aligned_alloc
                0x0000000000011ab0       0x82 zephyr/kernel/libkernel.a(kheap.c.obj)
                0x0000000000011ab0                k_heap_aligned_alloc
 .text.k_heap_alloc
                0x0000000000011b32       0x14 zephyr/kernel/libkernel.a(kheap.c.obj)
                0x0000000000011b32                k_heap_alloc
 .text.k_heap_free
                0x0000000000011b46       0x38 zephyr/kernel/libkernel.a(kheap.c.obj)
                0x0000000000011b46                k_heap_free
 .text.idle     0x0000000000011b7e       0x16 zephyr/kernel/libkernel.a(idle.c.obj)
                0x0000000000011b7e                idle
 .text.adjust_owner_prio.isra.0
                0x0000000000011b94       0x10 zephyr/kernel/libkernel.a(mutex.c.obj)
 .text.z_impl_k_sem_init
                0x0000000000011ba4       0x18 zephyr/kernel/libkernel.a(sem.c.obj)
                0x0000000000011ba4                z_impl_k_sem_init
 .text.k_is_in_isr
                0x0000000000011bbc        0xc zephyr/kernel/libkernel.a(thread.c.obj)
                0x0000000000011bbc                k_is_in_isr
 .text.z_impl_k_thread_name_set
                0x0000000000011bc8        0x6 zephyr/kernel/libkernel.a(thread.c.obj)
                0x0000000000011bc8                z_impl_k_thread_name_set
 .text.k_thread_name_get
                0x0000000000011bce        0x4 zephyr/kernel/libkernel.a(thread.c.obj)
                0x0000000000011bce                k_thread_name_get
 .text.z_impl_k_thread_start
                0x0000000000011bd2        0x4 zephyr/kernel/libkernel.a(thread.c.obj)
                0x0000000000011bd2                z_impl_k_thread_start
 .text.sys_dlist_remove
                0x0000000000011bd6       0x10 zephyr/kernel/libkernel.a(sched.c.obj)
 .text.unpend_thread_no_timeout
                0x0000000000011be6       0x14 zephyr/kernel/libkernel.a(sched.c.obj)
 .text.add_to_waitq_locked
                0x0000000000011bfa       0x50 zephyr/kernel/libkernel.a(sched.c.obj)
 .text.z_ready_thread
                0x0000000000011c4a       0x1e zephyr/kernel/libkernel.a(sched.c.obj)
                0x0000000000011c4a                z_ready_thread
 .text.z_impl_k_thread_suspend
                0x0000000000011c68       0x34 zephyr/kernel/libkernel.a(sched.c.obj)
                0x0000000000011c68                z_impl_k_thread_suspend
 .text.z_unpend_thread_no_timeout
                0x0000000000011c9c       0x22 zephyr/kernel/libkernel.a(sched.c.obj)
                0x0000000000011c9c                z_unpend_thread_no_timeout
 .text.z_sched_wake_thread
                0x0000000000011cbe       0x42 zephyr/kernel/libkernel.a(sched.c.obj)
                0x0000000000011cbe                z_sched_wake_thread
 .text.z_thread_timeout
                0x0000000000011d00        0x8 zephyr/kernel/libkernel.a(sched.c.obj)
                0x0000000000011d00                z_thread_timeout
 .text.z_unpend1_no_timeout
                0x0000000000011d08       0x2c zephyr/kernel/libkernel.a(sched.c.obj)
                0x0000000000011d08                z_unpend1_no_timeout
 .text.z_unpend_first_thread
                0x0000000000011d34       0x36 zephyr/kernel/libkernel.a(sched.c.obj)
                0x0000000000011d34                z_unpend_first_thread
 .text.z_unpend_thread
                0x0000000000011d6a       0x2e zephyr/kernel/libkernel.a(sched.c.obj)
                0x0000000000011d6a                z_unpend_thread
 .text.z_unpend_all
                0x0000000000011d98       0x20 zephyr/kernel/libkernel.a(sched.c.obj)
                0x0000000000011d98                z_unpend_all
 .text.z_thread_abort
                0x0000000000011db8       0x44 zephyr/kernel/libkernel.a(sched.c.obj)
                0x0000000000011db8                z_thread_abort
 .text.z_abort_timeout
                0x0000000000011dfc       0x2a zephyr/kernel/libkernel.a(timeout.c.obj)
                0x0000000000011dfc                z_abort_timeout
 .text.sys_clock_tick_get_32
                0x0000000000011e26        0x8 zephyr/kernel/libkernel.a(timeout.c.obj)