Archive member included to satisfy reference by file (symbol)

app/libapp.a(shmem.c.obj)     (--whole-archive)
app/libapp.a(main.c.obj)      (--whole-archive)
zephyr/libzephyr.a(heap.c.obj)
                              (--whole-archive)
zephyr/libzephyr.a(cbprintf_packaged.c.obj)
                              (--whole-archive)
zephyr/libzephyr.a(printk.c.obj)
                              (--whole-archive)
zephyr/libzephyr.a(sem.c.obj)
                              (--whole-archive)
zephyr/libzephyr.a(thread_entry.c.obj)
                              (--whole-archive)
zephyr/libzephyr.a(cbprintf_complete.c.obj)
                              (--whole-archive)
zephyr/libzephyr.a(assert.c.obj)
                              (--whole-archive)
zephyr/libzephyr.a(mpsc_pbuf.c.obj)
                              (--whole-archive)
zephyr/libzephyr.a(dec.c.obj)
                              (--whole-archive)
zephyr/libzephyr.a(hex.c.obj)
                              (--whole-archive)
zephyr/libzephyr.a(rb.c.obj)  (--whole-archive)
zephyr/libzephyr.a(timeutil.c.obj)
                              (--whole-archive)
zephyr/libzephyr.a(bitarray.c.obj)
                              (--whole-archive)
zephyr/libzephyr.a(onoff.c.obj)
                              (--whole-archive)
zephyr/libzephyr.a(notify.c.obj)
                              (--whole-archive)
zephyr/libzephyr.a(configs.c.obj)
                              (--whole-archive)
zephyr/libzephyr.a(log_core.c.obj)
                              (--whole-archive)
zephyr/libzephyr.a(log_mgmt.c.obj)
                              (--whole-archive)
zephyr/libzephyr.a(log_cache.c.obj)
                              (--whole-archive)
zephyr/libzephyr.a(log_msg.c.obj)
                              (--whole-archive)
zephyr/libzephyr.a(log_output.c.obj)
                              (--whole-archive)
zephyr/libzephyr.a(log_backend_uart.c.obj)
                              (--whole-archive)
zephyr/libzephyr.a(mem_attr.c.obj)
                              (--whole-archive)
zephyr/libzephyr.a(tracing_none.c.obj)
                              (--whole-archive)
zephyr/libzephyr.a(banner.c.obj)
                              (--whole-archive)
zephyr/libzephyr.a(flash_map_partition_manager.c.obj)
                              (--whole-archive)
zephyr/arch/common/libarch__common.a(sw_isr_common.c.obj)
                              (--whole-archive)
zephyr/arch/arch/arm/core/libarch__arm__core.a(fatal.c.obj)
                              (--whole-archive)
zephyr/arch/arch/arm/core/libarch__arm__core.a(nmi.c.obj)
                              (--whole-archive)
zephyr/arch/arch/arm/core/libarch__arm__core.a(nmi_on_reset.S.obj)
                              (--whole-archive)
zephyr/arch/arch/arm/core/libarch__arm__core.a(tls.c.obj)
                              (--whole-archive)
zephyr/arch/arch/arm/core/cortex_m/libarch__arm__core__cortex_m.a(exc_exit.c.obj)
                              (--whole-archive)
zephyr/arch/arch/arm/core/cortex_m/libarch__arm__core__cortex_m.a(fault.c.obj)
                              (--whole-archive)
zephyr/arch/arch/arm/core/cortex_m/libarch__arm__core__cortex_m.a(fault_s.S.obj)
                              (--whole-archive)
zephyr/arch/arch/arm/core/cortex_m/libarch__arm__core__cortex_m.a(fpu.c.obj)
                              (--whole-archive)
zephyr/arch/arch/arm/core/cortex_m/libarch__arm__core__cortex_m.a(reset.S.obj)
                              (--whole-archive)
zephyr/arch/arch/arm/core/cortex_m/libarch__arm__core__cortex_m.a(scb.c.obj)
                              (--whole-archive)
zephyr/arch/arch/arm/core/cortex_m/libarch__arm__core__cortex_m.a(thread_abort.c.obj)
                              (--whole-archive)
zephyr/arch/arch/arm/core/cortex_m/libarch__arm__core__cortex_m.a(vector_table.S.obj)
                              (--whole-archive)
zephyr/arch/arch/arm/core/cortex_m/libarch__arm__core__cortex_m.a(swap.c.obj)
                              (--whole-archive)
zephyr/arch/arch/arm/core/cortex_m/libarch__arm__core__cortex_m.a(swap_helper.S.obj)
                              (--whole-archive)
zephyr/arch/arch/arm/core/cortex_m/libarch__arm__core__cortex_m.a(irq_manage.c.obj)
                              (--whole-archive)
zephyr/arch/arch/arm/core/cortex_m/libarch__arm__core__cortex_m.a(prep_c.c.obj)
                              (--whole-archive)
zephyr/arch/arch/arm/core/cortex_m/libarch__arm__core__cortex_m.a(thread.c.obj)
                              (--whole-archive)
zephyr/arch/arch/arm/core/cortex_m/libarch__arm__core__cortex_m.a(cpu_idle.c.obj)
                              (--whole-archive)
zephyr/arch/arch/arm/core/cortex_m/libarch__arm__core__cortex_m.a(irq_init.c.obj)
                              (--whole-archive)
zephyr/arch/arch/arm/core/cortex_m/libarch__arm__core__cortex_m.a(isr_wrapper.c.obj)
                              (--whole-archive)
[...]
Memory Configuration

Name             Origin             Length             Attributes
FLASH            0x0000000000008000 0x00000000000f8000 xr
RAM              0x000000002000c568 0x0000000000033a98 xw
IDT_LIST         0x00000000ffff7fff 0x0000000000008000 xw
*default*        0x0000000000000000 0xffffffffffffffff

Linker script and memory map

                0x000000000000f618                vfprintf = __l_vfprintf
                0x0000000000000000                vfscanf = __l_vfscanf
LOAD zephyr/CMakeFiles/zephyr_final.dir/misc/empty_file.c.obj
LOAD zephyr/CMakeFiles/zephyr_final.dir/isr_tables.c.obj
LOAD zephyr/CMakeFiles/offsets.dir/./arch/arm/core/offsets/offsets.c.obj
LOAD tfm/api_ns/interface/lib/s_veneers.o
LOAD app/libapp.a
LOAD zephyr/libzephyr.a
LOAD zephyr/arch/common/libarch__common.a
LOAD zephyr/arch/arch/arm/core/libarch__arm__core.a
LOAD zephyr/arch/arch/arm/core/cortex_m/libarch__arm__core__cortex_m.a
LOAD zephyr/arch/arch/arm/core/cortex_m/cmse/libarch__arm__core__cortex_m__cmse.a
LOAD zephyr/arch/arch/arm/core/mpu/libarch__arm__core__mpu.a
LOAD zephyr/lib/libc/picolibc/liblib__libc__picolibc.a
LOAD zephyr/lib/libc/common/liblib__libc__common.a
LOAD zephyr/soc/soc/nrf9160/libsoc__nordic.a
LOAD zephyr/drivers/clock_control/libdrivers__clock_control.a
LOAD zephyr/drivers/console/libdrivers__console.a
LOAD zephyr/drivers/gpio/libdrivers__gpio.a
LOAD zephyr/drivers/i2c/libdrivers__i2c.a
LOAD zephyr/drivers/pinctrl/libdrivers__pinctrl.a
LOAD zephyr/drivers/serial/libdrivers__serial.a
LOAD zephyr/drivers/timer/libdrivers__timer.a
LOAD modules/nrf/lib/nrf_modem_lib/lib..__nrf__lib__nrf_modem_lib.a
LOAD modules/nrf/lib/modem_antenna/lib..__nrf__lib__modem_antenna.a
LOAD modules/nrf/subsys/nrf_security/src/zephyr/libmbedtls_zephyr.a
LOAD modules/nrf/modules/trusted-firmware-m/lib..__nrf__modules__trusted-firmware-m.a
LOAD modules/nrf/modules/trusted-firmware-m/libtfm_api_nrf.a
LOAD modules/trusted-firmware-m/libtfm_api.a
LOAD modules/hal_nordic/nrfx/libmodules__hal_nordic__nrfx.a
LOAD C:/ncs/v2.7.0/nrfxlib/nrf_modem/lib/cellular/nrf9160/soft-float/libmodem.a
LOAD zephyr/kernel/libkernel.a
LOAD c:/ncs/toolchains/ce3b5ff664/opt/zephyr-sdk/arm-zephyr-eabi/bin/../lib/gcc/arm-zephyr-eabi/12.2.0/thumb/v8-m.main/nofp\libgcc.a
LOAD zephyr/arch/common/libisr_tables.a
LOAD modules/nrf/subsys/nrf_security/src/libmbedcrypto.a
LOAD C:/ncs/v2.7.0/nrfxlib/crypto/nrf_oberon/lib/cortex-m33/soft-float/liboberon_mbedtls_3.0.15.a
LOAD modules/nrf/subsys/nrf_security/src/libmbedcrypto_base.a
LOAD C:/ncs/v2.7.0/nrfxlib/crypto/nrf_oberon/lib/cortex-m33/soft-float/liboberon_3.0.15.a
LOAD c:\ncs\toolchains\ce3b5ff664\opt\zephyr-sdk\arm-zephyr-eabi\bin\../lib/gcc/../../picolibc/arm-zephyr-eabi/lib/thumb/v8-m.main/nofp\libc.a
LOAD c:/ncs/toolchains/ce3b5ff664/opt/zephyr-sdk/arm-zephyr-eabi/bin/../lib/gcc/arm-zephyr-eabi/12.2.0/thumb/v8-m.main/nofp\libgcc.a
                0x0000000000000020                _region_min_align = 0x20

.rel.plt        0x0000000000008000        0x0
 *(SORT_BY_ALIGNMENT(.rel.plt))
                [!provide]                        PROVIDE (__rel_iplt_start = .)
 *(SORT_BY_ALIGNMENT(.rel.iplt))
 .rel.iplt      0x0000000000008000        0x0 zephyr/CMakeFiles/zephyr_final.dir/isr_tables.c.obj
                [!provide]                        PROVIDE (__rel_iplt_end = .)

.rela.plt       0x0000000000000000        0x0
 *(SORT_BY_ALIGNMENT(.rela.plt))
                [!provide]                        PROVIDE (__rela_iplt_start = .)
 *(SORT_BY_ALIGNMENT(.rela.iplt))
                [!provide]                        PROVIDE (__rela_iplt_end = .)

.rel.dyn
 *(SORT_BY_ALIGNMENT(.rel.*))

.rela.dyn
 *(SORT_BY_ALIGNMENT(.rela.*))

/DISCARD/
 *(SORT_BY_ALIGNMENT(.plt))

/DISCARD/
 *(SORT_BY_ALIGNMENT(.iplt))
                0x0000000000008000                __rom_region_start = 0x8000

rom_start       0x0000000000008000      0x144
                0x0000000000008000                __rom_start_address = .
 FILL mask 0x00
                0x0000000000008000                . = (. + (0x0 - (. - __rom_start_address)))
                0x0000000000008000                . = ALIGN (0x4)
                0x0000000000008000                . = ALIGN (0x80)
                0x0000000000008000                . = ALIGN (0x200)
                0x0000000000008000                _vector_start = .
 *(SORT_BY_ALIGNMENT(.exc_vector_table))
 *(SORT_BY_ALIGNMENT(.exc_vector_table.*))
 .exc_vector_table._vector_table_section
                0x0000000000008000       0x40 zephyr/arch/arch/arm/core/cortex_m/libarch__arm__core__cortex_m.a(vector_table.S.obj)
                0x0000000000008000                _vector_table
 *(SORT_BY_ALIGNMENT(.vectors))
                0x0000000000008144                _vector_end = .
                0x0000000000008040                . = ALIGN (0x4)
 *(SORT_BY_ALIGNMENT(.gnu.linkonce.irq_vector_table*))
 .gnu.linkonce.irq_vector_table
                0x0000000000008040      0x104 zephyr/CMakeFiles/zephyr_final.dir/isr_tables.c.obj
                0x0000000000008040                _irq_vector_table
                0x0000000000008144                _vector_end = .

text            0x0000000000008144     0x9a38
                0x0000000000008144                __text_region_start = .
 *(SORT_BY_ALIGNMENT(.text))
 .text          0x0000000000008144       0x30 c:/ncs/toolchains/ce3b5ff664/opt/zephyr-sdk/arm-zephyr-eabi/bin/../lib/gcc/arm-zephyr-eabi/12.2.0/thumb/v8-m.main/nofp\libgcc.a(_aeabi_uldivmod.o)
                0x0000000000008144                __aeabi_uldivmod
 .text          0x0000000000008174        0x4 c:/ncs/toolchains/ce3b5ff664/opt/zephyr-sdk/arm-zephyr-eabi/bin/../lib/gcc/arm-zephyr-eabi/12.2.0/thumb/v8-m.main/nofp\libgcc.a(_dvmd_tls.o)
                0x0000000000008174                __aeabi_idiv0
                0x0000000000008174                __aeabi_ldiv0
 .text          0x0000000000008178      0x29c c:/ncs/toolchains/ce3b5ff664/opt/zephyr-sdk/arm-zephyr-eabi/bin/../lib/gcc/arm-zephyr-eabi/12.2.0/thumb/v8-m.main/nofp\libgcc.a(_udivmoddi4.o)
                0x0000000000008178                __udivmoddi4
 .text          0x0000000000008414       0x10 c:\ncs\toolchains\ce3b5ff664\opt\zephyr-sdk\arm-zephyr-eabi\bin\../lib/gcc/../../picolibc/arm-zephyr-eabi/lib/thumb/v8-m.main/nofp\libc.a(strlen.S.o)
                0x0000000000008414                strlen
 *(SORT_BY_ALIGNMENT(.text.*))
 .text.main     0x0000000000008424       0x7c app/libapp.a(main.c.obj)
                0x0000000000008424                main
 .text.cbvprintf_package
                0x00000000000084a0      0x3a4 zephyr/libzephyr.a(cbprintf_packaged.c.obj)
                0x00000000000084a0                cbvprintf_package
 .text.cbprintf_package_convert
                0x0000000000008844      0x3c0 zephyr/libzephyr.a(cbprintf_packaged.c.obj)
                0x0000000000008844                cbprintf_package_convert
 .text.__printk_hook_install
                0x0000000000008c04        0xc zephyr/libzephyr.a(printk.c.obj)
                0x0000000000008c04                __printk_hook_install
 .text.z_thread_entry
                0x0000000000008c10       0x34 zephyr/libzephyr.a(thread_entry.c.obj)
                0x0000000000008c10                z_thread_entry
 .text.process_event
                0x0000000000008c44      0x21c zephyr/libzephyr.a(onoff.c.obj)
 .text.activate_foreach_backend
                0x0000000000008e60       0x64 zephyr/libzephyr.a(log_core.c.obj)
 .text.enable_logger
                0x0000000000008ec4       0x5c zephyr/libzephyr.a(log_core.c.obj)
 .text.log_process_thread_timer_expiry_fn
                0x0000000000008f20        0xc zephyr/libzephyr.a(log_core.c.obj)
 .text.z_log_init
                0x0000000000008f2c       0x90 zephyr/libzephyr.a(log_core.c.obj)
 .text.log_format_func_t_get
                0x0000000000008fbc        0xc zephyr/libzephyr.a(log_core.c.obj)
                0x0000000000008fbc                log_format_func_t_get
 .text.log_set_timestamp_func
                0x0000000000008fc8       0x20 zephyr/libzephyr.a(log_core.c.obj)
                0x0000000000008fc8                log_set_timestamp_func
 .text.z_log_notify_backend_enabled
                0x0000000000008fe8       0x1c zephyr/libzephyr.a(log_core.c.obj)
                0x0000000000008fe8                z_log_notify_backend_enabled
 .text.z_log_dropped
                0x0000000000009004       0x28 zephyr/libzephyr.a(log_core.c.obj)
                0x0000000000009004                z_log_dropped
 .text.z_log_dropped_read_and_clear
                0x000000000000902c       0x18 zephyr/libzephyr.a(log_core.c.obj)
                0x000000000000902c                z_log_dropped_read_and_clear
 .text.dropped_notify
                0x0000000000009044       0x30 zephyr/libzephyr.a(log_core.c.obj)
                0x0000000000009044                dropped_notify
 .text.z_log_msg_init
                0x0000000000009074       0x20 zephyr/libzephyr.a(log_core.c.obj)
                0x0000000000009074                z_log_msg_init
 .text.log_core_init
                0x0000000000009094       0x34 zephyr/libzephyr.a(log_core.c.obj)
                0x0000000000009094                log_core_init
 .text.z_log_msg_alloc
                0x00000000000090c8       0x10 zephyr/libzephyr.a(log_core.c.obj)
                0x00000000000090c8                z_log_msg_alloc
 .text.z_log_msg_local_claim
                0x00000000000090d8        0xc zephyr/libzephyr.a(log_core.c.obj)
                0x00000000000090d8                z_log_msg_local_claim
 .text.z_log_msg_free
                0x00000000000090e4       0x10 zephyr/libzephyr.a(log_core.c.obj)
                0x00000000000090e4                z_log_msg_free
 .text.z_log_msg_pending
                0x00000000000090f4        0xc zephyr/libzephyr.a(log_core.c.obj)
                0x00000000000090f4                z_log_msg_pending
 .text.z_impl_log_process
                0x0000000000009100       0xb4 zephyr/libzephyr.a(log_core.c.obj)
                0x0000000000009100                z_impl_log_process
 .text.z_impl_log_panic
                0x00000000000091b4       0x44 zephyr/libzephyr.a(log_core.c.obj)
                0x00000000000091b4                z_impl_log_panic
 .text.log_process_thread_func
                0x00000000000091f8       0xa4 zephyr/libzephyr.a(log_core.c.obj)
 .text.z_log_msg_post_finalize
                0x000000000000929c       0x78 zephyr/libzephyr.a(log_core.c.obj)
 .text.z_log_msg_commit
                0x0000000000009314       0x24 zephyr/libzephyr.a(log_core.c.obj)
                0x0000000000009314                z_log_msg_commit
 .text.log_source_name_get
                0x0000000000009338       0x1c zephyr/libzephyr.a(log_mgmt.c.obj)
                0x0000000000009338                log_source_name_get
 .text.log_backend_enable
                0x0000000000009354       0x28 zephyr/libzephyr.a(log_mgmt.c.obj)
                0x0000000000009354                log_backend_enable
 .text.z_impl_z_log_msg_static_create
                0x000000000000937c      0x108 zephyr/libzephyr.a(log_msg.c.obj)
                0x000000000000937c                z_impl_z_log_msg_static_create
 .text.z_log_msg_runtime_vcreate
                0x0000000000009484       0x8c zephyr/libzephyr.a(log_msg.c.obj)
                0x0000000000009484                z_log_msg_runtime_vcreate
 .text.log_msg_get_source_id
                0x0000000000009510       0x18 zephyr/libzephyr.a(log_msg.c.obj)
                0x0000000000009510                log_msg_get_source_id
 .text.print_formatted
                0x0000000000009528       0x24 zephyr/libzephyr.a(log_output.c.obj)
 .text.newline_print
                0x000000000000954c       0x1c zephyr/libzephyr.a(log_output.c.obj)
 .text.log_output_process
                0x0000000000009568      0x2d4 zephyr/libzephyr.a(log_output.c.obj)
                0x0000000000009568                log_output_process
 .text.log_output_dropped_process
                0x000000000000983c       0x58 zephyr/libzephyr.a(log_output.c.obj)
                0x000000000000983c                log_output_dropped_process
 .text.log_output_timestamp_freq_set
                0x0000000000009894       0x2c zephyr/libzephyr.a(log_output.c.obj)
                0x0000000000009894                log_output_timestamp_freq_set
 .text.char_out
                0x00000000000098c0       0x24 zephyr/libzephyr.a(log_backend_uart.c.obj)
 .text.mem_attr_get_regions
                0x00000000000098e4        0xc zephyr/libzephyr.a(mem_attr.c.obj)
                0x00000000000098e4                mem_attr_get_regions
 .text.boot_banner
                0x00000000000098f0       0x1c zephyr/libzephyr.a(banner.c.obj)
                0x00000000000098f0                boot_banner
 .text.z_arm_fatal_error
                0x000000000000990c       0xb8 zephyr/arch/arch/arm/core/libarch__arm__core.a(fatal.c.obj)
                0x000000000000990c                z_arm_fatal_error
 .text.z_SysNmiOnReset
                0x00000000000099c4        0x8 zephyr/arch/arch/arm/core/libarch__arm__core.a(nmi_on_reset.S.obj)
                0x00000000000099c4                z_SysNmiOnReset
 .text.arch_tls_stack_setup
                0x00000000000099cc       0x40 zephyr/arch/arch/arm/core/libarch__arm__core.a(tls.c.obj)
                0x00000000000099cc                arch_tls_stack_setup
 .text._HandlerModeExit
                0x0000000000009a0c       0x28 zephyr/arch/arch/arm/core/cortex_m/libarch__arm__core__cortex_m.a(exc_exit.c.obj)
                0x0000000000009a0c                z_arm_int_exit
                0x0000000000009a0c                z_arm_exc_exit
 .text.mem_manage_fault.constprop.0
                0x0000000000009a34       0xd0 zephyr/arch/arch/arm/core/cortex_m/libarch__arm__core__cortex_m.a(fault.c.obj)
 .text.usage_fault.constprop.0
                0x0000000000009b04       0xbc zephyr/arch/arch/arm/core/cortex_m/libarch__arm__core__cortex_m.a(fault.c.obj)
 .text.bus_fault.constprop.0
                0x0000000000009bc0       0xd0 zephyr/arch/arch/arm/core/cortex_m/libarch__arm__core__cortex_m.a(fault.c.obj)
 .text.z_arm_fault
                0x0000000000009c90      0x1e0 zephyr/arch/arch/arm/core/cortex_m/libarch__arm__core__cortex_m.a(fault.c.obj)
                0x0000000000009c90                z_arm_fault
 .text.z_arm_fault_init
                0x0000000000009e70       0x18 zephyr/arch/arch/arm/core/cortex_m/libarch__arm__core__cortex_m.a(fault.c.obj)
                0x0000000000009e70                z_arm_fault_init
 .text.__fault  0x0000000000009e88       0x14 zephyr/arch/arch/arm/core/cortex_m/libarch__arm__core__cortex_m.a(fault_s.S.obj)
                0x0000000000009e88                z_arm_usage_fault
                0x0000000000009e88                z_arm_mpu_fault
                0x0000000000009e88                z_arm_exc_spurious
                0x0000000000009e88                z_arm_debug_monitor
                0x0000000000009e88                z_arm_hard_fault
                0x0000000000009e88                z_arm_bus_fault
 .text._reset_section
                0x0000000000009e9c       0x60 zephyr/arch/arch/arm/core/cortex_m/libarch__arm__core__cortex_m.a(reset.S.obj)
                0x0000000000009e9c                __start
                0x0000000000009e9c                z_arm_reset
 .text.z_arm_clear_arm_mpu_config
                0x0000000000009efc       0x24 zephyr/arch/arch/arm/core/cortex_m/libarch__arm__core__cortex_m.a(scb.c.obj)
                0x0000000000009efc                z_arm_clear_arm_mpu_config
 .text.z_arm_init_arch_hw_at_boot
                0x0000000000009f20       0x4c zephyr/arch/arch/arm/core/cortex_m/libarch__arm__core__cortex_m.a(scb.c.obj)
                0x0000000000009f20                z_arm_init_arch_hw_at_boot
 .text.z_impl_k_thread_abort
                0x0000000000009f6c       0x2c zephyr/arch/arch/arm/core/cortex_m/libarch__arm__core__cortex_m.a(thread_abort.c.obj)
                0x0000000000009f6c                z_impl_k_thread_abort
 .text.arch_swap
                0x0000000000009f98       0x30 zephyr/arch/arch/arm/core/cortex_m/libarch__arm__core__cortex_m.a(swap.c.obj)
                0x0000000000009f98                arch_swap
 .text.z_arm_pendsv_c
                0x0000000000009fc8       0x50 zephyr/arch/arch/arm/core/cortex_m/libarch__arm__core__cortex_m.a(swap.c.obj)
                0x0000000000009fc8                z_arm_pendsv_c
 .text.z_arm_pendsv
                0x000000000000a018       0x48 zephyr/arch/arch/arm/core/cortex_m/libarch__arm__core__cortex_m.a(swap_helper.S.obj)
                0x000000000000a018                z_arm_pendsv
 .text.z_arm_svc
                0x000000000000a060       0x20 zephyr/arch/arch/arm/core/cortex_m/libarch__arm__core__cortex_m.a(swap_helper.S.obj)
                0x000000000000a060                z_arm_svc
 .text.arch_irq_enable
                0x000000000000a080       0x1c zephyr/arch/arch/arm/core/cortex_m/libarch__arm__core__cortex_m.a(irq_manage.c.obj)
                0x000000000000a080                arch_irq_enable
 .text.arch_irq_disable
                0x000000000000a09c       0x28 zephyr/arch/arch/arm/core/cortex_m/libarch__arm__core__cortex_m.a(irq_manage.c.obj)
                0x000000000000a09c                arch_irq_disable
 .text.arch_irq_is_enabled
                0x000000000000a0c4       0x1c zephyr/arch/arch/arm/core/cortex_m/libarch__arm__core__cortex_m.a(irq_manage.c.obj)
                0x000000000000a0c4                arch_irq_is_enabled
 .text.z_arm_irq_priority_set
                0x000000000000a0e0       0x2c zephyr/arch/arch/arm/core/cortex_m/libarch__arm__core__cortex_m.a(irq_manage.c.obj)
                0x000000000000a0e0                z_arm_irq_priority_set
 .text.z_prep_c
                0x000000000000a10c       0x38 zephyr/arch/arch/arm/core/cortex_m/libarch__arm__core__cortex_m.a(prep_c.c.obj)
                0x000000000000a10c                z_prep_c
 .text.arch_new_thread
                0x000000000000a144       0x3c zephyr/arch/arch/arm/core/cortex_m/libarch__arm__core__cortex_m.a(thread.c.obj)
                0x000000000000a144                arch_new_thread
 .text.arch_switch_to_main_thread
                0x000000000000a180       0x44 zephyr/arch/arch/arm/core/cortex_m/libarch__arm__core__cortex_m.a(thread.c.obj)
                0x000000000000a180                arch_switch_to_main_thread
 .text.z_arm_cpu_idle_init
                0x000000000000a1c4        0xc zephyr/arch/arch/arm/core/cortex_m/libarch__arm__core__cortex_m.a(cpu_idle.c.obj)
                0x000000000000a1c4                z_arm_cpu_idle_init
 .text.z_arm_interrupt_init
                0x000000000000a1d0       0x18 zephyr/arch/arch/arm/core/cortex_m/libarch__arm__core__cortex_m.a(irq_init.c.obj)
                0x000000000000a1d0                z_arm_interrupt_init
 .text._isr_wrapper
                0x000000000000a1e8       0x24 zephyr/arch/arch/arm/core/cortex_m/libarch__arm__core__cortex_m.a(isr_wrapper.c.obj)
                0x000000000000a1e8                _isr_wrapper
 .text.z_arm_configure_static_mpu_regions
                0x000000000000a20c       0x38 zephyr/arch/arch/arm/core/mpu/libarch__arm__core__mpu.a(arm_core_mpu.c.obj)
                0x000000000000a20c                z_arm_configure_static_mpu_regions
 .text.region_init
                0x000000000000a244       0x34 zephyr/arch/arch/arm/core/mpu/libarch__arm__core__mpu.a(arm_mpu.c.obj)
 .text.region_allocate_and_init
                0x000000000000a278       0x38 zephyr/arch/arch/arm/core/mpu/libarch__arm__core__mpu.a(arm_mpu.c.obj)
 .text.mpu_configure_regions_and_partition.constprop.0
                0x000000000000a2b0      0x164 zephyr/arch/arch/arm/core/mpu/libarch__arm__core__mpu.a(arm_mpu.c.obj)
 .text.arm_core_mpu_enable
                0x000000000000a414       0x18 zephyr/arch/arch/arm/core/mpu/libarch__arm__core__mpu.a(arm_mpu.c.obj)
                0x000000000000a414                arm_core_mpu_enable
 .text.arm_core_mpu_disable
                0x000000000000a42c       0x14 zephyr/arch/arch/arm/core/mpu/libarch__arm__core__mpu.a(arm_mpu.c.obj)
                0x000000000000a42c                arm_core_mpu_disable
 .text.arm_core_mpu_configure_static_mpu_regions
                0x000000000000a440       0x14 zephyr/arch/arch/arm/core/mpu/libarch__arm__core__mpu.a(arm_mpu.c.obj)
                0x000000000000a440                arm_core_mpu_configure_static_mpu_regions
 .text.arm_core_mpu_mark_areas_for_dynamic_regions
                0x000000000000a454       0xb8 zephyr/arch/arch/arm/core/mpu/libarch__arm__core__mpu.a(arm_mpu.c.obj)
                0x000000000000a454                arm_core_mpu_mark_areas_for_dynamic_regions
 .text.z_arm_mpu_init
                0x000000000000a50c      0x11c zephyr/arch/arch/arm/core/mpu/libarch__arm__core__mpu.a(arm_mpu.c.obj)
                0x000000000000a50c                z_arm_mpu_init
 .text.z_impl_zephyr_fputc
                0x000000000000a628       0x10 zephyr/lib/libc/picolibc/liblib__libc__picolibc.a(libc-hooks.c.obj)
                0x000000000000a628                z_impl_zephyr_fputc
 .text.__stdout_hook_install
                0x000000000000a638       0x18 zephyr/lib/libc/picolibc/liblib__libc__picolibc.a(libc-hooks.c.obj)
                0x000000000000a638                __stdout_hook_install
 .text.cbvprintf
                0x000000000000a650       0x38 zephyr/lib/libc/picolibc/liblib__libc__picolibc.a(libc-hooks.c.obj)
                0x000000000000a650                cbvprintf
 .text.malloc_prepare
                0x000000000000a688       0x24 zephyr/lib/libc/common/liblib__libc__common.a(malloc.c.obj)
 .text.nordicsemi_nrf91_init
                0x000000000000a6ac       0x10 zephyr/soc/soc/nrf9160/libsoc__nordic.a(soc.c.obj)
 .text.arch_busy_wait
                0x000000000000a6bc       0x14 zephyr/soc/soc/nrf9160/libsoc__nordic.a(soc.c.obj)
                0x000000000000a6bc                arch_busy_wait
 .text.onoff_stop
                0x000000000000a6d0       0x30 zephyr/drivers/clock_control/libdrivers__clock_control.a(clock_control_nrf.c.obj)
 .text.onoff_start
                0x000000000000a700       0x44 zephyr/drivers/clock_control/libdrivers__clock_control.a(clock_control_nrf.c.obj)
 .text.generic_hfclk_stop
                0x000000000000a744       0x34 zephyr/drivers/clock_control/libdrivers__clock_control.a(clock_control_nrf.c.obj)
 .text.clk_init
                0x000000000000a778       0x58 zephyr/drivers/clock_control/libdrivers__clock_control.a(clock_control_nrf.c.obj)
 .text.api_blocking_start
                0x000000000000a7d0       0x34 zephyr/drivers/clock_control/libdrivers__clock_control.a(clock_control_nrf.c.obj)
 .text.clkstarted_handle.constprop.0
                0x000000000000a804       0x4c zephyr/drivers/clock_control/libdrivers__clock_control.a(clock_control_nrf.c.obj)
 .text.generic_hfclk_start
                0x000000000000a850       0x7c zephyr/drivers/clock_control/libdrivers__clock_control.a(clock_control_nrf.c.obj)
 .text.clock_event_handler
                0x000000000000a8cc       0x1c zephyr/drivers/clock_control/libdrivers__clock_control.a(clock_control_nrf.c.obj)
 .text.z_nrf_clock_control_lf_on
                0x000000000000a8e8       0xf4 zephyr/drivers/clock_control/libdrivers__clock_control.a(clock_control_nrf.c.obj)
                0x000000000000a8e8                z_nrf_clock_control_lf_on
 .text.uart_console_init
                0x000000000000a9dc       0x28 zephyr/drivers/console/libdrivers__console.a(uart_console.c.obj)
 .text.console_out
                0x000000000000aa04       0x28 zephyr/drivers/console/libdrivers__console.a(uart_console.c.obj)
 .text.gpio_nrfx_init
                0x000000000000aa2c       0x48 zephyr/drivers/gpio/libdrivers__gpio.a(gpio_nrfx.c.obj)
 .text.nrfx_gpio_handler
                0x000000000000aa74       0x3c zephyr/drivers/gpio/libdrivers__gpio.a(gpio_nrfx.c.obj)
 .text.gpio_nrfx_pin_configure
                0x000000000000aab0      0x180 zephyr/drivers/gpio/libdrivers__gpio.a(gpio_nrfx.c.obj)
 .text.gpio_nrfx_pin_interrupt_configure
                0x000000000000ac30       0xf4 zephyr/drivers/gpio/libdrivers__gpio.a(gpio_nrfx.c.obj)
 .text.i2c_nrfx_twim_configure
                0x000000000000ad24       0x44 zephyr/drivers/i2c/libdrivers__i2c.a(i2c_nrfx_twim.c.obj)
 .text.i2c_nrfx_twim_init
                0x000000000000ad68       0x7c zephyr/drivers/i2c/libdrivers__i2c.a(i2c_nrfx_twim.c.obj)
 .text.i2c_nrfx_twim_recover_bus
                0x000000000000ade4       0x3c zephyr/drivers/i2c/libdrivers__i2c.a(i2c_nrfx_twim.c.obj)
 .text.event_handler
                0x000000000000ae20       0x34 zephyr/drivers/i2c/libdrivers__i2c.a(i2c_nrfx_twim.c.obj)
 .text.i2c_nrfx_twim_transfer
                0x000000000000ae54      0x1d4 zephyr/drivers/i2c/libdrivers__i2c.a(i2c_nrfx_twim.c.obj)
 .text.pinctrl_configure_pins
                0x000000000000b028      0x17c zephyr/drivers/pinctrl/libdrivers__pinctrl.a(pinctrl_nrf.c.obj)
                0x000000000000b028                pinctrl_configure_pins
 .text.uarte_0_init
                0x000000000000b1a4      0x258 zephyr/drivers/serial/libdrivers__serial.a(uart_nrfx_uarte.c.obj)
 .text.uarte_nrfx_poll_out
                0x000000000000b3fc       0xcc zephyr/drivers/serial/libdrivers__serial.a(uart_nrfx_uarte.c.obj)
 .text.compare_int_lock
                0x000000000000b4c8       0x40 zephyr/drivers/timer/libdrivers__timer.a(nrf_rtc_timer.c.obj)
 .text.sys_clock_timeout_handler
                0x000000000000b508       0x48 zephyr/drivers/timer/libdrivers__timer.a(nrf_rtc_timer.c.obj)
 .text.compare_int_unlock
                0x000000000000b550       0x4c zephyr/drivers/timer/libdrivers__timer.a(nrf_rtc_timer.c.obj)
 .text.z_nrf_rtc_timer_read
                0x000000000000b59c       0x44 zephyr/drivers/timer/libdrivers__timer.a(nrf_rtc_timer.c.obj)
                0x000000000000b59c                z_nrf_rtc_timer_read
 .text.compare_set
                0x000000000000b5e0      0x124 zephyr/drivers/timer/libdrivers__timer.a(nrf_rtc_timer.c.obj)
 .text.sys_clock_driver_init
                0x000000000000b704       0x90 zephyr/drivers/timer/libdrivers__timer.a(nrf_rtc_timer.c.obj)
 .text.rtc_nrf_isr
                0x000000000000b794       0xd0 zephyr/drivers/timer/libdrivers__timer.a(nrf_rtc_timer.c.obj)
                0x000000000000b794                rtc_nrf_isr
 .text.sys_clock_set_timeout
                0x000000000000b864       0x5c zephyr/drivers/timer/libdrivers__timer.a(nrf_rtc_timer.c.obj)
                0x000000000000b864                sys_clock_set_timeout
 .text.sys_clock_elapsed
                0x000000000000b8c0       0x14 zephyr/drivers/timer/libdrivers__timer.a(nrf_rtc_timer.c.obj)
                0x000000000000b8c0                sys_clock_elapsed
 .text.thread_monitor_entry_get
                0x000000000000b8d4       0x48 modules/nrf/lib/nrf_modem_lib/lib..__nrf__lib__nrf_modem_lib.a(nrf_modem_os.c.obj)
 .text.on_init  0x000000000000b91c       0x20 modules/nrf/lib/nrf_modem_lib/lib..__nrf__lib__nrf_modem_lib.a(nrf_modem_os.c.obj)
 .text.nrf_modem_os_timedwait
                0x000000000000b93c      0x190 modules/nrf/lib/nrf_modem_lib/lib..__nrf__lib__nrf_modem_lib.a(nrf_modem_os.c.obj)
                0x000000000000b93c                nrf_modem_os_timedwait
 .text.nrf_modem_os_errno_set
                0x000000000000bacc       0x14 modules/nrf/lib/nrf_modem_lib/lib..__nrf__lib__nrf_modem_lib.a(nrf_modem_os.c.obj)
                0x000000000000bacc                nrf_modem_os_errno_set
 .text.nrf_modem_os_sem_init
                0x000000000000bae0       0x40 modules/nrf/lib/nrf_modem_lib/lib..__nrf__lib__nrf_modem_lib.a(nrf_modem_os.c.obj)
                0x000000000000bae0                nrf_modem_os_sem_init
 .text.nrf_modem_os_event_notify
                0x000000000000bb20       0x38 modules/nrf/lib/nrf_modem_lib/lib..__nrf__lib__nrf_modem_lib.a(nrf_modem_os.c.obj)
                0x000000000000bb20                nrf_modem_os_event_notify
 .text.nrf_modem_os_alloc
                0x000000000000bb58       0x10 modules/nrf/lib/nrf_modem_lib/lib..__nrf__lib__nrf_modem_lib.a(nrf_modem_os.c.obj)
                0x000000000000bb58                nrf_modem_os_alloc
 .text.nrf_modem_os_free
                0x000000000000bb68        0xc modules/nrf/lib/nrf_modem_lib/lib..__nrf__lib__nrf_modem_lib.a(nrf_modem_os.c.obj)
                0x000000000000bb68                nrf_modem_os_free
 .text.nrf_modem_os_shm_tx_alloc
                0x000000000000bb74       0x10 modules/nrf/lib/nrf_modem_lib/lib..__nrf__lib__nrf_modem_lib.a(nrf_modem_os.c.obj)
                0x000000000000bb74                nrf_modem_os_shm_tx_alloc
 .text.nrf_modem_os_shm_tx_free
                0x000000000000bb84        0xc modules/nrf/lib/nrf_modem_lib/lib..__nrf__lib__nrf_modem_lib.a(nrf_modem_os.c.obj)
                0x000000000000bb84                nrf_modem_os_shm_tx_free
 .text.cfun_callback
                0x000000000000bb90       0x24 modules/nrf/lib/nrf_modem_lib/lib..__nrf__lib__nrf_modem_lib.a(cfun_hooks.c.obj)
 .text.on_modem_init
                0x000000000000bbb4        0xc modules/nrf/lib/nrf_modem_lib/lib..__nrf__lib__nrf_modem_lib.a(cfun_hooks.c.obj)
 .text.set_antenna_configuration.part.0
                0x000000000000bbc0       0x2c modules/nrf/lib/modem_antenna/lib..__nrf__lib__modem_antenna.a(modem_antenna.c.obj)
 .text.on_modem_lib_init
                0x000000000000bbec       0x40 modules/nrf/lib/modem_antenna/lib..__nrf__lib__modem_antenna.a(modem_antenna.c.obj)
 .text.ns_fault_init
                0x000000000000bc2c       0x30 modules/nrf/modules/trusted-firmware-m/lib..__nrf__modules__trusted-firmware-m.a(fault.c.obj)
 .text.arm_fault
                0x000000000000bc5c      0x24c modules/nrf/modules/trusted-firmware-m/lib..__nrf__modules__trusted-firmware-m.a(fault.c.obj)
                0x000000000000bc5c                arm_fault
 .text.tfm_ns_fault_handler_callback
                0x000000000000bea8       0x48 modules/nrf/modules/trusted-firmware-m/lib..__nrf__modules__trusted-firmware-m.a(fault.c.obj)
                0x000000000000bea8                tfm_ns_fault_handler_callback
 .text.tfm_ns_interface_dispatch
                0x000000000000bef0       0x68 modules/trusted-firmware-m/libtfm_api.a(interface.c.obj)
                0x000000000000bef0                tfm_ns_interface_dispatch
 .text.tfm_platform_ioctl
                0x000000000000bf58       0x4c modules/trusted-firmware-m/libtfm_api.a(tfm_platform_api.c.obj)
                0x000000000000bf58                tfm_platform_ioctl
 .text.psa_call
                0x000000000000bfa4       0x34 modules/trusted-firmware-m/libtfm_api.a(tfm_tz_psa_ns_api.c.obj)
                0x000000000000bfa4                psa_call
 .text.nrfx_flag32_alloc
                0x000000000000bfd8       0x40 modules/hal_nordic/nrfx/libmodules__hal_nordic__nrfx.a(nrfx_flag32_allocator.c.obj)
                0x000000000000bfd8                nrfx_flag32_alloc
 .text.nrfx_flag32_free
                0x000000000000c018       0x38 modules/hal_nordic/nrfx/libmodules__hal_nordic__nrfx.a(nrfx_flag32_allocator.c.obj)
                0x000000000000c018                nrfx_flag32_free
 .text.nrfx_gppi_channels_enable
                0x000000000000c050        0xc modules/hal_nordic/nrfx/libmodules__hal_nordic__nrfx.a(nrfx_gppi_dppi.c.obj)
                0x000000000000c050                nrfx_gppi_channels_enable
 .text.clock_stop
                0x000000000000c05c       0xb0 modules/hal_nordic/nrfx/libmodules__hal_nordic__nrfx.a(nrfx_clock.c.obj)
 .text.nrfx_clock_init
                0x000000000000c10c       0x20 modules/hal_nordic/nrfx/libmodules__hal_nordic__nrfx.a(nrfx_clock.c.obj)
                0x000000000000c10c                nrfx_clock_init
 .text.nrfx_clock_enable
                0x000000000000c12c       0x28 modules/hal_nordic/nrfx/libmodules__hal_nordic__nrfx.a(nrfx_clock.c.obj)
                0x000000000000c12c                nrfx_clock_enable
 .text.nrfx_clock_start
                0x000000000000c154       0xb8 modules/hal_nordic/nrfx/libmodules__hal_nordic__nrfx.a(nrfx_clock.c.obj)
                0x000000000000c154                nrfx_clock_start
 .text.nrfx_power_clock_irq_handler
                0x000000000000c20c       0x64 modules/hal_nordic/nrfx/libmodules__hal_nordic__nrfx.a(nrfx_clock.c.obj)
                0x000000000000c20c                nrfx_power_clock_irq_handler
 .text.nrfx_dppi_channel_alloc
                0x000000000000c270        0xc modules/hal_nordic/nrfx/libmodules__hal_nordic__nrfx.a(nrfx_dppi.c.obj)
                0x000000000000c270                nrfx_dppi_channel_alloc
 .text.nrf_gpio_pin_port_decode
                0x000000000000c27c       0x18 modules/hal_nordic/nrfx/libmodules__hal_nordic__nrfx.a(nrfx_gpiote.c.obj)
 .text.release_handler
                0x000000000000c294       0x6c modules/hal_nordic/nrfx/libmodules__hal_nordic__nrfx.a(nrfx_gpiote.c.obj)
 .text.pin_te_get.isra.0
                0x000000000000c300       0x18 modules/hal_nordic/nrfx/libmodules__hal_nordic__nrfx.a(nrfx_gpiote.c.obj)
 .text.pin_is_input.isra.0
                0x000000000000c318       0x20 modules/hal_nordic/nrfx/libmodules__hal_nordic__nrfx.a(nrfx_gpiote.c.obj)
 .text.pin_in_use_by_te.isra.0
                0x000000000000c338       0x1c modules/hal_nordic/nrfx/libmodules__hal_nordic__nrfx.a(nrfx_gpiote.c.obj)
 .text.latch_pending_read_and_check
                0x000000000000c354       0x1c modules/hal_nordic/nrfx/libmodules__hal_nordic__nrfx.a(nrfx_gpiote.c.obj)
 .text.__nrfy_internal_gpiote_events_process.constprop.0
                0x000000000000c370       0x5c modules/hal_nordic/nrfx/libmodules__hal_nordic__nrfx.a(nrfx_gpiote.c.obj)
 .text.irq_handler.constprop.0
                0x000000000000c3cc      0x15c modules/hal_nordic/nrfx/libmodules__hal_nordic__nrfx.a(nrfx_gpiote.c.obj)
 .text.pin_uninit
                0x000000000000c528       0xa0 modules/hal_nordic/nrfx/libmodules__hal_nordic__nrfx.a(nrfx_gpiote.c.obj)
 .text.nrfx_gpiote_input_configure
                0x000000000000c5c8      0x1f8 modules/hal_nordic/nrfx/libmodules__hal_nordic__nrfx.a(nrfx_gpiote.c.obj)
                0x000000000000c5c8                nrfx_gpiote_input_configure
 .text.nrfx_gpiote_output_configure
                0x000000000000c7c0      0x130 modules/hal_nordic/nrfx/libmodules__hal_nordic__nrfx.a(nrfx_gpiote.c.obj)
                0x000000000000c7c0                nrfx_gpiote_output_configure
 .text.nrfx_gpiote_global_callback_set
                0x000000000000c8f0       0x1c modules/hal_nordic/nrfx/libmodules__hal_nordic__nrfx.a(nrfx_gpiote.c.obj)
                0x000000000000c8f0                nrfx_gpiote_global_callback_set
 .text.nrfx_gpiote_channel_get
                0x000000000000c90c       0x38 modules/hal_nordic/nrfx/libmodules__hal_nordic__nrfx.a(nrfx_gpiote.c.obj)
                0x000000000000c90c                nrfx_gpiote_channel_get
 .text.nrfx_gpiote_init
                0x000000000000c944       0x78 modules/hal_nordic/nrfx/libmodules__hal_nordic__nrfx.a(nrfx_gpiote.c.obj)
                0x000000000000c944                nrfx_gpiote_init
 .text.nrfx_gpiote_init_check
                0x000000000000c9bc       0x1c modules/hal_nordic/nrfx/libmodules__hal_nordic__nrfx.a(nrfx_gpiote.c.obj)
                0x000000000000c9bc                nrfx_gpiote_init_check
 .text.nrfx_gpiote_channel_free
                0x000000000000c9d8       0x18 modules/hal_nordic/nrfx/libmodules__hal_nordic__nrfx.a(nrfx_gpiote.c.obj)
                0x000000000000c9d8                nrfx_gpiote_channel_free
 .text.nrfx_gpiote_channel_alloc
                0x000000000000c9f0       0x18 modules/hal_nordic/nrfx/libmodules__hal_nordic__nrfx.a(nrfx_gpiote.c.obj)
                0x000000000000c9f0                nrfx_gpiote_channel_alloc
 .text.nrfx_gpiote_trigger_enable
                0x000000000000ca08       0xb0 modules/hal_nordic/nrfx/libmodules__hal_nordic__nrfx.a(nrfx_gpiote.c.obj)
                0x000000000000ca08                nrfx_gpiote_trigger_enable
 .text.nrfx_gpiote_1_irq_handler
                0x000000000000cab8        0xc modules/hal_nordic/nrfx/libmodules__hal_nordic__nrfx.a(nrfx_gpiote.c.obj)
                0x000000000000cab8                nrfx_gpiote_1_irq_handler
 .text.nrfx_ipc_init
                0x000000000000cac4       0x30 modules/hal_nordic/nrfx/libmodules__hal_nordic__nrfx.a(nrfx_ipc.c.obj)
                0x000000000000cac4                nrfx_ipc_init
 .text.nrfx_ipc_config_load
                0x000000000000caf4       0x40 modules/hal_nordic/nrfx/libmodules__hal_nordic__nrfx.a(nrfx_ipc.c.obj)
                0x000000000000caf4                nrfx_ipc_config_load
 .text.nrfx_ipc_uninit
                0x000000000000cb34       0x64 modules/hal_nordic/nrfx/libmodules__hal_nordic__nrfx.a(nrfx_ipc.c.obj)
                0x000000000000cb34                nrfx_ipc_uninit
 .text.nrfx_ipc_receive_event_enable
                0x000000000000cb98       0x10 modules/hal_nordic/nrfx/libmodules__hal_nordic__nrfx.a(nrfx_ipc.c.obj)
                0x000000000000cb98                nrfx_ipc_receive_event_enable
 .text.nrfx_ipc_receive_event_disable
                0x000000000000cba8       0x10 modules/hal_nordic/nrfx/libmodules__hal_nordic__nrfx.a(nrfx_ipc.c.obj)
                0x000000000000cba8                nrfx_ipc_receive_event_disable
 .text.nrfx_ipc_irq_handler
                0x000000000000cbb8       0x40 modules/hal_nordic/nrfx/libmodules__hal_nordic__nrfx.a(nrfx_ipc.c.obj)
                0x000000000000cbb8                nrfx_ipc_irq_handler
 .text.twim_configure
                0x000000000000cbf8       0x3c modules/hal_nordic/nrfx/libmodules__hal_nordic__nrfx.a(nrfx_twim.c.obj)
 .text.pins_configure
                0x000000000000cc34       0x60 modules/hal_nordic/nrfx/libmodules__hal_nordic__nrfx.a(nrfx_twim.c.obj)
 .text.nrfx_twim_init
                0x000000000000cc94       0x74 modules/hal_nordic/nrfx/libmodules__hal_nordic__nrfx.a(nrfx_twim.c.obj)
                0x000000000000cc94                nrfx_twim_init
 .text.nrfx_twim_enable
                0x000000000000cd08       0x20 modules/hal_nordic/nrfx/libmodules__hal_nordic__nrfx.a(nrfx_twim.c.obj)
                0x000000000000cd08                nrfx_twim_enable
 .text.nrfx_twim_disable
                0x000000000000cd28       0x3c modules/hal_nordic/nrfx/libmodules__hal_nordic__nrfx.a(nrfx_twim.c.obj)
                0x000000000000cd28                nrfx_twim_disable
 .text.nrfx_twim_xfer
                0x000000000000cd64      0x350 modules/hal_nordic/nrfx/libmodules__hal_nordic__nrfx.a(nrfx_twim.c.obj)
                0x000000000000cd64                nrfx_twim_xfer
 .text.nrfx_twim_2_irq_handler
                0x000000000000d0b4      0x188 modules/hal_nordic/nrfx/libmodules__hal_nordic__nrfx.a(nrfx_twim.c.obj)
                0x000000000000d0b4                nrfx_twim_2_irq_handler
 .text.nrf_gpio_pin_port_decode
                0x000000000000d23c       0x18 modules/hal_nordic/nrfx/libmodules__hal_nordic__nrfx.a(nrfx_twi_twim.c.obj)
 .text.nrfx_twi_twim_bus_recover
                0x000000000000d254       0xd4 modules/hal_nordic/nrfx/libmodules__hal_nordic__nrfx.a(nrfx_twi_twim.c.obj)
                0x000000000000d254                nrfx_twi_twim_bus_recover
 .text.rpc_handle_data_message
                0x000000000000d328       0x38 C:/ncs/v2.7.0/nrfxlib/nrf_modem/lib/cellular/nrf9160/soft-float/libmodem.a(rpc_framework.c.obj)
                0x000000000000d328                rpc_handle_data_message
 .text.rpc_transport_msg_alloc
                0x000000000000d360        0xc C:/ncs/v2.7.0/nrfxlib/nrf_modem/lib/cellular/nrf9160/soft-float/libmodem.a(rpc_transport.c.obj)
                0x000000000000d360                rpc_transport_msg_alloc
 .text.rpc_transport_msg_data_rx_free
                0x000000000000d36c        0xc C:/ncs/v2.7.0/nrfxlib/nrf_modem/lib/cellular/nrf9160/soft-float/libmodem.a(rpc_transport.c.obj)
                0x000000000000d36c                rpc_transport_msg_data_rx_free
 .text.rpc_transport_msg_send
                0x000000000000d378        0xc C:/ncs/v2.7.0/nrfxlib/nrf_modem/lib/cellular/nrf9160/soft-float/libmodem.a(rpc_transport.c.obj)
                0x000000000000d378                rpc_transport_msg_send
 .text.rpc_transport_ipc_msg_data_tx_size
                0x000000000000d384        0xc C:/ncs/v2.7.0/nrfxlib/nrf_modem/lib/cellular/nrf9160/soft-float/libmodem.a(rpc_transport_ipc.c.obj)
 .text.rpc_transport_ipc_msg_tx_free
                0x000000000000d390       0x38 C:/ncs/v2.7.0/nrfxlib/nrf_modem/lib/cellular/nrf9160/soft-float/libmodem.a(rpc_transport_ipc.c.obj)
 .text.handle_modem_rpc_msg
                0x000000000000d3c8       0x68 C:/ncs/v2.7.0/nrfxlib/nrf_modem/lib/cellular/nrf9160/soft-float/libmodem.a(rpc_transport_ipc.c.obj)
 .text.rpc_message_handler
                0x000000000000d430       0x24 C:/ncs/v2.7.0/nrfxlib/nrf_modem/lib/cellular/nrf9160/soft-float/libmodem.a(rpc_transport_ipc.c.obj)
 .text.ipc_irq_handler
                0x000000000000d454       0xec C:/ncs/v2.7.0/nrfxlib/nrf_modem/lib/cellular/nrf9160/soft-float/libmodem.a(rpc_transport_ipc.c.obj)
                0x000000000000d454                ipc_irq_handler
 .text.rpc_transport_ipc_ctrl_msg_alloc
                0x000000000000d540       0x44 C:/ncs/v2.7.0/nrfxlib/nrf_modem/lib/cellular/nrf9160/soft-float/libmodem.a(rpc_transport_ipc.c.obj)
 .text.rpc_transport_ipc_data_msg_alloc
                0x000000000000d584       0x24 C:/ncs/v2.7.0/nrfxlib/nrf_modem/lib/cellular/nrf9160/soft-float/libmodem.a(rpc_transport_ipc.c.obj)
 .text.rpc_transport_ipc_data_msg_send
                0x000000000000d5a8       0x6c C:/ncs/v2.7.0/nrfxlib/nrf_modem/lib/cellular/nrf9160/soft-float/libmodem.a(rpc_transport_ipc.c.obj)
 .text.rpc_transport_ipc_init
                0x000000000000d614      0x1d4 C:/ncs/v2.7.0/nrfxlib/nrf_modem/lib/cellular/nrf9160/soft-float/libmodem.a(rpc_transport_ipc.c.obj)
 .text.rpc_transport_ipc_ctrl_msg_send
                0x000000000000d7e8       0x6c C:/ncs/v2.7.0/nrfxlib/nrf_modem/lib/cellular/nrf9160/soft-float/libmodem.a(rpc_transport_ipc.c.obj)
 .text.rpc_transport_ipc_request_shutdown
                0x000000000000d854       0x38 C:/ncs/v2.7.0/nrfxlib/nrf_modem/lib/cellular/nrf9160/soft-float/libmodem.a(rpc_transport_ipc.c.obj)
 .text.rpc_transport_ipc_msg_data_rx_free
                0x000000000000d88c       0x30 C:/ncs/v2.7.0/nrfxlib/nrf_modem/lib/cellular/nrf9160/soft-float/libmodem.a(rpc_transport_ipc.c.obj)
 .text.cfun_post_modem
                0x000000000000d8bc       0x14 C:/ncs/v2.7.0/nrfxlib/nrf_modem/lib/cellular/nrf9160/soft-float/libmodem.a(nrf_modem_at.c.obj)
 .text.at_cmd_vsprintf
                0x000000000000d8d0       0x50 C:/ncs/v2.7.0/nrfxlib/nrf_modem/lib/cellular/nrf9160/soft-float/libmodem.a(nrf_modem_at.c.obj)
 .text.cfun_pre_modem
                0x000000000000d920       0x44 C:/ncs/v2.7.0/nrfxlib/nrf_modem/lib/cellular/nrf9160/soft-float/libmodem.a(nrf_modem_at.c.obj)
 .text.at_cmd_send
                0x000000000000d964       0x74 C:/ncs/v2.7.0/nrfxlib/nrf_modem/lib/cellular/nrf9160/soft-float/libmodem.a(nrf_modem_at.c.obj)
 .text.at_response_match
                0x000000000000d9d8       0x48 C:/ncs/v2.7.0/nrfxlib/nrf_modem/lib/cellular/nrf9160/soft-float/libmodem.a(nrf_modem_at.c.obj)
 .text.nrf_modem_at_cfun_handler_set
                0x000000000000da20        0xc C:/ncs/v2.7.0/nrfxlib/nrf_modem/lib/cellular/nrf9160/soft-float/libmodem.a(nrf_modem_at.c.obj)
                0x000000000000da20                nrf_modem_at_cfun_handler_set
 .text.nrf_modem_at_printf
                0x000000000000da2c       0xc8 C:/ncs/v2.7.0/nrfxlib/nrf_modem/lib/cellular/nrf9160/soft-float/libmodem.a(nrf_modem_at.c.obj)
                0x000000000000da2c                nrf_modem_at_printf
 .text.rpc_at_event_handler
                0x000000000000daf4       0x88 C:/ncs/v2.7.0/nrfxlib/nrf_modem/lib/cellular/nrf9160/soft-float/libmodem.a(nrf_modem_at.c.obj)
                0x000000000000daf4                rpc_at_event_handler
 .text.sock_unref.isra.0
                0x000000000000db7c       0x3c C:/ncs/v2.7.0/nrfxlib/nrf_modem/lib/cellular/nrf9160/soft-float/libmodem.a(sock.c.obj)
 .text.sock_find
                0x000000000000dbb8       0x24 C:/ncs/v2.7.0/nrfxlib/nrf_modem/lib/cellular/nrf9160/soft-float/libmodem.a(sock.c.obj)
                0x000000000000dbb8                sock_find
 .text._sock_close
                0x000000000000dbdc       0x30 C:/ncs/v2.7.0/nrfxlib/nrf_modem/lib/cellular/nrf9160/soft-float/libmodem.a(sock.c.obj)
                0x000000000000dbdc                _sock_close
 .text.sock_rpc_flow_control_set
                0x000000000000dc0c       0x50 C:/ncs/v2.7.0/nrfxlib/nrf_modem/lib/cellular/nrf9160/soft-float/libmodem.a(sock.c.obj)
                0x000000000000dc0c                sock_rpc_flow_control_set
 .text.on_getaddrinfo_res
                0x000000000000dc5c       0x14 C:/ncs/v2.7.0/nrfxlib/nrf_modem/lib/cellular/nrf9160/soft-float/libmodem.a(dns.c.obj)
                0x000000000000dc5c                on_getaddrinfo_res
 .text.rpc_ip_event_handler
                0x000000000000dc70      0x2d8 C:/ncs/v2.7.0/nrfxlib/nrf_modem/lib/cellular/nrf9160/soft-float/libmodem.a(ip.c.obj)
                0x000000000000dc70                rpc_ip_event_handler
 .text.on_tls_attach_res
                0x000000000000df48       0x30 C:/ncs/v2.7.0/nrfxlib/nrf_modem/lib/cellular/nrf9160/soft-float/libmodem.a(tls.c.obj)
                0x000000000000df48                on_tls_attach_res
 .text.on_tls_handshake_ntf
                0x000000000000df78       0x3c C:/ncs/v2.7.0/nrfxlib/nrf_modem/lib/cellular/nrf9160/soft-float/libmodem.a(tls.c.obj)
                0x000000000000df78                on_tls_handshake_ntf
 .text.tls_attach
                0x000000000000dfb4       0xf4 C:/ncs/v2.7.0/nrfxlib/nrf_modem/lib/cellular/nrf9160/soft-float/libmodem.a(tls.c.obj)
                0x000000000000dfb4                tls_attach
 .text.rpc_error_to_nrf_errno
                0x000000000000e0a8       0x18 C:/ncs/v2.7.0/nrfxlib/nrf_modem/lib/cellular/nrf9160/soft-float/libmodem.a(tables.c.obj)
                0x000000000000e0a8                rpc_error_to_nrf_errno
 .text.rpc_gnss_event_handler
                0x000000000000e0c0      0x138 C:/ncs/v2.7.0/nrfxlib/nrf_modem/lib/cellular/nrf9160/soft-float/libmodem.a(nrf_modem_gnss.c.obj)
                0x000000000000e0c0                rpc_gnss_event_handler
 .text.rpc_softsim_event_handler
                0x000000000000e1f8       0x24 C:/ncs/v2.7.0/nrfxlib/nrf_modem/lib/cellular/nrf9160/soft-float/libmodem.a(nrf_modem_softsim.c.obj)
                0x000000000000e1f8                rpc_softsim_event_handler
 .text.nrf_modem_fault_handler_internal
                0x000000000000e21c       0x18 C:/ncs/v2.7.0/nrfxlib/nrf_modem/lib/cellular/nrf9160/soft-float/libmodem.a(nrf_modem_fault.c.obj)
                0x000000000000e21c                nrf_modem_fault_handler_internal
 .text.nrf_modem_state_set
                0x000000000000e234        0xc C:/ncs/v2.7.0/nrfxlib/nrf_modem/lib/cellular/nrf9160/soft-float/libmodem.a(nrf_modem_state.c.obj)
                0x000000000000e234                nrf_modem_state_set
 .text.nrf_modem_state_is_initialized
                0x000000000000e240       0x10 C:/ncs/v2.7.0/nrfxlib/nrf_modem/lib/cellular/nrf9160/soft-float/libmodem.a(nrf_modem_state.c.obj)
                0x000000000000e240                nrf_modem_state_is_initialized
 .text.ipc_trace_init
                0x000000000000e250       0x38 C:/ncs/v2.7.0/nrfxlib/nrf_modem/lib/cellular/nrf9160/soft-float/libmodem.a(ipc_trace.c.obj)
                0x000000000000e250                ipc_trace_init
 .text.ipc_trace_uninit
                0x000000000000e288       0x10 C:/ncs/v2.7.0/nrfxlib/nrf_modem/lib/cellular/nrf9160/soft-float/libmodem.a(ipc_trace.c.obj)
                0x000000000000e288                ipc_trace_uninit
 .text.ipc_trace_handler
                0x000000000000e298       0xb4 C:/ncs/v2.7.0/nrfxlib/nrf_modem/lib/cellular/nrf9160/soft-float/libmodem.a(ipc_trace.c.obj)
                0x000000000000e298                ipc_trace_handler
 .text.k_sys_fatal_error_handler
                0x000000000000e34c       0x20 zephyr/kernel/libkernel.a(fatal.c.obj)
                0x000000000000e34c                k_sys_fatal_error_handler
 .text.z_fatal_error
                0x000000000000e36c       0xe8 zephyr/kernel/libkernel.a(fatal.c.obj)
                0x000000000000e36c                z_fatal_error
 .text.z_sys_init_run_level
                0x000000000000e454       0x2c zephyr/kernel/libkernel.a(init.c.obj)
 .text.bg_thread_main
                0x000000000000e480       0xc0 zephyr/kernel/libkernel.a(init.c.obj)
 .text.z_bss_zero
                0x000000000000e540       0x18 zephyr/kernel/libkernel.a(init.c.obj)
                0x000000000000e540                z_bss_zero
 .text.z_init_cpu
                0x000000000000e558       0x68 zephyr/kernel/libkernel.a(init.c.obj)
                0x000000000000e558                z_init_cpu
 .text.z_cstart
                0x000000000000e5c0       0xe4 zephyr/kernel/libkernel.a(init.c.obj)
                0x000000000000e5c0                z_cstart
 .text.statics_init
                0x000000000000e6a4       0x24 zephyr/kernel/libkernel.a(kheap.c.obj)
 .text.z_impl_k_mutex_lock
                0x000000000000e6c8       0xf0 zephyr/kernel/libkernel.a(mutex.c.obj)
                0x000000000000e6c8                z_impl_k_mutex_lock
 .text.z_impl_k_mutex_unlock
                0x000000000000e7b8       0x78 zephyr/kernel/libkernel.a(mutex.c.obj)
                0x000000000000e7b8                z_impl_k_mutex_unlock
 .text.z_impl_k_sem_give
                0x000000000000e830       0x48 zephyr/kernel/libkernel.a(sem.c.obj)
                0x000000000000e830                z_impl_k_sem_give
 .text.z_impl_k_sem_take
                0x000000000000e878       0x4c zephyr/kernel/libkernel.a(sem.c.obj)
                0x000000000000e878                z_impl_k_sem_take
 .text.z_setup_new_thread
                0x000000000000e8c4       0x7c zephyr/kernel/libkernel.a(thread.c.obj)
                0x000000000000e8c4                z_setup_new_thread
 .text.z_impl_k_thread_create
                0x000000000000e940       0x58 zephyr/kernel/libkernel.a(thread.c.obj)
                0x000000000000e940                z_impl_k_thread_create
 .text.update_cache
                0x000000000000e998       0x3c zephyr/kernel/libkernel.a(sched.c.obj)
 .text.unready_thread
                0x000000000000e9d4       0x30 zephyr/kernel/libkernel.a(sched.c.obj)
 .text.ready_thread
                0x000000000000ea04       0x68 zephyr/kernel/libkernel.a(sched.c.obj)
 .text.z_thread_halt
                0x000000000000ea6c       0xdc zephyr/kernel/libkernel.a(sched.c.obj)
 .text.move_thread_to_end_of_prio_q
                0x000000000000eb48       0x74 zephyr/kernel/libkernel.a(sched.c.obj)
                0x000000000000eb48                move_thread_to_end_of_prio_q
 .text.z_pend_curr
                0x000000000000ebbc       0x58 zephyr/kernel/libkernel.a(sched.c.obj)
                0x000000000000ebbc                z_pend_curr
 .text.z_thread_prio_set
                0x000000000000ec14       0x88 zephyr/kernel/libkernel.a(sched.c.obj)
                0x000000000000ec14                z_thread_prio_set
 .text.z_reschedule
                0x000000000000ec9c       0x24 zephyr/kernel/libkernel.a(sched.c.obj)
                0x000000000000ec9c                z_reschedule
 .text.z_sched_start
                0x000000000000ecc0       0x3c zephyr/kernel/libkernel.a(sched.c.obj)
                0x000000000000ecc0                z_sched_start
 .text.z_reschedule_irqlock
                0x000000000000ecfc       0x28 zephyr/kernel/libkernel.a(sched.c.obj)
                0x000000000000ecfc                z_reschedule_irqlock
 .text.k_sched_lock
                0x000000000000ed24       0x28 zephyr/kernel/libkernel.a(sched.c.obj)
                0x000000000000ed24                k_sched_lock
 .text.k_sched_unlock
                0x000000000000ed4c       0x40 zephyr/kernel/libkernel.a(sched.c.obj)
                0x000000000000ed4c                k_sched_unlock
 .text.z_sched_init
                0x000000000000ed8c       0x10 zephyr/kernel/libkernel.a(sched.c.obj)
                0x000000000000ed8c                z_sched_init
 .text.z_impl_k_yield
                0x000000000000ed9c       0x7c zephyr/kernel/libkernel.a(sched.c.obj)
                0x000000000000ed9c                z_impl_k_yield
 .text.z_tick_sleep
                0x000000000000ee18       0x88 zephyr/kernel/libkernel.a(sched.c.obj)
 .text.z_impl_k_sleep
                0x000000000000eea0       0x3c zephyr/kernel/libkernel.a(sched.c.obj)
                0x000000000000eea0                z_impl_k_sleep
 .text.z_impl_k_sched_current_thread_query
                0x000000000000eedc        0xc zephyr/kernel/libkernel.a(sched.c.obj)
                0x000000000000eedc                z_impl_k_sched_current_thread_query
 .text.slice_timeout
                0x000000000000eee8       0x20 zephyr/kernel/libkernel.a(timeslicing.c.obj)
 .text.thread_is_sliceable
                0x000000000000ef08       0x3c zephyr/kernel/libkernel.a(timeslicing.c.obj)
                0x000000000000ef08                thread_is_sliceable
 .text.z_reset_time_slice
                0x000000000000ef44       0x50 zephyr/kernel/libkernel.a(timeslicing.c.obj)
                0x000000000000ef44                z_reset_time_slice
 .text.z_time_slice
                0x000000000000ef94       0x60 zephyr/kernel/libkernel.a(timeslicing.c.obj)
                0x000000000000ef94                z_time_slice
 .text.z_data_copy
                0x000000000000eff4       0x34 zephyr/kernel/libkernel.a(xip.c.obj)
                0x000000000000eff4                z_data_copy
 .text.elapsed  0x000000000000f028       0x14 zephyr/kernel/libkernel.a(timeout.c.obj)
 .text.remove_timeout
                0x000000000000f03c       0x38 zephyr/kernel/libkernel.a(timeout.c.obj)
 .text.next_timeout
                0x000000000000f074       0x40 zephyr/kernel/libkernel.a(timeout.c.obj)
 .text.z_add_timeout
                0x000000000000f0b4       0xf4 zephyr/kernel/libkernel.a(timeout.c.obj)
                0x000000000000f0b4                z_add_timeout
 .text.sys_clock_announce
                0x000000000000f1a8       0xd0 zephyr/kernel/libkernel.a(timeout.c.obj)
                0x000000000000f1a8                sys_clock_announce
 .text.sys_clock_tick_get
                0x000000000000f278       0x30 zephyr/kernel/libkernel.a(timeout.c.obj)
                0x000000000000f278                sys_clock_tick_get
 .text.z_timer_expiration_handler
                0x000000000000f2a8       0xe0 zephyr/kernel/libkernel.a(timer.c.obj)
                0x000000000000f2a8                z_timer_expiration_handler
 .text.z_impl_k_timer_start
                0x000000000000f388       0x74 zephyr/kernel/libkernel.a(timer.c.obj)
                0x000000000000f388                z_impl_k_timer_start
 .text.k_thread_system_pool_assign
                0x000000000000f3fc        0xc zephyr/kernel/libkernel.a(mempool.c.obj)
                0x000000000000f3fc                k_thread_system_pool_assign
 .text.snprintf
                0x000000000000f408       0x58 c:\ncs\toolchains\ce3b5ff664\opt\zephyr-sdk\arm-zephyr-eabi\bin\../lib/gcc/../../picolibc/arm-zephyr-eabi/lib/thumb/v8-m.main/nofp\libc.a(libc_tinystdio_snprintf.c.o)
                0x000000000000f408                snprintf
 .text.strtol   0x000000000000f460       0xec c:\ncs\toolchains\ce3b5ff664\opt\zephyr-sdk\arm-zephyr-eabi\bin\../lib/gcc/../../picolibc/arm-zephyr-eabi/lib/thumb/v8-m.main/nofp\libc.a(libc_tinystdio_strtol.c.o)
                0x000000000000f460                strtol
 .text.strtoul  0x000000000000f54c       0xcc c:\ncs\toolchains\ce3b5ff664\opt\zephyr-sdk\arm-zephyr-eabi\bin\../lib/gcc/../../picolibc/arm-zephyr-eabi/lib/thumb/v8-m.main/nofp\libc.a(libc_tinystdio_strtoul.c.o)
                0x000000000000f54c                strtoul
 .text.__l_vfprintf
                0x000000000000f618      0x4b4 c:\ncs\toolchains\ce3b5ff664\opt\zephyr-sdk\arm-zephyr-eabi\bin\../lib/gcc/../../picolibc/arm-zephyr-eabi/lib/thumb/v8-m.main/nofp\libc.a(libc_tinystdio_vflprintf.c.o)
                0x000000000000f618                __l_vfprintf
 .text.vsnprintf
                0x000000000000facc       0x50 c:\ncs\toolchains\ce3b5ff664\opt\zephyr-sdk\arm-zephyr-eabi\bin\../lib/gcc/../../picolibc/arm-zephyr-eabi/lib/thumb/v8-m.main/nofp\libc.a(libc_tinystdio_vsnprintf.c.o)
                0x000000000000facc                vsnprintf
 .text._OffsetAbsSyms
                0x000000000000fb1c        0x2 zephyr/CMakeFiles/offsets.dir/./arch/arm/core/offsets/offsets.c.obj
                0x000000000000fb1c                _OffsetAbsSyms
 .text.chunk_field
                0x000000000000fb1e       0x16 zephyr/libzephyr.a(heap.c.obj)
 .text.chunk_set
                0x000000000000fb34       0x16 zephyr/libzephyr.a(heap.c.obj)
 .text.chunk_size
                0x000000000000fb4a        0xc zephyr/libzephyr.a(heap.c.obj)
 .text.set_chunk_used
                0x000000000000fb56       0x30 zephyr/libzephyr.a(heap.c.obj)
 .text.set_chunk_size
                0x000000000000fb86        0x8 zephyr/libzephyr.a(heap.c.obj)
 .text.mem_to_chunkid
                0x000000000000fb8e       0x14 zephyr/libzephyr.a(heap.c.obj)
 .text.bucket_idx.isra.0
                0x000000000000fba2       0x1c zephyr/libzephyr.a(heap.c.obj)
 .text.free_list_remove_bidx
                0x000000000000fbbe       0x5c zephyr/libzephyr.a(heap.c.obj)
 .text.free_list_remove
                0x000000000000fc1a       0x2e zephyr/libzephyr.a(heap.c.obj)
 .text.alloc_chunk
                0x000000000000fc48       0x74 zephyr/libzephyr.a(heap.c.obj)
 .text.split_chunks
                0x000000000000fcbc       0x4e zephyr/libzephyr.a(heap.c.obj)
 .text.merge_chunks
                0x000000000000fd0a       0x3c zephyr/libzephyr.a(heap.c.obj)
 .text.free_list_add
                0x000000000000fd46       0x84 zephyr/libzephyr.a(heap.c.obj)
 .text.free_chunk
                0x000000000000fdca       0x84 zephyr/libzephyr.a(heap.c.obj)
 .text.sys_heap_free
                0x000000000000fe4e       0x24 zephyr/libzephyr.a(heap.c.obj)
                0x000000000000fe4e                sys_heap_free
 .text.sys_heap_alloc
                0x000000000000fe72       0x6e zephyr/libzephyr.a(heap.c.obj)
                0x000000000000fe72                sys_heap_alloc
 .text.sys_heap_aligned_alloc
                0x000000000000fee0       0xe8 zephyr/libzephyr.a(heap.c.obj)
                0x000000000000fee0                sys_heap_aligned_alloc
 .text.sys_heap_init
                0x000000000000ffc8       0xb0 zephyr/libzephyr.a(heap.c.obj)
                0x000000000000ffc8                sys_heap_init
 .text.cbpprintf_external
                0x0000000000010078       0x62 zephyr/libzephyr.a(cbprintf_packaged.c.obj)
                0x0000000000010078                cbpprintf_external
 .text.is_ptr   0x00000000000100da       0x4a zephyr/libzephyr.a(cbprintf_packaged.c.obj)
                0x00000000000100da                is_ptr
 .text.arch_printk_char_out
                0x0000000000010124        0x4 zephyr/libzephyr.a(printk.c.obj)
                0x0000000000010124                arch_printk_char_out
 .text.printk   0x0000000000010128       0x1a zephyr/libzephyr.a(printk.c.obj)
                0x0000000000010128                printk
 .text.free_space
                0x0000000000010142       0x26 zephyr/libzephyr.a(mpsc_pbuf.c.obj)
 .text.get_usage
                0x0000000000010168       0x22 zephyr/libzephyr.a(mpsc_pbuf.c.obj)
 .text.idx_inc  0x000000000001018a       0x1c zephyr/libzephyr.a(mpsc_pbuf.c.obj)
 .text.rd_idx_inc
                0x00000000000101a6       0x18 zephyr/libzephyr.a(mpsc_pbuf.c.obj)
 .text.add_skip_item
                0x00000000000101be       0x3e zephyr/libzephyr.a(mpsc_pbuf.c.obj)
 .text.drop_item_locked
                0x00000000000101fc       0xee zephyr/libzephyr.a(mpsc_pbuf.c.obj)
 .text.post_drop_action
                0x00000000000102ea       0x36 zephyr/libzephyr.a(mpsc_pbuf.c.obj)
 .text.max_utilization_update
                0x0000000000010320       0x1a zephyr/libzephyr.a(mpsc_pbuf.c.obj)
 .text.mpsc_pbuf_init
                0x000000000001033a       0x42 zephyr/libzephyr.a(mpsc_pbuf.c.obj)
                0x000000000001033a                mpsc_pbuf_init
 .text.mpsc_pbuf_alloc
                0x000000000001037c       0xf8 zephyr/libzephyr.a(mpsc_pbuf.c.obj)
                0x000000000001037c                mpsc_pbuf_alloc
 .text.mpsc_pbuf_commit
                0x0000000000010474       0x3e zephyr/libzephyr.a(mpsc_pbuf.c.obj)
                0x0000000000010474                mpsc_pbuf_commit
 .text.mpsc_pbuf_claim
                0x00000000000104b2       0xa8 zephyr/libzephyr.a(mpsc_pbuf.c.obj)
                0x00000000000104b2                mpsc_pbuf_claim
 .text.mpsc_pbuf_free
                0x000000000001055a       0x76 zephyr/libzephyr.a(mpsc_pbuf.c.obj)
                0x000000000001055a                mpsc_pbuf_free
 .text.mpsc_pbuf_is_pending
                0x00000000000105d0       0x1a zephyr/libzephyr.a(mpsc_pbuf.c.obj)
                0x00000000000105d0                mpsc_pbuf_is_pending
 .text.process_recheck
                0x00000000000105ea       0x38 zephyr/libzephyr.a(onoff.c.obj)
 .text.validate_args
                0x0000000000010622       0x20 zephyr/libzephyr.a(onoff.c.obj)
 .text.notify_one
                0x0000000000010642       0x2c zephyr/libzephyr.a(onoff.c.obj)
 .text.transition_complete
                0x000000000001066e       0x1a zephyr/libzephyr.a(onoff.c.obj)
 .text.onoff_manager_init
                0x0000000000010688       0x26 zephyr/libzephyr.a(onoff.c.obj)
                0x0000000000010688                onoff_manager_init
 .text.onoff_request
                0x00000000000106ae       0xae zephyr/libzephyr.a(onoff.c.obj)
                0x00000000000106ae                onoff_request
 .text.sys_notify_validate
                0x000000000001075c       0x22 zephyr/libzephyr.a(notify.c.obj)
                0x000000000001075c                sys_notify_validate
 .text.sys_notify_finalize
                0x000000000001077e       0x1a zephyr/libzephyr.a(notify.c.obj)
                0x000000000001077e                sys_notify_finalize
 .text._ConfigAbsSyms
                0x0000000000010798        0x2 zephyr/libzephyr.a(configs.c.obj)
                0x0000000000010798                _ConfigAbsSyms
 .text.log_msg_generic_get_wlen
                0x000000000001079a       0x20 zephyr/libzephyr.a(log_core.c.obj)
 .text.dummy_timestamp
                0x00000000000107ba        0x4 zephyr/libzephyr.a(log_core.c.obj)
 .text.default_get_timestamp
                0x00000000000107be        0x4 zephyr/libzephyr.a(log_core.c.obj)
 .text.atomic_inc
                0x00000000000107c2       0x12 zephyr/libzephyr.a(log_core.c.obj)
 .text.z_log_vprintk
                0x00000000000107d4       0x1c zephyr/libzephyr.a(log_core.c.obj)
                0x00000000000107d4                z_log_vprintk
 .text.z_log_notify_drop
                0x00000000000107f0        0x6 zephyr/libzephyr.a(log_core.c.obj)
 .text.z_log_get_tag
                0x00000000000107f6        0x4 zephyr/libzephyr.a(log_core.c.obj)
                0x00000000000107f6                z_log_get_tag
 .text.z_cbprintf_cpy
                0x00000000000107fa       0x2c zephyr/libzephyr.a(log_msg.c.obj)
 .text.z_log_msg_finalize
                0x0000000000010826       0x32 zephyr/libzephyr.a(log_msg.c.obj)
                0x0000000000010826                z_log_msg_finalize
 .text.z_log_msg_simple_create
                0x0000000000010858       0x6e zephyr/libzephyr.a(log_msg.c.obj)
 .text.z_impl_z_log_msg_simple_create_0
                0x00000000000108c6       0x12 zephyr/libzephyr.a(log_msg.c.obj)
                0x00000000000108c6                z_impl_z_log_msg_simple_create_0
 .text.z_impl_z_log_msg_simple_create_1
                0x00000000000108d8       0x14 zephyr/libzephyr.a(log_msg.c.obj)
                0x00000000000108d8                z_impl_z_log_msg_simple_create_1
 .text.z_impl_z_log_msg_simple_create_2
                0x00000000000108ec       0x18 zephyr/libzephyr.a(log_msg.c.obj)
                0x00000000000108ec                z_impl_z_log_msg_simple_create_2
 .text.buffer_write
                0x0000000000010904       0x1c zephyr/libzephyr.a(log_output.c.obj)
 .text.log_output_flush
                0x0000000000010920       0x1a zephyr/libzephyr.a(log_output.c.obj)
                0x0000000000010920                log_output_flush
 .text.out_func
                0x000000000001093a       0x2e zephyr/libzephyr.a(log_output.c.obj)
 .text.cr_out_func
                0x0000000000010968       0x1c zephyr/libzephyr.a(log_output.c.obj)
 .text.log_output_msg_process
                0x0000000000010984       0x6a zephyr/libzephyr.a(log_output.c.obj)
                0x0000000000010984                log_output_msg_process
 .text.format_set
                0x00000000000109ee        0xc zephyr/libzephyr.a(log_backend_uart.c.obj)
 .text.log_backend_uart_init
                0x00000000000109fa        0xc zephyr/libzephyr.a(log_backend_uart.c.obj)
 .text.panic    0x0000000000010a06       0x10 zephyr/libzephyr.a(log_backend_uart.c.obj)
 .text.dropped  0x0000000000010a16        0xa zephyr/libzephyr.a(log_backend_uart.c.obj)
 .text.process  0x0000000000010a20       0x1e zephyr/libzephyr.a(log_backend_uart.c.obj)
 .text.z_do_kernel_oops
                0x0000000000010a3e        0x8 zephyr/arch/arch/arm/core/libarch__arm__core.a(fatal.c.obj)
                0x0000000000010a3e                z_do_kernel_oops
 .text.z_arm_nmi
                0x0000000000010a46        0xe zephyr/arch/arch/arm/core/libarch__arm__core.a(nmi.c.obj)
                0x0000000000010a46                z_arm_nmi
 .text.z_log_msg_simple_create_0.constprop.0
                0x0000000000010a54        0x8 zephyr/arch/arch/arm/core/cortex_m/libarch__arm__core__cortex_m.a(fault.c.obj)
 .text.z_arm_save_fp_context
                0x0000000000010a5c        0x2 zephyr/arch/arch/arm/core/cortex_m/libarch__arm__core__cortex_m.a(fpu.c.obj)
                0x0000000000010a5c                z_arm_save_fp_context
 .text.z_arm_restore_fp_context
                0x0000000000010a5e        0x2 zephyr/arch/arch/arm/core/cortex_m/libarch__arm__core__cortex_m.a(fpu.c.obj)
                0x0000000000010a5e                z_arm_restore_fp_context
 .text.z_irq_spurious
                0x0000000000010a60        0x8 zephyr/arch/arch/arm/core/cortex_m/libarch__arm__core__cortex_m.a(irq_manage.c.obj)
                0x0000000000010a60                z_irq_spurious
 .text.configure_builtin_stack_guard
                0x0000000000010a68        0x8 zephyr/arch/arch/arm/core/cortex_m/libarch__arm__core__cortex_m.a(thread.c.obj)
                0x0000000000010a68                configure_builtin_stack_guard
 .text.arch_irq_unlock_outlined
                0x0000000000010a70        0xe zephyr/arch/arch/arm/core/cortex_m/libarch__arm__core__cortex_m.a(thread.c.obj)
                0x0000000000010a70                arch_irq_unlock_outlined
 .text.arch_cpu_idle
                0x0000000000010a7e       0x1a zephyr/arch/arch/arm/core/cortex_m/libarch__arm__core__cortex_m.a(cpu_idle.c.obj)
                0x0000000000010a7e                arch_cpu_idle
 .text.arch_cpu_atomic_idle
                0x0000000000010a98       0x1e zephyr/arch/arch/arm/core/cortex_m/libarch__arm__core__cortex_m.a(cpu_idle.c.obj)
                0x0000000000010a98                arch_cpu_atomic_idle
 .text.arm_cmse_mpu_region_get
                0x0000000000010ab6       0x12 zephyr/arch/arch/arm/core/cortex_m/cmse/libarch__arm__core__cortex_m__cmse.a(arm_core_cmse.c.obj)
                0x0000000000010ab6                arm_cmse_mpu_region_get
 .text.mpu_configure_region
                0x0000000000010ac8       0x32 zephyr/arch/arch/arm/core/mpu/libarch__arm__core__mpu.a(arm_mpu.c.obj)
 .text.cbputc   0x0000000000010afa        0xc zephyr/lib/libc/picolibc/liblib__libc__picolibc.a(libc-hooks.c.obj)
 .text.picolibc_put
                0x0000000000010b06        0xa zephyr/lib/libc/picolibc/liblib__libc__picolibc.a(libc-hooks.c.obj)
 .text.get_status
                0x0000000000010b10       0x12 zephyr/drivers/clock_control/libdrivers__clock_control.a(clock_control_nrf.c.obj)
 .text.stop     0x0000000000010b22       0x50 zephyr/drivers/clock_control/libdrivers__clock_control.a(clock_control_nrf.c.obj)
 .text.api_stop
                0x0000000000010b72        0x6 zephyr/drivers/clock_control/libdrivers__clock_control.a(clock_control_nrf.c.obj)
 .text.async_start
                0x0000000000010b78       0x5a zephyr/drivers/clock_control/libdrivers__clock_control.a(clock_control_nrf.c.obj)
 .text.api_start
                0x0000000000010bd2        0xe zephyr/drivers/clock_control/libdrivers__clock_control.a(clock_control_nrf.c.obj)
 .text.onoff_started_callback
                0x0000000000010be0       0x12 zephyr/drivers/clock_control/libdrivers__clock_control.a(clock_control_nrf.c.obj)
 .text.lfclk_start
                0x0000000000010bf2        0x6 zephyr/drivers/clock_control/libdrivers__clock_control.a(clock_control_nrf.c.obj)
 .text.lfclk_stop
                0x0000000000010bf8        0x6 zephyr/drivers/clock_control/libdrivers__clock_control.a(clock_control_nrf.c.obj)
 .text.blocking_start_callback
                0x0000000000010bfe        0x6 zephyr/drivers/clock_control/libdrivers__clock_control.a(clock_control_nrf.c.obj)
 .text.gpio_nrfx_port_get_raw
                0x0000000000010c04        0xc zephyr/drivers/gpio/libdrivers__gpio.a(gpio_nrfx.c.obj)
 .text.gpio_nrfx_port_set_masked_raw
                0x0000000000010c10       0x14 zephyr/drivers/gpio/libdrivers__gpio.a(gpio_nrfx.c.obj)
 .text.gpio_nrfx_port_set_bits_raw
                0x0000000000010c24        0xa zephyr/drivers/gpio/libdrivers__gpio.a(gpio_nrfx.c.obj)
 .text.gpio_nrfx_port_clear_bits_raw
                0x0000000000010c2e        0xa zephyr/drivers/gpio/libdrivers__gpio.a(gpio_nrfx.c.obj)
 .text.gpio_nrfx_port_toggle_bits
                0x0000000000010c38       0x14 zephyr/drivers/gpio/libdrivers__gpio.a(gpio_nrfx.c.obj)
 .text.gpio_nrfx_manage_callback
                0x0000000000010c4c       0x52 zephyr/drivers/gpio/libdrivers__gpio.a(gpio_nrfx.c.obj)
 .text.irq_connect2
                0x0000000000010c9e        0xa zephyr/drivers/i2c/libdrivers__i2c.a(i2c_nrfx_twim.c.obj)
 .text.pinctrl_apply_state.constprop.0
                0x0000000000010ca8       0x20 zephyr/drivers/i2c/libdrivers__i2c.a(i2c_nrfx_twim.c.obj)
 .text.pinctrl_lookup_state
                0x0000000000010cc8       0x26 zephyr/drivers/pinctrl/libdrivers__pinctrl.a(common.c.obj)
                0x0000000000010cc8                pinctrl_lookup_state
 .text.uarte_nrfx_err_check
                0x0000000000010cee        0xe zephyr/drivers/serial/libdrivers__serial.a(uart_nrfx_uarte.c.obj)
 .text.uarte_nrfx_poll_in
                0x0000000000010cfc       0x28 zephyr/drivers/serial/libdrivers__serial.a(uart_nrfx_uarte.c.obj)
 .text.is_tx_ready.isra.0
                0x0000000000010d24       0x20 zephyr/drivers/serial/libdrivers__serial.a(uart_nrfx_uarte.c.obj)
 .text.uarte_nrfx_isr_int
                0x0000000000010d44       0x6e zephyr/drivers/serial/libdrivers__serial.a(uart_nrfx_uarte.c.obj)
 .text.event_clear
                0x0000000000010db2       0x18 zephyr/drivers/timer/libdrivers__timer.a(nrf_rtc_timer.c.obj)
 .text.sys_clock_cycle_get_32
                0x0000000000010dca        0x8 zephyr/drivers/timer/libdrivers__timer.a(nrf_rtc_timer.c.obj)
                0x0000000000010dca                sys_clock_cycle_get_32
 .text.nrf_modem_os_busywait
                0x0000000000010dd2        0x4 modules/nrf/lib/nrf_modem_lib/lib..__nrf__lib__nrf_modem_lib.a(nrf_modem_os.c.obj)
                0x0000000000010dd2                nrf_modem_os_busywait
 .text.nrf_modem_os_is_in_isr
                0x0000000000010dd6        0x4 modules/nrf/lib/nrf_modem_lib/lib..__nrf__lib__nrf_modem_lib.a(nrf_modem_os.c.obj)
                0x0000000000010dd6                nrf_modem_os_is_in_isr
 .text.nrf_modem_os_sem_give
                0x0000000000010dda        0x4 modules/nrf/lib/nrf_modem_lib/lib..__nrf__lib__nrf_modem_lib.a(nrf_modem_os.c.obj)
                0x0000000000010dda                nrf_modem_os_sem_give
 .text.nrf_modem_os_sem_take
                0x0000000000010dde       0x40 modules/nrf/lib/nrf_modem_lib/lib..__nrf__lib__nrf_modem_lib.a(nrf_modem_os.c.obj)
                0x0000000000010dde                nrf_modem_os_sem_take
 .text.nrf_modem_os_mutex_unlock
                0x0000000000010e1e        0x4 modules/nrf/lib/nrf_modem_lib/lib..__nrf__lib__nrf_modem_lib.a(nrf_modem_os.c.obj)
                0x0000000000010e1e                nrf_modem_os_mutex_unlock
 .text.nrf_modem_os_mutex_lock
                0x0000000000010e22       0x40 modules/nrf/lib/nrf_modem_lib/lib..__nrf__lib__nrf_modem_lib.a(nrf_modem_os.c.obj)
                0x0000000000010e22                nrf_modem_os_mutex_lock
 .text.set_antenna_configuration
                0x0000000000010e62        0xa modules/nrf/lib/modem_antenna/lib..__nrf__lib__modem_antenna.a(modem_antenna.c.obj)
                0x0000000000010e62                set_antenna_configuration
 .text.z_log_msg_simple_create_0.constprop.0
                0x0000000000010e6c        0x8 modules/nrf/modules/trusted-firmware-m/lib..__nrf__modules__trusted-firmware-m.a(fault.c.obj)
 .text.tfm_platform_ns_fault_set_handler
                0x0000000000010e74       0x4e modules/nrf/modules/trusted-firmware-m/libtfm_api_nrf.a(tfm_ioctl_ns_api.c.obj)
                0x0000000000010e74                tfm_platform_ns_fault_set_handler
 .text.ns_interface_init
                0x0000000000010ec2        0x4 modules/trusted-firmware-m/libtfm_api.a(interface.c.obj)
 .text.SystemInit
                0x0000000000010ec6        0x2 modules/hal_nordic/nrfx/libmodules__hal_nordic__nrfx.a(system_nrf91.c.obj)
                0x0000000000010ec6                SystemInit
 .text.nrfx_isr
                0x0000000000010ec8        0x2 modules/hal_nordic/nrfx/libmodules__hal_nordic__nrfx.a(nrfx_glue.c.obj)
                0x0000000000010ec8                nrfx_isr
 .text.nrfx_busy_wait
                0x0000000000010eca        0x4 modules/hal_nordic/nrfx/libmodules__hal_nordic__nrfx.a(nrfx_glue.c.obj)
                0x0000000000010eca                nrfx_busy_wait
 .text.nrfx_gppi_channel_endpoints_setup
                0x0000000000010ece        0xe modules/hal_nordic/nrfx/libmodules__hal_nordic__nrfx.a(nrfx_gppi_dppi.c.obj)
                0x0000000000010ece                nrfx_gppi_channel_endpoints_setup
 .text.nrfx_clock_stop
                0x0000000000010edc        0x4 modules/hal_nordic/nrfx/libmodules__hal_nordic__nrfx.a(nrfx_clock.c.obj)
                0x0000000000010edc                nrfx_clock_stop
 .text.nrf_gpio_reconfigure
                0x0000000000010ee0       0x92 modules/hal_nordic/nrfx/libmodules__hal_nordic__nrfx.a(nrfx_gpiote.c.obj)
 .text.nrf_gpio_cfg_sense_set
                0x0000000000010f72       0x1e modules/hal_nordic/nrfx/libmodules__hal_nordic__nrfx.a(nrfx_gpiote.c.obj)
 .text.call_handler
                0x0000000000010f90       0x3a modules/hal_nordic/nrfx/libmodules__hal_nordic__nrfx.a(nrfx_gpiote.c.obj)
 .text.pin_trigger_disable
                0x0000000000010fca       0x4e modules/hal_nordic/nrfx/libmodules__hal_nordic__nrfx.a(nrfx_gpiote.c.obj)
 .text.nrfx_gpiote_pin_uninit
                0x0000000000011018        0x4 modules/hal_nordic/nrfx/libmodules__hal_nordic__nrfx.a(nrfx_gpiote.c.obj)
                0x0000000000011018                nrfx_gpiote_pin_uninit
 .text.nrfx_gpiote_trigger_disable
                0x000000000001101c        0x4 modules/hal_nordic/nrfx/libmodules__hal_nordic__nrfx.a(nrfx_gpiote.c.obj)
                0x000000000001101c                nrfx_gpiote_trigger_disable
 .text.xfer_completeness_check
                0x0000000000011020       0x62 modules/hal_nordic/nrfx/libmodules__hal_nordic__nrfx.a(nrfx_twim.c.obj)
 .text.__nrfy_internal_twim_event_handle.isra.0
                0x0000000000011082       0x22 modules/hal_nordic/nrfx/libmodules__hal_nordic__nrfx.a(nrfx_twim.c.obj)
 .text.__nrfy_internal_twim_events_process.constprop.0
                0x00000000000110a4       0x54 modules/hal_nordic/nrfx/libmodules__hal_nordic__nrfx.a(nrfx_twim.c.obj)
 .text.nrf_gpio_pin_set
                0x00000000000110f8       0x18 modules/hal_nordic/nrfx/libmodules__hal_nordic__nrfx.a(nrfx_twi_twim.c.obj)
 .text.rpc_handle_ctrl_message
                0x0000000000011110       0x18 C:/ncs/v2.7.0/nrfxlib/nrf_modem/lib/cellular/nrf9160/soft-float/libmodem.a(rpc_framework.c.obj)
                0x0000000000011110                rpc_handle_ctrl_message
 .text.rpc_list_preambles_init
                0x0000000000011128       0x20 C:/ncs/v2.7.0/nrfxlib/nrf_modem/lib/cellular/nrf9160/soft-float/libmodem.a(rpc_transport_ipc.c.obj)
 .text.rpc_transport_ipc_data_rx_resume
                0x0000000000011148        0x6 C:/ncs/v2.7.0/nrfxlib/nrf_modem/lib/cellular/nrf9160/soft-float/libmodem.a(rpc_transport_ipc.c.obj)
 .text.rpc_transport_ipc_data_rx_suspend
                0x000000000001114e        0x6 C:/ncs/v2.7.0/nrfxlib/nrf_modem/lib/cellular/nrf9160/soft-float/libmodem.a(rpc_transport_ipc.c.obj)
 .text.rpc_transport_ipc_shutdown
                0x0000000000011154        0xe C:/ncs/v2.7.0/nrfxlib/nrf_modem/lib/cellular/nrf9160/soft-float/libmodem.a(rpc_transport_ipc.c.obj)
 .text.rpc_transport_ipc_msg_alloc
                0x0000000000011162       0x4a C:/ncs/v2.7.0/nrfxlib/nrf_modem/lib/cellular/nrf9160/soft-float/libmodem.a(rpc_transport_ipc.c.obj)
 .text.rpc_client_msg_from_rpc_msg_get
                0x00000000000111ac        0x4 C:/ncs/v2.7.0/nrfxlib/nrf_modem/lib/cellular/nrf9160/soft-float/libmodem.a(rpc_client.c.obj)
                0x00000000000111ac                rpc_client_msg_from_rpc_msg_get
 .text.rpc_client_msg_alloc
                0x00000000000111b0       0x38 C:/ncs/v2.7.0/nrfxlib/nrf_modem/lib/cellular/nrf9160/soft-float/libmodem.a(rpc_client.c.obj)
                0x00000000000111b0                rpc_client_msg_alloc
 .text.rpc_client_msg_send
                0x00000000000111e8        0xe C:/ncs/v2.7.0/nrfxlib/nrf_modem/lib/cellular/nrf9160/soft-float/libmodem.a(rpc_client.c.obj)
                0x00000000000111e8                rpc_client_msg_send
 .text.rpc_client_msg_data_rx_free
                0x00000000000111f6        0x4 C:/ncs/v2.7.0/nrfxlib/nrf_modem/lib/cellular/nrf9160/soft-float/libmodem.a(rpc_client.c.obj)
                0x00000000000111f6                rpc_client_msg_data_rx_free
 .text.rpc_client_msg_data_tx_alloc
                0x00000000000111fa        0x4 C:/ncs/v2.7.0/nrfxlib/nrf_modem/lib/cellular/nrf9160/soft-float/libmodem.a(rpc_client.c.obj)
                0x00000000000111fa                rpc_client_msg_data_tx_alloc
 .text.rpc_client_msg_data_tx_free
                0x00000000000111fe       0x10 C:/ncs/v2.7.0/nrfxlib/nrf_modem/lib/cellular/nrf9160/soft-float/libmodem.a(rpc_client.c.obj)
                0x00000000000111fe                rpc_client_msg_data_tx_free
 .text.sockaddr_init
                0x000000000001120e       0x62 C:/ncs/v2.7.0/nrfxlib/nrf_modem/lib/cellular/nrf9160/soft-float/libmodem.a(addr.c.obj)
                0x000000000001120e                sockaddr_init
 .text.sock_pollcb
                0x0000000000011270       0x30 C:/ncs/v2.7.0/nrfxlib/nrf_modem/lib/cellular/nrf9160/soft-float/libmodem.a(sock.c.obj)
                0x0000000000011270                sock_pollcb
 .text.sock_pkt_append
                0x00000000000112a0       0x14 C:/ncs/v2.7.0/nrfxlib/nrf_modem/lib/cellular/nrf9160/soft-float/libmodem.a(sock.c.obj)
                0x00000000000112a0                sock_pkt_append
 .text.sock_is_stream
                0x00000000000112b4        0xa C:/ncs/v2.7.0/nrfxlib/nrf_modem/lib/cellular/nrf9160/soft-float/libmodem.a(sock.c.obj)
                0x00000000000112b4                sock_is_stream
 .text.sock_is_datagram
                0x00000000000112be        0xa C:/ncs/v2.7.0/nrfxlib/nrf_modem/lib/cellular/nrf9160/soft-float/libmodem.a(sock.c.obj)
                0x00000000000112be                sock_is_datagram
 .text.sock_proto_is_secure
                0x00000000000112c8       0x18 C:/ncs/v2.7.0/nrfxlib/nrf_modem/lib/cellular/nrf9160/soft-float/libmodem.a(sock.c.obj)
                0x00000000000112c8                sock_proto_is_secure
 .text.sock_is_attaching
                0x00000000000112e0        0xa C:/ncs/v2.7.0/nrfxlib/nrf_modem/lib/cellular/nrf9160/soft-float/libmodem.a(sock.c.obj)
                0x00000000000112e0                sock_is_attaching
 .text.sock_is_nonblock
                0x00000000000112ea        0x8 C:/ncs/v2.7.0/nrfxlib/nrf_modem/lib/cellular/nrf9160/soft-float/libmodem.a(sock.c.obj)
                0x00000000000112ea                sock_is_nonblock
 .text.sock_is_closed
                0x00000000000112f2        0xa C:/ncs/v2.7.0/nrfxlib/nrf_modem/lib/cellular/nrf9160/soft-float/libmodem.a(sock.c.obj)
                0x00000000000112f2                sock_is_closed
 .text.sock_is_eof
                0x00000000000112fc       0x16 C:/ncs/v2.7.0/nrfxlib/nrf_modem/lib/cellular/nrf9160/soft-float/libmodem.a(sock.c.obj)
                0x00000000000112fc                sock_is_eof
 .text.sock_has_stream_error
                0x0000000000011312        0x8 C:/ncs/v2.7.0/nrfxlib/nrf_modem/lib/cellular/nrf9160/soft-float/libmodem.a(sock.c.obj)
                0x0000000000011312                sock_has_stream_error
 .text.sock_has_error
                0x000000000001131a        0xe C:/ncs/v2.7.0/nrfxlib/nrf_modem/lib/cellular/nrf9160/soft-float/libmodem.a(sock.c.obj)
                0x000000000001131a                sock_has_error
 .text.sock_has_pollcb
                0x0000000000011328        0xa C:/ncs/v2.7.0/nrfxlib/nrf_modem/lib/cellular/nrf9160/soft-float/libmodem.a(sock.c.obj)
                0x0000000000011328                sock_has_pollcb
 .text.sock_can_read
                0x0000000000011332        0xa C:/ncs/v2.7.0/nrfxlib/nrf_modem/lib/cellular/nrf9160/soft-float/libmodem.a(sock.c.obj)
                0x0000000000011332                sock_can_read
 .text.sock_can_accept
                0x000000000001133c        0xc C:/ncs/v2.7.0/nrfxlib/nrf_modem/lib/cellular/nrf9160/soft-float/libmodem.a(sock.c.obj)
                0x000000000001133c                sock_can_accept
 .text.sock_can_send
                0x0000000000011348       0x48 C:/ncs/v2.7.0/nrfxlib/nrf_modem/lib/cellular/nrf9160/soft-float/libmodem.a(sock.c.obj)
                0x0000000000011348                sock_can_send
 .text.sock_apn_rate_control_set
                0x0000000000011390       0x18 C:/ncs/v2.7.0/nrfxlib/nrf_modem/lib/cellular/nrf9160/soft-float/libmodem.a(sock.c.obj)
                0x0000000000011390                sock_apn_rate_control_set
 .text.sock_pdn_status_set
                0x00000000000113a8       0x18 C:/ncs/v2.7.0/nrfxlib/nrf_modem/lib/cellular/nrf9160/soft-float/libmodem.a(sock.c.obj)
                0x00000000000113a8                sock_pdn_status_set
 .text.pkt_free
                0x00000000000113c0       0x1c C:/ncs/v2.7.0/nrfxlib/nrf_modem/lib/cellular/nrf9160/soft-float/libmodem.a(packet.c.obj)
                0x00000000000113c0                pkt_free
 .text.pkt_flush
                0x00000000000113dc       0x1c C:/ncs/v2.7.0/nrfxlib/nrf_modem/lib/cellular/nrf9160/soft-float/libmodem.a(packet.c.obj)
                0x00000000000113dc                pkt_flush
 .text.on_conf_dnssrv_res
                0x00000000000113f8        0x4 C:/ncs/v2.7.0/nrfxlib/nrf_modem/lib/cellular/nrf9160/soft-float/libmodem.a(dns.c.obj)
                0x00000000000113f8                on_conf_dnssrv_res
 .text.on_getifaddrs_res
                0x00000000000113fc       0x1a C:/ncs/v2.7.0/nrfxlib/nrf_modem/lib/cellular/nrf9160/soft-float/libmodem.a(ifaddrs.c.obj)
                0x00000000000113fc                on_getifaddrs_res
 .text.nrf_poll_one
                0x0000000000011416       0x92 C:/ncs/v2.7.0/nrfxlib/nrf_modem/lib/cellular/nrf9160/soft-float/libmodem.a(poll.c.obj)
                0x0000000000011416                nrf_poll_one
 .text.res_cookie_get
                0x00000000000114a8        0x4 C:/ncs/v2.7.0/nrfxlib/nrf_modem/lib/cellular/nrf9160/soft-float/libmodem.a(reqres.c.obj)
                0x00000000000114a8                res_cookie_get
 .text.res_forward
                0x00000000000114ac        0x8 C:/ncs/v2.7.0/nrfxlib/nrf_modem/lib/cellular/nrf9160/soft-float/libmodem.a(reqres.c.obj)
                0x00000000000114ac                res_forward
 .text.rpc_dfu_event_handler
                0x00000000000114b4       0x54 C:/ncs/v2.7.0/nrfxlib/nrf_modem/lib/cellular/nrf9160/soft-float/libmodem.a(nrf_modem_delta_dfu.c.obj)
                0x00000000000114b4                rpc_dfu_event_handler
 .text.delta_dfu_res_cookie_get
                0x0000000000011508        0x4 C:/ncs/v2.7.0/nrfxlib/nrf_modem/lib/cellular/nrf9160/soft-float/libmodem.a(delta_dfu_reqres.c.obj)
                0x0000000000011508                delta_dfu_res_cookie_get
 .text.delta_dfu_res_forward
                0x000000000001150c        0x8 C:/ncs/v2.7.0/nrfxlib/nrf_modem/lib/cellular/nrf9160/soft-float/libmodem.a(delta_dfu_reqres.c.obj)
                0x000000000001150c                delta_dfu_res_forward
 .text.nrf_modem_is_initialized
                0x0000000000011514        0x4 C:/ncs/v2.7.0/nrfxlib/nrf_modem/lib/cellular/nrf9160/soft-float/libmodem.a(nrf_modem.c.obj)
                0x0000000000011514                nrf_modem_is_initialized
 .text.z_impl_k_busy_wait
                0x0000000000011518        0x8 zephyr/kernel/libkernel.a(busy_wait.c.obj)
                0x0000000000011518                z_impl_k_busy_wait
 .text.z_device_state_init
                0x0000000000011520        0x2 zephyr/kernel/libkernel.a(device.c.obj)
                0x0000000000011520                z_device_state_init
 .text.z_device_is_ready
                0x0000000000011522       0x16 zephyr/kernel/libkernel.a(device.c.obj)
                0x0000000000011522                z_device_is_ready
 .text.arch_system_halt
                0x0000000000011538       0x10 zephyr/kernel/libkernel.a(fatal.c.obj)
                0x0000000000011538                arch_system_halt
 .text.do_device_init
                0x0000000000011548       0x30 zephyr/kernel/libkernel.a(init.c.obj)
 .text.z_early_memset
                0x0000000000011578        0x4 zephyr/kernel/libkernel.a(init.c.obj)
                0x0000000000011578                z_early_memset
 .text.z_early_memcpy
                0x000000000001157c        0x4 zephyr/kernel/libkernel.a(init.c.obj)
                0x000000000001157c                z_early_memcpy
 .text.k_heap_init
                0x0000000000011580       0x10 zephyr/kernel/libkernel.a(kheap.c.obj)
                0x0000000000011580                k_heap_init
 .text.k_heap_aligned_alloc
                0x0000000000011590       0x82 zephyr/kernel/libkernel.a(kheap.c.obj)
                0x0000000000011590                k_heap_aligned_alloc
 .text.k_heap_alloc
                0x0000000000011612       0x14 zephyr/kernel/libkernel.a(kheap.c.obj)
                0x0000000000011612                k_heap_alloc
 .text.k_heap_free
                0x0000000000011626       0x38 zephyr/kernel/libkernel.a(kheap.c.obj)
                0x0000000000011626                k_heap_free
 .text.idle     0x000000000001165e       0x16 zephyr/kernel/libkernel.a(idle.c.obj)
                0x000000000001165e                idle
 .text.adjust_owner_prio.isra.0
                0x0000000000011674       0x10 zephyr/kernel/libkernel.a(mutex.c.obj)
 .text.z_impl_k_sem_init
                0x0000000000011684       0x18 zephyr/kernel/libkernel.a(sem.c.obj)
                0x0000000000011684                z_impl_k_sem_init
 .text.k_is_in_isr
                0x000000000001169c        0xc zephyr/kernel/libkernel.a(thread.c.obj)
                0x000000000001169c                k_is_in_isr
 .text.z_impl_k_thread_name_set
                0x00000000000116a8        0x6 zephyr/kernel/libkernel.a(thread.c.obj)
                0x00000000000116a8                z_impl_k_thread_name_set
 .text.k_thread_name_get
                0x00000000000116ae        0x4 zephyr/kernel/libkernel.a(thread.c.obj)
                0x00000000000116ae                k_thread_name_get
 .text.z_impl_k_thread_start
                0x00000000000116b2        0x4 zephyr/kernel/libkernel.a(thread.c.obj)
                0x00000000000116b2                z_impl_k_thread_start
 .text.sys_dlist_remove
                0x00000000000116b6       0x10 zephyr/kernel/libkernel.a(sched.c.obj)
 .text.unpend_thread_no_timeout
                0x00000000000116c6       0x14 zephyr/kernel/libkernel.a(sched.c.obj)
 .text.add_to_waitq_locked
                0x00000000000116da       0x50 zephyr/kernel/libkernel.a(sched.c.obj)
 .text.z_ready_thread
                0x000000000001172a       0x1e zephyr/kernel/libkernel.a(sched.c.obj)
                0x000000000001172a                z_ready_thread
 .text.z_impl_k_thread_suspend
                0x0000000000011748       0x34 zephyr/kernel/libkernel.a(sched.c.obj)
                0x0000000000011748                z_impl_k_thread_suspend
 .text.z_unpend_thread_no_timeout
                0x000000000001177c       0x22 zephyr/kernel/libkernel.a(sched.c.obj)
                0x000000000001177c                z_unpend_thread_no_timeout
 .text.z_sched_wake_thread
                0x000000000001179e       0x42 zephyr/kernel/libkernel.a(sched.c.obj)
                0x000000000001179e                z_sched_wake_thread
 .text.z_thread_timeout
                0x00000000000117e0        0x8 zephyr/kernel/libkernel.a(sched.c.obj)
                0x00000000000117e0                z_thread_timeout
 .text.z_unpend1_no_timeout
                0x00000000000117e8       0x2c zephyr/kernel/libkernel.a(sched.c.obj)
                0x00000000000117e8                z_unpend1_no_timeout
 .text.z_unpend_first_thread
                0x0000000000011814       0x36 zephyr/kernel/libkernel.a(sched.c.obj)
                0x0000000000011814                z_unpend_first_thread
 .text.z_unpend_thread
                0x000000000001184a       0x2e zephyr/kernel/libkernel.a(sched.c.obj)
                0x000000000001184a                z_unpend_thread
 .text.z_unpend_all
                0x0000000000011878       0x20 zephyr/kernel/libkernel.a(sched.c.obj)
                0x0000000000011878                z_unpend_all
 .text.z_thread_abort
                0x0000000000011898       0x44 zephyr/kernel/libkernel.a(sched.c.obj)
                0x0000000000011898                z_thread_abort
 .text.z_abort_timeout
                0x00000000000118dc       0x2a zephyr/kernel/libkernel.a(timeout.c.obj)
                0x00000000000118dc                z_abort_timeout
 .text.sys_clock_tick_get_32
                0x0000000000011906        0x8 zephyr/kernel/libkernel.a(timeout.c.obj)
                0x0000000000011906                sys_clock_tick_get_32
 .text.z_impl_k_uptime_ticks
                0x000000000001190e        0x4 zephyr/kernel/libkernel.a(timeout.c.obj)
                0x000000000001190e                z_impl_k_uptime_ticks
 .text.sys_timepoint_calc
                0x0000000000011912       0x48 zephyr/kernel/libkernel.a(timeout.c.obj)
                0x0000000000011912                sys_timepoint_calc
 .text.sys_timepoint_timeout
                0x000000000001195a       0x42 zephyr/kernel/libkernel.a(timeout.c.obj)
                0x000000000001195a                sys_timepoint_timeout
 .text.k_timer_init
                0x000000000001199c       0x18 zephyr/kernel/libkernel.a(timer.c.obj)
                0x000000000001199c                k_timer_init
 .text.z_impl_k_timer_stop
                0x00000000000119b4       0x38 zephyr/kernel/libkernel.a(timer.c.obj)
                0x00000000000119b4                z_impl_k_timer_stop
 .text.strncasecmp
                0x00000000000119ec       0x3a c:\ncs\toolchains\ce3b5ff664\opt\zephyr-sdk\arm-zephyr-eabi\bin\../lib/gcc/../../picolibc/arm-zephyr-eabi/lib/thumb/v8-m.main/nofp\libc.a(libc_string_strncasecmp.c.o)
                0x00000000000119ec                strncasecmp
 .text.strncpy  0x0000000000011a26       0x20 c:\ncs\toolchains\ce3b5ff664\opt\zephyr-sdk\arm-zephyr-eabi\bin\../lib/gcc/../../picolibc/arm-zephyr-eabi/lib/thumb/v8-m.main/nofp\libc.a(libc_string_strncpy.c.o)
                0x0000000000011a26                strncpy
 .text.strnlen  0x0000000000011a46       0x18 c:\ncs\toolchains\ce3b5ff664\opt\zephyr-sdk\arm-zephyr-eabi\bin\../lib/gcc/../../picolibc/arm-zephyr-eabi/lib/thumb/v8-m.main/nofp\libc.a(libc_string_strnlen.c.o)
                0x0000000000011a46                strnlen
 .text.strstr   0x0000000000011a5e       0x2c c:\ncs\toolchains\ce3b5ff664\opt\zephyr-sdk\arm-zephyr-eabi\bin\../lib/gcc/../../picolibc/arm-zephyr-eabi/lib/thumb/v8-m.main/nofp\libc.a(libc_string_strstr.c.o)
                0x0000000000011a5e                strstr
 .text.__ultoa_invert
                0x0000000000011a8a       0xac c:\ncs\toolchains\ce3b5ff664\opt\zephyr-sdk\arm-zephyr-eabi\bin\../lib/gcc/../../picolibc/arm-zephyr-eabi/lib/thumb/v8-m.main/nofp\libc.a(libc_tinystdio_vflprintf.c.o)
 .text.memcpy   0x0000000000011b36       0x1a c:\ncs\toolchains\ce3b5ff664\opt\zephyr-sdk\arm-zephyr-eabi\bin\../lib/gcc/../../picolibc/arm-zephyr-eabi/lib/thumb/v8-m.main/nofp\libc.a(memcpy.c.o)
                0x0000000000011b36                __aeabi_memcpy
                0x0000000000011b36                __aeabi_memcpy4
                0x0000000000011b36                __aeabi_memcpy8
                0x0000000000011b36                memcpy
 .text.memset   0x0000000000011b50       0x10 c:\ncs\toolchains\ce3b5ff664\opt\zephyr-sdk\arm-zephyr-eabi\bin\../lib/gcc/../../picolibc/arm-zephyr-eabi/lib/thumb/v8-m.main/nofp\libc.a(memset.c.o)
                0x0000000000011b50                memset
 .text.__file_str_put