Archive member included to satisfy reference by file (symbol)

app/libapp.a(shmem.c.obj)     (--whole-archive)
app/libapp.a(main.c.obj)      (--whole-archive)
app/libapp.a(i2c_scanner.c.obj)
                              (--whole-archive)
app/libapp.a(ssd1315.c.obj)   (--whole-archive)
app/libapp.a(ssd1315_reg.c.obj)
                              (--whole-archive)
zephyr/libzephyr.a(heap.c.obj)
                              (--whole-archive)
zephyr/libzephyr.a(cbprintf_packaged.c.obj)
                              (--whole-archive)
zephyr/libzephyr.a(printk.c.obj)
                              (--whole-archive)
zephyr/libzephyr.a(sem.c.obj)
                              (--whole-archive)
zephyr/libzephyr.a(thread_entry.c.obj)
                              (--whole-archive)
zephyr/libzephyr.a(cbprintf_complete.c.obj)
                              (--whole-archive)
zephyr/libzephyr.a(assert.c.obj)
                              (--whole-archive)
zephyr/libzephyr.a(mpsc_pbuf.c.obj)
                              (--whole-archive)
zephyr/libzephyr.a(dec.c.obj)
                              (--whole-archive)
zephyr/libzephyr.a(hex.c.obj)
                              (--whole-archive)
zephyr/libzephyr.a(rb.c.obj)  (--whole-archive)
zephyr/libzephyr.a(timeutil.c.obj)
                              (--whole-archive)
zephyr/libzephyr.a(bitarray.c.obj)
                              (--whole-archive)
zephyr/libzephyr.a(onoff.c.obj)
                              (--whole-archive)
zephyr/libzephyr.a(notify.c.obj)
                              (--whole-archive)
zephyr/libzephyr.a(configs.c.obj)
                              (--whole-archive)
zephyr/libzephyr.a(log_core.c.obj)
                              (--whole-archive)
zephyr/libzephyr.a(log_mgmt.c.obj)
                              (--whole-archive)
zephyr/libzephyr.a(log_cache.c.obj)
                              (--whole-archive)
zephyr/libzephyr.a(log_msg.c.obj)
                              (--whole-archive)
zephyr/libzephyr.a(log_output.c.obj)
                              (--whole-archive)
zephyr/libzephyr.a(log_backend_uart.c.obj)
                              (--whole-archive)
zephyr/libzephyr.a(mem_attr.c.obj)
                              (--whole-archive)
zephyr/libzephyr.a(tracing_none.c.obj)
                              (--whole-archive)
zephyr/libzephyr.a(banner.c.obj)
                              (--whole-archive)
zephyr/libzephyr.a(flash_map_partition_manager.c.obj)
                              (--whole-archive)
zephyr/arch/common/libarch__common.a(sw_isr_common.c.obj)
                              (--whole-archive)
zephyr/arch/arch/arm/core/libarch__arm__core.a(fatal.c.obj)
                              (--whole-archive)
zephyr/arch/arch/arm/core/libarch__arm__core.a(nmi.c.obj)
                              (--whole-archive)
zephyr/arch/arch/arm/core/libarch__arm__core.a(nmi_on_reset.S.obj)
                              (--whole-archive)
zephyr/arch/arch/arm/core/libarch__arm__core.a(tls.c.obj)
                              (--whole-archive)
zephyr/arch/arch/arm/core/cortex_m/libarch__arm__core__cortex_m.a(exc_exit.c.obj)
                              (--whole-archive)
zephyr/arch/arch/arm/core/cortex_m/libarch__arm__core__cortex_m.a(fault.c.obj)
                              (--whole-archive)
zephyr/arch/arch/arm/core/cortex_m/libarch__arm__core__cortex_m.a(fault_s.S.obj)
                              (--whole-archive)
zephyr/arch/arch/arm/core/cortex_m/libarch__arm__core__cortex_m.a(fpu.c.obj)
                              (--whole-archive)
zephyr/arch/arch/arm/core/cortex_m/libarch__arm__core__cortex_m.a(reset.S.obj)
                              (--whole-archive)
zephyr/arch/arch/arm/core/cortex_m/libarch__arm__core__cortex_m.a(scb.c.obj)
                              (--whole-archive)
zephyr/arch/arch/arm/core/cortex_m/libarch__arm__core__cortex_m.a(thread_abort.c.obj)
                              (--whole-archive)
zephyr/arch/arch/arm/core/cortex_m/libarch__arm__core__cortex_m.a(vector_table.S.obj)
                              (--whole-archive)
zephyr/arch/arch/arm/core/cortex_m/libarch__arm__core__cortex_m.a(swap.c.obj)
                              (--whole-archive)
zephyr/arch/arch/arm/core/cortex_m/libarch__arm__core__cortex_m.a(swap_helper.S.obj)
                              (--whole-archive)
zephyr/arch/arch/arm/core/cortex_m/libarch__arm__core__cortex_m.a(irq_manage.c.obj)
                              (--whole-archive)
zephyr/arch/arch/arm/core/cortex_m/libarch__arm__core__cortex_m.a(prep_c.c.obj)
                              (--whole-archive)
zephyr/arch/arch/arm/core/cortex_m/libarch__arm__core__cortex_m.a(thread.c.obj)
                              (--whole-archive)
zephyr/arch/arch/arm/core/cortex_m/libarch__arm__core__cortex_m.a(cpu_idle.c.obj)
                              (--whole-archive)
zephyr/arch/arch/arm/core/cortex_m/libarch__arm__core__cortex_m.a(irq_init.c.obj)
                              (--whole-archive)
[...]
Memory Configuration

Name             Origin             Length             Attributes
FLASH            0x0000000000008000 0x00000000000f8000 xr
RAM              0x000000002000c568 0x0000000000033a98 xw
IDT_LIST         0x00000000ffff7fff 0x0000000000008000 xw
*default*        0x0000000000000000 0xffffffffffffffff

Linker script and memory map

                0x000000000000f8a8                vfprintf = __l_vfprintf
                0x0000000000000000                vfscanf = __l_vfscanf
LOAD zephyr/CMakeFiles/zephyr_pre0.dir/misc/empty_file.c.obj
LOAD zephyr/CMakeFiles/offsets.dir/./arch/arm/core/offsets/offsets.c.obj
LOAD tfm/api_ns/interface/lib/s_veneers.o
LOAD app/libapp.a
LOAD zephyr/libzephyr.a
LOAD zephyr/arch/common/libarch__common.a
LOAD zephyr/arch/arch/arm/core/libarch__arm__core.a
LOAD zephyr/arch/arch/arm/core/cortex_m/libarch__arm__core__cortex_m.a
LOAD zephyr/arch/arch/arm/core/cortex_m/cmse/libarch__arm__core__cortex_m__cmse.a
LOAD zephyr/arch/arch/arm/core/mpu/libarch__arm__core__mpu.a
LOAD zephyr/lib/libc/picolibc/liblib__libc__picolibc.a
LOAD zephyr/lib/libc/common/liblib__libc__common.a
LOAD zephyr/soc/soc/nrf9160/libsoc__nordic.a
LOAD zephyr/drivers/clock_control/libdrivers__clock_control.a
LOAD zephyr/drivers/console/libdrivers__console.a
LOAD zephyr/drivers/gpio/libdrivers__gpio.a
LOAD zephyr/drivers/i2c/libdrivers__i2c.a
LOAD zephyr/drivers/pinctrl/libdrivers__pinctrl.a
LOAD zephyr/drivers/serial/libdrivers__serial.a
LOAD zephyr/drivers/timer/libdrivers__timer.a
LOAD modules/nrf/lib/nrf_modem_lib/lib..__nrf__lib__nrf_modem_lib.a
LOAD modules/nrf/lib/modem_antenna/lib..__nrf__lib__modem_antenna.a
LOAD modules/nrf/subsys/nrf_security/src/zephyr/libmbedtls_zephyr.a
LOAD modules/nrf/modules/trusted-firmware-m/lib..__nrf__modules__trusted-firmware-m.a
LOAD modules/nrf/modules/trusted-firmware-m/libtfm_api_nrf.a
LOAD modules/trusted-firmware-m/libtfm_api.a
LOAD modules/hal_nordic/nrfx/libmodules__hal_nordic__nrfx.a
LOAD E:/Uni/WS2425/IoT_Security/NRF/v2.7.0/nrfxlib/nrf_modem/lib/cellular/nrf9160/soft-float/libmodem.a
LOAD zephyr/kernel/libkernel.a
LOAD e:/uni/ws2425/iot_security/nrf/toolchains/ce3b5ff664/opt/zephyr-sdk/arm-zephyr-eabi/bin/../lib/gcc/arm-zephyr-eabi/12.2.0/thumb/v8-m.main/nofp\libgcc.a
LOAD zephyr/arch/common/libisr_tables.a
LOAD modules/nrf/subsys/nrf_security/src/libmbedcrypto.a
LOAD E:/Uni/WS2425/IoT_Security/NRF/v2.7.0/nrfxlib/crypto/nrf_oberon/lib/cortex-m33/soft-float/liboberon_mbedtls_3.0.15.a
LOAD modules/nrf/subsys/nrf_security/src/libmbedcrypto_base.a
LOAD E:/Uni/WS2425/IoT_Security/NRF/v2.7.0/nrfxlib/crypto/nrf_oberon/lib/cortex-m33/soft-float/liboberon_3.0.15.a
LOAD e:\uni\ws2425\iot_security\nrf\toolchains\ce3b5ff664\opt\zephyr-sdk\arm-zephyr-eabi\bin\../lib/gcc/../../picolibc/arm-zephyr-eabi/lib/thumb/v8-m.main/nofp\libc.a
LOAD e:/uni/ws2425/iot_security/nrf/toolchains/ce3b5ff664/opt/zephyr-sdk/arm-zephyr-eabi/bin/../lib/gcc/arm-zephyr-eabi/12.2.0/thumb/v8-m.main/nofp\libgcc.a
                0x0000000000000020                _region_min_align = 0x20

.rel.plt        0x0000000000008000        0x0
 *(SORT_BY_ALIGNMENT(.rel.plt))
                [!provide]                        PROVIDE (__rel_iplt_start = .)
 *(SORT_BY_ALIGNMENT(.rel.iplt))
 .rel.iplt      0x0000000000008000        0x0 app/libapp.a(main.c.obj)
                [!provide]                        PROVIDE (__rel_iplt_end = .)

.rela.plt       0x0000000000000000        0x0
 *(SORT_BY_ALIGNMENT(.rela.plt))
                [!provide]                        PROVIDE (__rela_iplt_start = .)
 *(SORT_BY_ALIGNMENT(.rela.iplt))
                [!provide]                        PROVIDE (__rela_iplt_end = .)

.rel.dyn
 *(SORT_BY_ALIGNMENT(.rel.*))

.rela.dyn
 *(SORT_BY_ALIGNMENT(.rela.*))

/DISCARD/
 *(SORT_BY_ALIGNMENT(.plt))

/DISCARD/
 *(SORT_BY_ALIGNMENT(.iplt))
                0x0000000000008000                __rom_region_start = 0x8000

rom_start       0x0000000000008000      0x144
                0x0000000000008000                __rom_start_address = .
 FILL mask 0x00
                0x0000000000008000                . = (. + (0x0 - (. - __rom_start_address)))
                0x0000000000008000                . = ALIGN (0x4)
                0x0000000000008000                . = ALIGN (0x80)
                0x0000000000008000                . = ALIGN (0x200)
                0x0000000000008000                _vector_start = .
 *(SORT_BY_ALIGNMENT(.exc_vector_table))
 *(SORT_BY_ALIGNMENT(.exc_vector_table.*))
 .exc_vector_table._vector_table_section
                0x0000000000008000       0x40 zephyr/arch/arch/arm/core/cortex_m/libarch__arm__core__cortex_m.a(vector_table.S.obj)
                0x0000000000008000                _vector_table
 *(SORT_BY_ALIGNMENT(.vectors))
                0x0000000000008144                _vector_end = .
                0x0000000000008040                . = ALIGN (0x4)
 *(SORT_BY_ALIGNMENT(.gnu.linkonce.irq_vector_table*))
 .gnu.linkonce.irq_vector_table
                0x0000000000008040      0x104 zephyr/arch/common/libisr_tables.a(isr_tables.c.obj)
                0x0000000000008040                _irq_vector_table
                0x0000000000008144                _vector_end = .

text            0x0000000000008144     0x9e34
                0x0000000000008144                __text_region_start = .
 *(SORT_BY_ALIGNMENT(.text))
 .text          0x0000000000008144       0x30 e:/uni/ws2425/iot_security/nrf/toolchains/ce3b5ff664/opt/zephyr-sdk/arm-zephyr-eabi/bin/../lib/gcc/arm-zephyr-eabi/12.2.0/thumb/v8-m.main/nofp\libgcc.a(_aeabi_uldivmod.o)
                0x0000000000008144                __aeabi_uldivmod
 .text          0x0000000000008174        0x4 e:/uni/ws2425/iot_security/nrf/toolchains/ce3b5ff664/opt/zephyr-sdk/arm-zephyr-eabi/bin/../lib/gcc/arm-zephyr-eabi/12.2.0/thumb/v8-m.main/nofp\libgcc.a(_dvmd_tls.o)
                0x0000000000008174                __aeabi_idiv0
                0x0000000000008174                __aeabi_ldiv0
 .text          0x0000000000008178      0x29c e:/uni/ws2425/iot_security/nrf/toolchains/ce3b5ff664/opt/zephyr-sdk/arm-zephyr-eabi/bin/../lib/gcc/arm-zephyr-eabi/12.2.0/thumb/v8-m.main/nofp\libgcc.a(_udivmoddi4.o)
                0x0000000000008178                __udivmoddi4
 .text          0x0000000000008414       0x10 e:\uni\ws2425\iot_security\nrf\toolchains\ce3b5ff664\opt\zephyr-sdk\arm-zephyr-eabi\bin\../lib/gcc/../../picolibc/arm-zephyr-eabi/lib/thumb/v8-m.main/nofp\libc.a(strlen.S.o)
                0x0000000000008414                strlen
 *(SORT_BY_ALIGNMENT(.text.*))
 .text.I2C_Init.part.0
                0x0000000000008424       0x1c app/libapp.a(main.c.obj)
 .text.I2C_Init
                0x0000000000008440       0x1c app/libapp.a(main.c.obj)
                0x0000000000008440                I2C_Init
 .text.I2C_ReadReg
                0x000000000000845c       0x64 app/libapp.a(main.c.obj)
                0x000000000000845c                I2C_ReadReg
 .text.I2C_WriteReg
                0x00000000000084c0       0x98 app/libapp.a(main.c.obj)
                0x00000000000084c0                I2C_WriteReg
 .text.main     0x0000000000008558       0x8c app/libapp.a(main.c.obj)
                0x0000000000008558                main
 .text.SSD1315_Refresh
                0x00000000000085e4       0x6c app/libapp.a(ssd1315.c.obj)
                0x00000000000085e4                SSD1315_Refresh
 .text.SSD1315_SetPixel.part.0
                0x0000000000008650       0x1c app/libapp.a(ssd1315.c.obj)
 .text.SSD1315_SetPixel
                0x000000000000866c       0x30 app/libapp.a(ssd1315.c.obj)
                0x000000000000866c                SSD1315_SetPixel
 .text.SSD1315_Init
                0x000000000000869c       0x60 app/libapp.a(ssd1315.c.obj)
                0x000000000000869c                SSD1315_Init
 .text.SSD1315_RegisterBusIO
                0x00000000000086fc       0x34 app/libapp.a(ssd1315.c.obj)
                0x00000000000086fc                SSD1315_RegisterBusIO
 .text.cbvprintf_package
                0x0000000000008730      0x3a4 zephyr/libzephyr.a(cbprintf_packaged.c.obj)
                0x0000000000008730                cbvprintf_package
 .text.cbprintf_package_convert
                0x0000000000008ad4      0x3c0 zephyr/libzephyr.a(cbprintf_packaged.c.obj)
                0x0000000000008ad4                cbprintf_package_convert
 .text.__printk_hook_install
                0x0000000000008e94        0xc zephyr/libzephyr.a(printk.c.obj)
                0x0000000000008e94                __printk_hook_install
 .text.z_thread_entry
                0x0000000000008ea0       0x34 zephyr/libzephyr.a(thread_entry.c.obj)
                0x0000000000008ea0                z_thread_entry
 .text.process_event
                0x0000000000008ed4      0x21c zephyr/libzephyr.a(onoff.c.obj)
 .text.activate_foreach_backend
                0x00000000000090f0       0x64 zephyr/libzephyr.a(log_core.c.obj)
 .text.enable_logger
                0x0000000000009154       0x5c zephyr/libzephyr.a(log_core.c.obj)
 .text.log_process_thread_timer_expiry_fn
                0x00000000000091b0        0xc zephyr/libzephyr.a(log_core.c.obj)
 .text.z_log_init
                0x00000000000091bc       0x90 zephyr/libzephyr.a(log_core.c.obj)
 .text.log_format_func_t_get
                0x000000000000924c        0xc zephyr/libzephyr.a(log_core.c.obj)
                0x000000000000924c                log_format_func_t_get
 .text.log_set_timestamp_func
                0x0000000000009258       0x20 zephyr/libzephyr.a(log_core.c.obj)
                0x0000000000009258                log_set_timestamp_func
 .text.z_log_notify_backend_enabled
                0x0000000000009278       0x1c zephyr/libzephyr.a(log_core.c.obj)
                0x0000000000009278                z_log_notify_backend_enabled
 .text.z_log_dropped
                0x0000000000009294       0x28 zephyr/libzephyr.a(log_core.c.obj)
                0x0000000000009294                z_log_dropped
 .text.z_log_dropped_read_and_clear
                0x00000000000092bc       0x18 zephyr/libzephyr.a(log_core.c.obj)
                0x00000000000092bc                z_log_dropped_read_and_clear
 .text.dropped_notify
                0x00000000000092d4       0x30 zephyr/libzephyr.a(log_core.c.obj)
                0x00000000000092d4                dropped_notify
 .text.z_log_msg_init
                0x0000000000009304       0x20 zephyr/libzephyr.a(log_core.c.obj)
                0x0000000000009304                z_log_msg_init
 .text.log_core_init
                0x0000000000009324       0x34 zephyr/libzephyr.a(log_core.c.obj)
                0x0000000000009324                log_core_init
 .text.z_log_msg_alloc
                0x0000000000009358       0x10 zephyr/libzephyr.a(log_core.c.obj)
                0x0000000000009358                z_log_msg_alloc
 .text.z_log_msg_local_claim
                0x0000000000009368        0xc zephyr/libzephyr.a(log_core.c.obj)
                0x0000000000009368                z_log_msg_local_claim
 .text.z_log_msg_free
                0x0000000000009374       0x10 zephyr/libzephyr.a(log_core.c.obj)
                0x0000000000009374                z_log_msg_free
 .text.z_log_msg_pending
                0x0000000000009384        0xc zephyr/libzephyr.a(log_core.c.obj)
                0x0000000000009384                z_log_msg_pending
 .text.z_impl_log_process
                0x0000000000009390       0xb4 zephyr/libzephyr.a(log_core.c.obj)
                0x0000000000009390                z_impl_log_process
 .text.z_impl_log_panic
                0x0000000000009444       0x44 zephyr/libzephyr.a(log_core.c.obj)
                0x0000000000009444                z_impl_log_panic
 .text.log_process_thread_func
                0x0000000000009488       0xa4 zephyr/libzephyr.a(log_core.c.obj)
 .text.z_log_msg_post_finalize
                0x000000000000952c       0x78 zephyr/libzephyr.a(log_core.c.obj)
 .text.z_log_msg_commit
                0x00000000000095a4       0x24 zephyr/libzephyr.a(log_core.c.obj)
                0x00000000000095a4                z_log_msg_commit
 .text.log_source_name_get
                0x00000000000095c8       0x1c zephyr/libzephyr.a(log_mgmt.c.obj)
                0x00000000000095c8                log_source_name_get
 .text.log_backend_enable
                0x00000000000095e4       0x28 zephyr/libzephyr.a(log_mgmt.c.obj)
                0x00000000000095e4                log_backend_enable
 .text.z_impl_z_log_msg_static_create
                0x000000000000960c      0x108 zephyr/libzephyr.a(log_msg.c.obj)
                0x000000000000960c                z_impl_z_log_msg_static_create
 .text.z_log_msg_runtime_vcreate
                0x0000000000009714       0x8c zephyr/libzephyr.a(log_msg.c.obj)
                0x0000000000009714                z_log_msg_runtime_vcreate
 .text.log_msg_get_source_id
                0x00000000000097a0       0x18 zephyr/libzephyr.a(log_msg.c.obj)
                0x00000000000097a0                log_msg_get_source_id
 .text.print_formatted
                0x00000000000097b8       0x24 zephyr/libzephyr.a(log_output.c.obj)
 .text.newline_print
                0x00000000000097dc       0x1c zephyr/libzephyr.a(log_output.c.obj)
 .text.log_output_process
                0x00000000000097f8      0x2d4 zephyr/libzephyr.a(log_output.c.obj)
                0x00000000000097f8                log_output_process
 .text.log_output_dropped_process
                0x0000000000009acc       0x58 zephyr/libzephyr.a(log_output.c.obj)
                0x0000000000009acc                log_output_dropped_process
 .text.log_output_timestamp_freq_set
                0x0000000000009b24       0x2c zephyr/libzephyr.a(log_output.c.obj)
                0x0000000000009b24                log_output_timestamp_freq_set
 .text.char_out
                0x0000000000009b50       0x24 zephyr/libzephyr.a(log_backend_uart.c.obj)
 .text.mem_attr_get_regions
                0x0000000000009b74        0xc zephyr/libzephyr.a(mem_attr.c.obj)
                0x0000000000009b74                mem_attr_get_regions
 .text.boot_banner
                0x0000000000009b80       0x1c zephyr/libzephyr.a(banner.c.obj)
                0x0000000000009b80                boot_banner
 .text.z_arm_fatal_error
                0x0000000000009b9c       0xb8 zephyr/arch/arch/arm/core/libarch__arm__core.a(fatal.c.obj)
                0x0000000000009b9c                z_arm_fatal_error
 .text.z_SysNmiOnReset
                0x0000000000009c54        0x8 zephyr/arch/arch/arm/core/libarch__arm__core.a(nmi_on_reset.S.obj)
                0x0000000000009c54                z_SysNmiOnReset
 .text.arch_tls_stack_setup
                0x0000000000009c5c       0x40 zephyr/arch/arch/arm/core/libarch__arm__core.a(tls.c.obj)
                0x0000000000009c5c                arch_tls_stack_setup
 .text._HandlerModeExit
                0x0000000000009c9c       0x28 zephyr/arch/arch/arm/core/cortex_m/libarch__arm__core__cortex_m.a(exc_exit.c.obj)
                0x0000000000009c9c                z_arm_int_exit
                0x0000000000009c9c                z_arm_exc_exit
 .text.mem_manage_fault.constprop.0
                0x0000000000009cc4       0xd0 zephyr/arch/arch/arm/core/cortex_m/libarch__arm__core__cortex_m.a(fault.c.obj)
 .text.usage_fault.constprop.0
                0x0000000000009d94       0xbc zephyr/arch/arch/arm/core/cortex_m/libarch__arm__core__cortex_m.a(fault.c.obj)
 .text.bus_fault.constprop.0
                0x0000000000009e50       0xd0 zephyr/arch/arch/arm/core/cortex_m/libarch__arm__core__cortex_m.a(fault.c.obj)
 .text.z_arm_fault
                0x0000000000009f20      0x1e0 zephyr/arch/arch/arm/core/cortex_m/libarch__arm__core__cortex_m.a(fault.c.obj)
                0x0000000000009f20                z_arm_fault
 .text.z_arm_fault_init
                0x000000000000a100       0x18 zephyr/arch/arch/arm/core/cortex_m/libarch__arm__core__cortex_m.a(fault.c.obj)
                0x000000000000a100                z_arm_fault_init
 .text.__fault  0x000000000000a118       0x14 zephyr/arch/arch/arm/core/cortex_m/libarch__arm__core__cortex_m.a(fault_s.S.obj)
                0x000000000000a118                z_arm_usage_fault
                0x000000000000a118                z_arm_mpu_fault
                0x000000000000a118                z_arm_exc_spurious
                0x000000000000a118                z_arm_debug_monitor
                0x000000000000a118                z_arm_hard_fault
                0x000000000000a118                z_arm_bus_fault
 .text._reset_section
                0x000000000000a12c       0x60 zephyr/arch/arch/arm/core/cortex_m/libarch__arm__core__cortex_m.a(reset.S.obj)
                0x000000000000a12c                __start
                0x000000000000a12c                z_arm_reset
 .text.z_arm_clear_arm_mpu_config
                0x000000000000a18c       0x24 zephyr/arch/arch/arm/core/cortex_m/libarch__arm__core__cortex_m.a(scb.c.obj)
                0x000000000000a18c                z_arm_clear_arm_mpu_config
 .text.z_arm_init_arch_hw_at_boot
                0x000000000000a1b0       0x4c zephyr/arch/arch/arm/core/cortex_m/libarch__arm__core__cortex_m.a(scb.c.obj)
                0x000000000000a1b0                z_arm_init_arch_hw_at_boot
 .text.z_impl_k_thread_abort
                0x000000000000a1fc       0x2c zephyr/arch/arch/arm/core/cortex_m/libarch__arm__core__cortex_m.a(thread_abort.c.obj)
                0x000000000000a1fc                z_impl_k_thread_abort
 .text.arch_swap
                0x000000000000a228       0x30 zephyr/arch/arch/arm/core/cortex_m/libarch__arm__core__cortex_m.a(swap.c.obj)
                0x000000000000a228                arch_swap
 .text.z_arm_pendsv_c
                0x000000000000a258       0x50 zephyr/arch/arch/arm/core/cortex_m/libarch__arm__core__cortex_m.a(swap.c.obj)
                0x000000000000a258                z_arm_pendsv_c
 .text.z_arm_pendsv
                0x000000000000a2a8       0x48 zephyr/arch/arch/arm/core/cortex_m/libarch__arm__core__cortex_m.a(swap_helper.S.obj)
                0x000000000000a2a8                z_arm_pendsv
 .text.z_arm_svc
                0x000000000000a2f0       0x20 zephyr/arch/arch/arm/core/cortex_m/libarch__arm__core__cortex_m.a(swap_helper.S.obj)
                0x000000000000a2f0                z_arm_svc
 .text.arch_irq_enable
                0x000000000000a310       0x1c zephyr/arch/arch/arm/core/cortex_m/libarch__arm__core__cortex_m.a(irq_manage.c.obj)
                0x000000000000a310                arch_irq_enable
 .text.arch_irq_disable
                0x000000000000a32c       0x28 zephyr/arch/arch/arm/core/cortex_m/libarch__arm__core__cortex_m.a(irq_manage.c.obj)
                0x000000000000a32c                arch_irq_disable
 .text.arch_irq_is_enabled
                0x000000000000a354       0x1c zephyr/arch/arch/arm/core/cortex_m/libarch__arm__core__cortex_m.a(irq_manage.c.obj)
                0x000000000000a354                arch_irq_is_enabled
 .text.z_arm_irq_priority_set
                0x000000000000a370       0x2c zephyr/arch/arch/arm/core/cortex_m/libarch__arm__core__cortex_m.a(irq_manage.c.obj)
                0x000000000000a370                z_arm_irq_priority_set
 .text.z_prep_c
                0x000000000000a39c       0x38 zephyr/arch/arch/arm/core/cortex_m/libarch__arm__core__cortex_m.a(prep_c.c.obj)
                0x000000000000a39c                z_prep_c
 .text.arch_new_thread
                0x000000000000a3d4       0x3c zephyr/arch/arch/arm/core/cortex_m/libarch__arm__core__cortex_m.a(thread.c.obj)
                0x000000000000a3d4                arch_new_thread
 .text.arch_switch_to_main_thread
                0x000000000000a410       0x44 zephyr/arch/arch/arm/core/cortex_m/libarch__arm__core__cortex_m.a(thread.c.obj)
                0x000000000000a410                arch_switch_to_main_thread
 .text.z_arm_cpu_idle_init
                0x000000000000a454        0xc zephyr/arch/arch/arm/core/cortex_m/libarch__arm__core__cortex_m.a(cpu_idle.c.obj)
                0x000000000000a454                z_arm_cpu_idle_init
 .text.z_arm_interrupt_init
                0x000000000000a460       0x18 zephyr/arch/arch/arm/core/cortex_m/libarch__arm__core__cortex_m.a(irq_init.c.obj)
                0x000000000000a460                z_arm_interrupt_init
 .text._isr_wrapper
                0x000000000000a478       0x24 zephyr/arch/arch/arm/core/cortex_m/libarch__arm__core__cortex_m.a(isr_wrapper.c.obj)
                0x000000000000a478                _isr_wrapper
 .text.z_arm_configure_static_mpu_regions
                0x000000000000a49c       0x38 zephyr/arch/arch/arm/core/mpu/libarch__arm__core__mpu.a(arm_core_mpu.c.obj)
                0x000000000000a49c                z_arm_configure_static_mpu_regions
 .text.region_init
                0x000000000000a4d4       0x34 zephyr/arch/arch/arm/core/mpu/libarch__arm__core__mpu.a(arm_mpu.c.obj)
 .text.region_allocate_and_init
                0x000000000000a508       0x38 zephyr/arch/arch/arm/core/mpu/libarch__arm__core__mpu.a(arm_mpu.c.obj)
 .text.mpu_configure_regions_and_partition.constprop.0
                0x000000000000a540      0x164 zephyr/arch/arch/arm/core/mpu/libarch__arm__core__mpu.a(arm_mpu.c.obj)
 .text.arm_core_mpu_enable
                0x000000000000a6a4       0x18 zephyr/arch/arch/arm/core/mpu/libarch__arm__core__mpu.a(arm_mpu.c.obj)
                0x000000000000a6a4                arm_core_mpu_enable
 .text.arm_core_mpu_disable
                0x000000000000a6bc       0x14 zephyr/arch/arch/arm/core/mpu/libarch__arm__core__mpu.a(arm_mpu.c.obj)
                0x000000000000a6bc                arm_core_mpu_disable
 .text.arm_core_mpu_configure_static_mpu_regions
                0x000000000000a6d0       0x14 zephyr/arch/arch/arm/core/mpu/libarch__arm__core__mpu.a(arm_mpu.c.obj)
                0x000000000000a6d0                arm_core_mpu_configure_static_mpu_regions
 .text.arm_core_mpu_mark_areas_for_dynamic_regions
                0x000000000000a6e4       0xb8 zephyr/arch/arch/arm/core/mpu/libarch__arm__core__mpu.a(arm_mpu.c.obj)
                0x000000000000a6e4                arm_core_mpu_mark_areas_for_dynamic_regions
 .text.z_arm_mpu_init
                0x000000000000a79c      0x11c zephyr/arch/arch/arm/core/mpu/libarch__arm__core__mpu.a(arm_mpu.c.obj)
                0x000000000000a79c                z_arm_mpu_init
 .text.z_impl_zephyr_fputc
                0x000000000000a8b8       0x10 zephyr/lib/libc/picolibc/liblib__libc__picolibc.a(libc-hooks.c.obj)
                0x000000000000a8b8                z_impl_zephyr_fputc
 .text.__stdout_hook_install
                0x000000000000a8c8       0x18 zephyr/lib/libc/picolibc/liblib__libc__picolibc.a(libc-hooks.c.obj)
                0x000000000000a8c8                __stdout_hook_install
 .text.cbvprintf
                0x000000000000a8e0       0x38 zephyr/lib/libc/picolibc/liblib__libc__picolibc.a(libc-hooks.c.obj)
                0x000000000000a8e0                cbvprintf
 .text.malloc_prepare
                0x000000000000a918       0x24 zephyr/lib/libc/common/liblib__libc__common.a(malloc.c.obj)
 .text.nordicsemi_nrf91_init
                0x000000000000a93c       0x10 zephyr/soc/soc/nrf9160/libsoc__nordic.a(soc.c.obj)
 .text.arch_busy_wait
                0x000000000000a94c       0x14 zephyr/soc/soc/nrf9160/libsoc__nordic.a(soc.c.obj)
                0x000000000000a94c                arch_busy_wait
 .text.onoff_stop
                0x000000000000a960       0x30 zephyr/drivers/clock_control/libdrivers__clock_control.a(clock_control_nrf.c.obj)
 .text.onoff_start
                0x000000000000a990       0x44 zephyr/drivers/clock_control/libdrivers__clock_control.a(clock_control_nrf.c.obj)
 .text.generic_hfclk_stop
                0x000000000000a9d4       0x34 zephyr/drivers/clock_control/libdrivers__clock_control.a(clock_control_nrf.c.obj)
 .text.clk_init
                0x000000000000aa08       0x58 zephyr/drivers/clock_control/libdrivers__clock_control.a(clock_control_nrf.c.obj)
 .text.api_blocking_start
                0x000000000000aa60       0x34 zephyr/drivers/clock_control/libdrivers__clock_control.a(clock_control_nrf.c.obj)
 .text.clkstarted_handle.constprop.0
                0x000000000000aa94       0x4c zephyr/drivers/clock_control/libdrivers__clock_control.a(clock_control_nrf.c.obj)
 .text.generic_hfclk_start
                0x000000000000aae0       0x7c zephyr/drivers/clock_control/libdrivers__clock_control.a(clock_control_nrf.c.obj)
 .text.clock_event_handler
                0x000000000000ab5c       0x1c zephyr/drivers/clock_control/libdrivers__clock_control.a(clock_control_nrf.c.obj)
 .text.z_nrf_clock_control_lf_on
                0x000000000000ab78       0xf4 zephyr/drivers/clock_control/libdrivers__clock_control.a(clock_control_nrf.c.obj)
                0x000000000000ab78                z_nrf_clock_control_lf_on
 .text.uart_console_init
                0x000000000000ac6c       0x28 zephyr/drivers/console/libdrivers__console.a(uart_console.c.obj)
 .text.console_out
                0x000000000000ac94       0x28 zephyr/drivers/console/libdrivers__console.a(uart_console.c.obj)
 .text.gpio_nrfx_init
                0x000000000000acbc       0x48 zephyr/drivers/gpio/libdrivers__gpio.a(gpio_nrfx.c.obj)
 .text.nrfx_gpio_handler
                0x000000000000ad04       0x3c zephyr/drivers/gpio/libdrivers__gpio.a(gpio_nrfx.c.obj)
 .text.gpio_nrfx_pin_configure
                0x000000000000ad40      0x180 zephyr/drivers/gpio/libdrivers__gpio.a(gpio_nrfx.c.obj)
 .text.gpio_nrfx_pin_interrupt_configure
                0x000000000000aec0       0xf4 zephyr/drivers/gpio/libdrivers__gpio.a(gpio_nrfx.c.obj)
 .text.i2c_nrfx_twim_configure
                0x000000000000afb4       0x44 zephyr/drivers/i2c/libdrivers__i2c.a(i2c_nrfx_twim.c.obj)
 .text.i2c_nrfx_twim_init
                0x000000000000aff8       0x7c zephyr/drivers/i2c/libdrivers__i2c.a(i2c_nrfx_twim.c.obj)
 .text.i2c_nrfx_twim_recover_bus
                0x000000000000b074       0x3c zephyr/drivers/i2c/libdrivers__i2c.a(i2c_nrfx_twim.c.obj)
 .text.event_handler
                0x000000000000b0b0       0x34 zephyr/drivers/i2c/libdrivers__i2c.a(i2c_nrfx_twim.c.obj)
 .text.i2c_nrfx_twim_transfer
                0x000000000000b0e4      0x1d4 zephyr/drivers/i2c/libdrivers__i2c.a(i2c_nrfx_twim.c.obj)
 .text.pinctrl_configure_pins
                0x000000000000b2b8      0x17c zephyr/drivers/pinctrl/libdrivers__pinctrl.a(pinctrl_nrf.c.obj)
                0x000000000000b2b8                pinctrl_configure_pins
 .text.uarte_0_init
                0x000000000000b434      0x258 zephyr/drivers/serial/libdrivers__serial.a(uart_nrfx_uarte.c.obj)
 .text.uarte_nrfx_poll_out
                0x000000000000b68c       0xcc zephyr/drivers/serial/libdrivers__serial.a(uart_nrfx_uarte.c.obj)
 .text.compare_int_lock
                0x000000000000b758       0x40 zephyr/drivers/timer/libdrivers__timer.a(nrf_rtc_timer.c.obj)
 .text.sys_clock_timeout_handler
                0x000000000000b798       0x48 zephyr/drivers/timer/libdrivers__timer.a(nrf_rtc_timer.c.obj)
 .text.compare_int_unlock
                0x000000000000b7e0       0x4c zephyr/drivers/timer/libdrivers__timer.a(nrf_rtc_timer.c.obj)
 .text.z_nrf_rtc_timer_read
                0x000000000000b82c       0x44 zephyr/drivers/timer/libdrivers__timer.a(nrf_rtc_timer.c.obj)
                0x000000000000b82c                z_nrf_rtc_timer_read
 .text.compare_set
                0x000000000000b870      0x124 zephyr/drivers/timer/libdrivers__timer.a(nrf_rtc_timer.c.obj)
 .text.sys_clock_driver_init
                0x000000000000b994       0x90 zephyr/drivers/timer/libdrivers__timer.a(nrf_rtc_timer.c.obj)
 .text.rtc_nrf_isr
                0x000000000000ba24       0xd0 zephyr/drivers/timer/libdrivers__timer.a(nrf_rtc_timer.c.obj)
                0x000000000000ba24                rtc_nrf_isr
 .text.sys_clock_set_timeout
                0x000000000000baf4       0x5c zephyr/drivers/timer/libdrivers__timer.a(nrf_rtc_timer.c.obj)
                0x000000000000baf4                sys_clock_set_timeout
 .text.sys_clock_elapsed
                0x000000000000bb50       0x14 zephyr/drivers/timer/libdrivers__timer.a(nrf_rtc_timer.c.obj)
                0x000000000000bb50                sys_clock_elapsed
 .text.thread_monitor_entry_get
                0x000000000000bb64       0x48 modules/nrf/lib/nrf_modem_lib/lib..__nrf__lib__nrf_modem_lib.a(nrf_modem_os.c.obj)
 .text.on_init  0x000000000000bbac       0x20 modules/nrf/lib/nrf_modem_lib/lib..__nrf__lib__nrf_modem_lib.a(nrf_modem_os.c.obj)
 .text.nrf_modem_os_timedwait
                0x000000000000bbcc      0x190 modules/nrf/lib/nrf_modem_lib/lib..__nrf__lib__nrf_modem_lib.a(nrf_modem_os.c.obj)
                0x000000000000bbcc                nrf_modem_os_timedwait
 .text.nrf_modem_os_errno_set
                0x000000000000bd5c       0x14 modules/nrf/lib/nrf_modem_lib/lib..__nrf__lib__nrf_modem_lib.a(nrf_modem_os.c.obj)
                0x000000000000bd5c                nrf_modem_os_errno_set
 .text.nrf_modem_os_sem_init
                0x000000000000bd70       0x40 modules/nrf/lib/nrf_modem_lib/lib..__nrf__lib__nrf_modem_lib.a(nrf_modem_os.c.obj)
                0x000000000000bd70                nrf_modem_os_sem_init
 .text.nrf_modem_os_event_notify
                0x000000000000bdb0       0x38 modules/nrf/lib/nrf_modem_lib/lib..__nrf__lib__nrf_modem_lib.a(nrf_modem_os.c.obj)
                0x000000000000bdb0                nrf_modem_os_event_notify
 .text.nrf_modem_os_alloc
                0x000000000000bde8       0x10 modules/nrf/lib/nrf_modem_lib/lib..__nrf__lib__nrf_modem_lib.a(nrf_modem_os.c.obj)
                0x000000000000bde8                nrf_modem_os_alloc
 .text.nrf_modem_os_free
                0x000000000000bdf8        0xc modules/nrf/lib/nrf_modem_lib/lib..__nrf__lib__nrf_modem_lib.a(nrf_modem_os.c.obj)
                0x000000000000bdf8                nrf_modem_os_free
 .text.nrf_modem_os_shm_tx_alloc
                0x000000000000be04       0x10 modules/nrf/lib/nrf_modem_lib/lib..__nrf__lib__nrf_modem_lib.a(nrf_modem_os.c.obj)
                0x000000000000be04                nrf_modem_os_shm_tx_alloc
 .text.nrf_modem_os_shm_tx_free
                0x000000000000be14        0xc modules/nrf/lib/nrf_modem_lib/lib..__nrf__lib__nrf_modem_lib.a(nrf_modem_os.c.obj)
                0x000000000000be14                nrf_modem_os_shm_tx_free
 .text.cfun_callback
                0x000000000000be20       0x24 modules/nrf/lib/nrf_modem_lib/lib..__nrf__lib__nrf_modem_lib.a(cfun_hooks.c.obj)
 .text.on_modem_init
                0x000000000000be44        0xc modules/nrf/lib/nrf_modem_lib/lib..__nrf__lib__nrf_modem_lib.a(cfun_hooks.c.obj)
 .text.set_antenna_configuration.part.0
                0x000000000000be50       0x2c modules/nrf/lib/modem_antenna/lib..__nrf__lib__modem_antenna.a(modem_antenna.c.obj)
 .text.on_modem_lib_init
                0x000000000000be7c       0x40 modules/nrf/lib/modem_antenna/lib..__nrf__lib__modem_antenna.a(modem_antenna.c.obj)
 .text.ns_fault_init
                0x000000000000bebc       0x30 modules/nrf/modules/trusted-firmware-m/lib..__nrf__modules__trusted-firmware-m.a(fault.c.obj)
 .text.arm_fault
                0x000000000000beec      0x24c modules/nrf/modules/trusted-firmware-m/lib..__nrf__modules__trusted-firmware-m.a(fault.c.obj)
                0x000000000000beec                arm_fault
 .text.tfm_ns_fault_handler_callback
                0x000000000000c138       0x48 modules/nrf/modules/trusted-firmware-m/lib..__nrf__modules__trusted-firmware-m.a(fault.c.obj)
                0x000000000000c138                tfm_ns_fault_handler_callback
 .text.tfm_ns_interface_dispatch
                0x000000000000c180       0x68 modules/trusted-firmware-m/libtfm_api.a(interface.c.obj)
                0x000000000000c180                tfm_ns_interface_dispatch
 .text.tfm_platform_ioctl
                0x000000000000c1e8       0x4c modules/trusted-firmware-m/libtfm_api.a(tfm_platform_api.c.obj)
                0x000000000000c1e8                tfm_platform_ioctl
 .text.psa_call
                0x000000000000c234       0x34 modules/trusted-firmware-m/libtfm_api.a(tfm_tz_psa_ns_api.c.obj)
                0x000000000000c234                psa_call
 .text.nrfx_flag32_alloc
                0x000000000000c268       0x40 modules/hal_nordic/nrfx/libmodules__hal_nordic__nrfx.a(nrfx_flag32_allocator.c.obj)
                0x000000000000c268                nrfx_flag32_alloc
 .text.nrfx_flag32_free
                0x000000000000c2a8       0x38 modules/hal_nordic/nrfx/libmodules__hal_nordic__nrfx.a(nrfx_flag32_allocator.c.obj)
                0x000000000000c2a8                nrfx_flag32_free
 .text.nrfx_gppi_channels_enable
                0x000000000000c2e0        0xc modules/hal_nordic/nrfx/libmodules__hal_nordic__nrfx.a(nrfx_gppi_dppi.c.obj)
                0x000000000000c2e0                nrfx_gppi_channels_enable
 .text.clock_stop
                0x000000000000c2ec       0xb0 modules/hal_nordic/nrfx/libmodules__hal_nordic__nrfx.a(nrfx_clock.c.obj)
 .text.nrfx_clock_init
                0x000000000000c39c       0x20 modules/hal_nordic/nrfx/libmodules__hal_nordic__nrfx.a(nrfx_clock.c.obj)
                0x000000000000c39c                nrfx_clock_init
 .text.nrfx_clock_enable
                0x000000000000c3bc       0x28 modules/hal_nordic/nrfx/libmodules__hal_nordic__nrfx.a(nrfx_clock.c.obj)
                0x000000000000c3bc                nrfx_clock_enable
 .text.nrfx_clock_start
                0x000000000000c3e4       0xb8 modules/hal_nordic/nrfx/libmodules__hal_nordic__nrfx.a(nrfx_clock.c.obj)
                0x000000000000c3e4                nrfx_clock_start
 .text.nrfx_power_clock_irq_handler
                0x000000000000c49c       0x64 modules/hal_nordic/nrfx/libmodules__hal_nordic__nrfx.a(nrfx_clock.c.obj)
                0x000000000000c49c                nrfx_power_clock_irq_handler
 .text.nrfx_dppi_channel_alloc
                0x000000000000c500        0xc modules/hal_nordic/nrfx/libmodules__hal_nordic__nrfx.a(nrfx_dppi.c.obj)
                0x000000000000c500                nrfx_dppi_channel_alloc
 .text.nrf_gpio_pin_port_decode
                0x000000000000c50c       0x18 modules/hal_nordic/nrfx/libmodules__hal_nordic__nrfx.a(nrfx_gpiote.c.obj)
 .text.release_handler
                0x000000000000c524       0x6c modules/hal_nordic/nrfx/libmodules__hal_nordic__nrfx.a(nrfx_gpiote.c.obj)
 .text.pin_te_get.isra.0
                0x000000000000c590       0x18 modules/hal_nordic/nrfx/libmodules__hal_nordic__nrfx.a(nrfx_gpiote.c.obj)
 .text.pin_is_input.isra.0
                0x000000000000c5a8       0x20 modules/hal_nordic/nrfx/libmodules__hal_nordic__nrfx.a(nrfx_gpiote.c.obj)
 .text.pin_in_use_by_te.isra.0
                0x000000000000c5c8       0x1c modules/hal_nordic/nrfx/libmodules__hal_nordic__nrfx.a(nrfx_gpiote.c.obj)
 .text.latch_pending_read_and_check
                0x000000000000c5e4       0x1c modules/hal_nordic/nrfx/libmodules__hal_nordic__nrfx.a(nrfx_gpiote.c.obj)
 .text.__nrfy_internal_gpiote_events_process.constprop.0
                0x000000000000c600       0x5c modules/hal_nordic/nrfx/libmodules__hal_nordic__nrfx.a(nrfx_gpiote.c.obj)
 .text.irq_handler.constprop.0
                0x000000000000c65c      0x15c modules/hal_nordic/nrfx/libmodules__hal_nordic__nrfx.a(nrfx_gpiote.c.obj)
 .text.pin_uninit
                0x000000000000c7b8       0xa0 modules/hal_nordic/nrfx/libmodules__hal_nordic__nrfx.a(nrfx_gpiote.c.obj)
 .text.nrfx_gpiote_input_configure
                0x000000000000c858      0x1f8 modules/hal_nordic/nrfx/libmodules__hal_nordic__nrfx.a(nrfx_gpiote.c.obj)
                0x000000000000c858                nrfx_gpiote_input_configure
 .text.nrfx_gpiote_output_configure
                0x000000000000ca50      0x130 modules/hal_nordic/nrfx/libmodules__hal_nordic__nrfx.a(nrfx_gpiote.c.obj)
                0x000000000000ca50                nrfx_gpiote_output_configure
 .text.nrfx_gpiote_global_callback_set
                0x000000000000cb80       0x1c modules/hal_nordic/nrfx/libmodules__hal_nordic__nrfx.a(nrfx_gpiote.c.obj)
                0x000000000000cb80                nrfx_gpiote_global_callback_set
 .text.nrfx_gpiote_channel_get
                0x000000000000cb9c       0x38 modules/hal_nordic/nrfx/libmodules__hal_nordic__nrfx.a(nrfx_gpiote.c.obj)
                0x000000000000cb9c                nrfx_gpiote_channel_get
 .text.nrfx_gpiote_init
                0x000000000000cbd4       0x78 modules/hal_nordic/nrfx/libmodules__hal_nordic__nrfx.a(nrfx_gpiote.c.obj)
                0x000000000000cbd4                nrfx_gpiote_init
 .text.nrfx_gpiote_init_check
                0x000000000000cc4c       0x1c modules/hal_nordic/nrfx/libmodules__hal_nordic__nrfx.a(nrfx_gpiote.c.obj)
                0x000000000000cc4c                nrfx_gpiote_init_check
 .text.nrfx_gpiote_channel_free
                0x000000000000cc68       0x18 modules/hal_nordic/nrfx/libmodules__hal_nordic__nrfx.a(nrfx_gpiote.c.obj)
                0x000000000000cc68                nrfx_gpiote_channel_free
 .text.nrfx_gpiote_channel_alloc
                0x000000000000cc80       0x18 modules/hal_nordic/nrfx/libmodules__hal_nordic__nrfx.a(nrfx_gpiote.c.obj)
                0x000000000000cc80                nrfx_gpiote_channel_alloc
 .text.nrfx_gpiote_trigger_enable
                0x000000000000cc98       0xb0 modules/hal_nordic/nrfx/libmodules__hal_nordic__nrfx.a(nrfx_gpiote.c.obj)
                0x000000000000cc98                nrfx_gpiote_trigger_enable
 .text.nrfx_gpiote_1_irq_handler
                0x000000000000cd48        0xc modules/hal_nordic/nrfx/libmodules__hal_nordic__nrfx.a(nrfx_gpiote.c.obj)
                0x000000000000cd48                nrfx_gpiote_1_irq_handler
 .text.nrfx_ipc_init
                0x000000000000cd54       0x30 modules/hal_nordic/nrfx/libmodules__hal_nordic__nrfx.a(nrfx_ipc.c.obj)
                0x000000000000cd54                nrfx_ipc_init
 .text.nrfx_ipc_config_load
                0x000000000000cd84       0x40 modules/hal_nordic/nrfx/libmodules__hal_nordic__nrfx.a(nrfx_ipc.c.obj)
                0x000000000000cd84                nrfx_ipc_config_load
 .text.nrfx_ipc_uninit
                0x000000000000cdc4       0x64 modules/hal_nordic/nrfx/libmodules__hal_nordic__nrfx.a(nrfx_ipc.c.obj)
                0x000000000000cdc4                nrfx_ipc_uninit
 .text.nrfx_ipc_receive_event_enable
                0x000000000000ce28       0x10 modules/hal_nordic/nrfx/libmodules__hal_nordic__nrfx.a(nrfx_ipc.c.obj)
                0x000000000000ce28                nrfx_ipc_receive_event_enable
 .text.nrfx_ipc_receive_event_disable
                0x000000000000ce38       0x10 modules/hal_nordic/nrfx/libmodules__hal_nordic__nrfx.a(nrfx_ipc.c.obj)
                0x000000000000ce38                nrfx_ipc_receive_event_disable
 .text.nrfx_ipc_irq_handler
                0x000000000000ce48       0x40 modules/hal_nordic/nrfx/libmodules__hal_nordic__nrfx.a(nrfx_ipc.c.obj)
                0x000000000000ce48                nrfx_ipc_irq_handler
 .text.twim_configure
                0x000000000000ce88       0x3c modules/hal_nordic/nrfx/libmodules__hal_nordic__nrfx.a(nrfx_twim.c.obj)
 .text.pins_configure
                0x000000000000cec4       0x60 modules/hal_nordic/nrfx/libmodules__hal_nordic__nrfx.a(nrfx_twim.c.obj)
 .text.nrfx_twim_init
                0x000000000000cf24       0x74 modules/hal_nordic/nrfx/libmodules__hal_nordic__nrfx.a(nrfx_twim.c.obj)
                0x000000000000cf24                nrfx_twim_init
 .text.nrfx_twim_enable
                0x000000000000cf98       0x20 modules/hal_nordic/nrfx/libmodules__hal_nordic__nrfx.a(nrfx_twim.c.obj)
                0x000000000000cf98                nrfx_twim_enable
 .text.nrfx_twim_disable
                0x000000000000cfb8       0x3c modules/hal_nordic/nrfx/libmodules__hal_nordic__nrfx.a(nrfx_twim.c.obj)
                0x000000000000cfb8                nrfx_twim_disable
 .text.nrfx_twim_xfer
                0x000000000000cff4      0x350 modules/hal_nordic/nrfx/libmodules__hal_nordic__nrfx.a(nrfx_twim.c.obj)
                0x000000000000cff4                nrfx_twim_xfer
 .text.nrfx_twim_2_irq_handler
                0x000000000000d344      0x188 modules/hal_nordic/nrfx/libmodules__hal_nordic__nrfx.a(nrfx_twim.c.obj)
                0x000000000000d344                nrfx_twim_2_irq_handler
 .text.nrf_gpio_pin_port_decode
                0x000000000000d4cc       0x18 modules/hal_nordic/nrfx/libmodules__hal_nordic__nrfx.a(nrfx_twi_twim.c.obj)
 .text.nrfx_twi_twim_bus_recover
                0x000000000000d4e4       0xd4 modules/hal_nordic/nrfx/libmodules__hal_nordic__nrfx.a(nrfx_twi_twim.c.obj)
                0x000000000000d4e4                nrfx_twi_twim_bus_recover
 .text.rpc_handle_data_message
                0x000000000000d5b8       0x38 E:/Uni/WS2425/IoT_Security/NRF/v2.7.0/nrfxlib/nrf_modem/lib/cellular/nrf9160/soft-float/libmodem.a(rpc_framework.c.obj)
                0x000000000000d5b8                rpc_handle_data_message
 .text.rpc_transport_msg_alloc
                0x000000000000d5f0        0xc E:/Uni/WS2425/IoT_Security/NRF/v2.7.0/nrfxlib/nrf_modem/lib/cellular/nrf9160/soft-float/libmodem.a(rpc_transport.c.obj)
                0x000000000000d5f0                rpc_transport_msg_alloc
 .text.rpc_transport_msg_data_rx_free
                0x000000000000d5fc        0xc E:/Uni/WS2425/IoT_Security/NRF/v2.7.0/nrfxlib/nrf_modem/lib/cellular/nrf9160/soft-float/libmodem.a(rpc_transport.c.obj)
                0x000000000000d5fc                rpc_transport_msg_data_rx_free
 .text.rpc_transport_msg_send
                0x000000000000d608        0xc E:/Uni/WS2425/IoT_Security/NRF/v2.7.0/nrfxlib/nrf_modem/lib/cellular/nrf9160/soft-float/libmodem.a(rpc_transport.c.obj)
                0x000000000000d608                rpc_transport_msg_send
 .text.rpc_transport_ipc_msg_data_tx_size
                0x000000000000d614        0xc E:/Uni/WS2425/IoT_Security/NRF/v2.7.0/nrfxlib/nrf_modem/lib/cellular/nrf9160/soft-float/libmodem.a(rpc_transport_ipc.c.obj)
 .text.rpc_transport_ipc_msg_tx_free
                0x000000000000d620       0x38 E:/Uni/WS2425/IoT_Security/NRF/v2.7.0/nrfxlib/nrf_modem/lib/cellular/nrf9160/soft-float/libmodem.a(rpc_transport_ipc.c.obj)
 .text.handle_modem_rpc_msg
                0x000000000000d658       0x68 E:/Uni/WS2425/IoT_Security/NRF/v2.7.0/nrfxlib/nrf_modem/lib/cellular/nrf9160/soft-float/libmodem.a(rpc_transport_ipc.c.obj)
 .text.rpc_message_handler
                0x000000000000d6c0       0x24 E:/Uni/WS2425/IoT_Security/NRF/v2.7.0/nrfxlib/nrf_modem/lib/cellular/nrf9160/soft-float/libmodem.a(rpc_transport_ipc.c.obj)
 .text.ipc_irq_handler
                0x000000000000d6e4       0xec E:/Uni/WS2425/IoT_Security/NRF/v2.7.0/nrfxlib/nrf_modem/lib/cellular/nrf9160/soft-float/libmodem.a(rpc_transport_ipc.c.obj)
                0x000000000000d6e4                ipc_irq_handler
 .text.rpc_transport_ipc_ctrl_msg_alloc
                0x000000000000d7d0       0x44 E:/Uni/WS2425/IoT_Security/NRF/v2.7.0/nrfxlib/nrf_modem/lib/cellular/nrf9160/soft-float/libmodem.a(rpc_transport_ipc.c.obj)
 .text.rpc_transport_ipc_data_msg_alloc
                0x000000000000d814       0x24 E:/Uni/WS2425/IoT_Security/NRF/v2.7.0/nrfxlib/nrf_modem/lib/cellular/nrf9160/soft-float/libmodem.a(rpc_transport_ipc.c.obj)
 .text.rpc_transport_ipc_data_msg_send
                0x000000000000d838       0x6c E:/Uni/WS2425/IoT_Security/NRF/v2.7.0/nrfxlib/nrf_modem/lib/cellular/nrf9160/soft-float/libmodem.a(rpc_transport_ipc.c.obj)
 .text.rpc_transport_ipc_init
                0x000000000000d8a4      0x1d4 E:/Uni/WS2425/IoT_Security/NRF/v2.7.0/nrfxlib/nrf_modem/lib/cellular/nrf9160/soft-float/libmodem.a(rpc_transport_ipc.c.obj)
 .text.rpc_transport_ipc_ctrl_msg_send
                0x000000000000da78       0x6c E:/Uni/WS2425/IoT_Security/NRF/v2.7.0/nrfxlib/nrf_modem/lib/cellular/nrf9160/soft-float/libmodem.a(rpc_transport_ipc.c.obj)
 .text.rpc_transport_ipc_request_shutdown
                0x000000000000dae4       0x38 E:/Uni/WS2425/IoT_Security/NRF/v2.7.0/nrfxlib/nrf_modem/lib/cellular/nrf9160/soft-float/libmodem.a(rpc_transport_ipc.c.obj)
 .text.rpc_transport_ipc_msg_data_rx_free
                0x000000000000db1c       0x30 E:/Uni/WS2425/IoT_Security/NRF/v2.7.0/nrfxlib/nrf_modem/lib/cellular/nrf9160/soft-float/libmodem.a(rpc_transport_ipc.c.obj)
 .text.cfun_post_modem
                0x000000000000db4c       0x14 E:/Uni/WS2425/IoT_Security/NRF/v2.7.0/nrfxlib/nrf_modem/lib/cellular/nrf9160/soft-float/libmodem.a(nrf_modem_at.c.obj)
 .text.at_cmd_vsprintf
                0x000000000000db60       0x50 E:/Uni/WS2425/IoT_Security/NRF/v2.7.0/nrfxlib/nrf_modem/lib/cellular/nrf9160/soft-float/libmodem.a(nrf_modem_at.c.obj)
 .text.cfun_pre_modem
                0x000000000000dbb0       0x44 E:/Uni/WS2425/IoT_Security/NRF/v2.7.0/nrfxlib/nrf_modem/lib/cellular/nrf9160/soft-float/libmodem.a(nrf_modem_at.c.obj)
 .text.at_cmd_send
                0x000000000000dbf4       0x74 E:/Uni/WS2425/IoT_Security/NRF/v2.7.0/nrfxlib/nrf_modem/lib/cellular/nrf9160/soft-float/libmodem.a(nrf_modem_at.c.obj)
 .text.at_response_match
                0x000000000000dc68       0x48 E:/Uni/WS2425/IoT_Security/NRF/v2.7.0/nrfxlib/nrf_modem/lib/cellular/nrf9160/soft-float/libmodem.a(nrf_modem_at.c.obj)
 .text.nrf_modem_at_cfun_handler_set
                0x000000000000dcb0        0xc E:/Uni/WS2425/IoT_Security/NRF/v2.7.0/nrfxlib/nrf_modem/lib/cellular/nrf9160/soft-float/libmodem.a(nrf_modem_at.c.obj)
                0x000000000000dcb0                nrf_modem_at_cfun_handler_set
 .text.nrf_modem_at_printf
                0x000000000000dcbc       0xc8 E:/Uni/WS2425/IoT_Security/NRF/v2.7.0/nrfxlib/nrf_modem/lib/cellular/nrf9160/soft-float/libmodem.a(nrf_modem_at.c.obj)
                0x000000000000dcbc                nrf_modem_at_printf
 .text.rpc_at_event_handler
                0x000000000000dd84       0x88 E:/Uni/WS2425/IoT_Security/NRF/v2.7.0/nrfxlib/nrf_modem/lib/cellular/nrf9160/soft-float/libmodem.a(nrf_modem_at.c.obj)
                0x000000000000dd84                rpc_at_event_handler
 .text.sock_unref.isra.0
                0x000000000000de0c       0x3c E:/Uni/WS2425/IoT_Security/NRF/v2.7.0/nrfxlib/nrf_modem/lib/cellular/nrf9160/soft-float/libmodem.a(sock.c.obj)
 .text.sock_find
                0x000000000000de48       0x24 E:/Uni/WS2425/IoT_Security/NRF/v2.7.0/nrfxlib/nrf_modem/lib/cellular/nrf9160/soft-float/libmodem.a(sock.c.obj)
                0x000000000000de48                sock_find
 .text._sock_close
                0x000000000000de6c       0x30 E:/Uni/WS2425/IoT_Security/NRF/v2.7.0/nrfxlib/nrf_modem/lib/cellular/nrf9160/soft-float/libmodem.a(sock.c.obj)
                0x000000000000de6c                _sock_close
 .text.sock_rpc_flow_control_set
                0x000000000000de9c       0x50 E:/Uni/WS2425/IoT_Security/NRF/v2.7.0/nrfxlib/nrf_modem/lib/cellular/nrf9160/soft-float/libmodem.a(sock.c.obj)
                0x000000000000de9c                sock_rpc_flow_control_set
 .text.on_getaddrinfo_res
                0x000000000000deec       0x14 E:/Uni/WS2425/IoT_Security/NRF/v2.7.0/nrfxlib/nrf_modem/lib/cellular/nrf9160/soft-float/libmodem.a(dns.c.obj)
                0x000000000000deec                on_getaddrinfo_res
 .text.rpc_ip_event_handler
                0x000000000000df00      0x2d8 E:/Uni/WS2425/IoT_Security/NRF/v2.7.0/nrfxlib/nrf_modem/lib/cellular/nrf9160/soft-float/libmodem.a(ip.c.obj)
                0x000000000000df00                rpc_ip_event_handler
 .text.on_tls_attach_res
                0x000000000000e1d8       0x30 E:/Uni/WS2425/IoT_Security/NRF/v2.7.0/nrfxlib/nrf_modem/lib/cellular/nrf9160/soft-float/libmodem.a(tls.c.obj)
                0x000000000000e1d8                on_tls_attach_res
 .text.on_tls_handshake_ntf
                0x000000000000e208       0x3c E:/Uni/WS2425/IoT_Security/NRF/v2.7.0/nrfxlib/nrf_modem/lib/cellular/nrf9160/soft-float/libmodem.a(tls.c.obj)
                0x000000000000e208                on_tls_handshake_ntf
 .text.tls_attach
                0x000000000000e244       0xf4 E:/Uni/WS2425/IoT_Security/NRF/v2.7.0/nrfxlib/nrf_modem/lib/cellular/nrf9160/soft-float/libmodem.a(tls.c.obj)
                0x000000000000e244                tls_attach
 .text.rpc_error_to_nrf_errno
                0x000000000000e338       0x18 E:/Uni/WS2425/IoT_Security/NRF/v2.7.0/nrfxlib/nrf_modem/lib/cellular/nrf9160/soft-float/libmodem.a(tables.c.obj)
                0x000000000000e338                rpc_error_to_nrf_errno
 .text.rpc_gnss_event_handler
                0x000000000000e350      0x138 E:/Uni/WS2425/IoT_Security/NRF/v2.7.0/nrfxlib/nrf_modem/lib/cellular/nrf9160/soft-float/libmodem.a(nrf_modem_gnss.c.obj)
                0x000000000000e350                rpc_gnss_event_handler
 .text.rpc_softsim_event_handler
                0x000000000000e488       0x24 E:/Uni/WS2425/IoT_Security/NRF/v2.7.0/nrfxlib/nrf_modem/lib/cellular/nrf9160/soft-float/libmodem.a(nrf_modem_softsim.c.obj)
                0x000000000000e488                rpc_softsim_event_handler
 .text.nrf_modem_fault_handler_internal
                0x000000000000e4ac       0x18 E:/Uni/WS2425/IoT_Security/NRF/v2.7.0/nrfxlib/nrf_modem/lib/cellular/nrf9160/soft-float/libmodem.a(nrf_modem_fault.c.obj)
                0x000000000000e4ac                nrf_modem_fault_handler_internal
 .text.nrf_modem_state_set
                0x000000000000e4c4        0xc E:/Uni/WS2425/IoT_Security/NRF/v2.7.0/nrfxlib/nrf_modem/lib/cellular/nrf9160/soft-float/libmodem.a(nrf_modem_state.c.obj)
                0x000000000000e4c4                nrf_modem_state_set
 .text.nrf_modem_state_is_initialized
                0x000000000000e4d0       0x10 E:/Uni/WS2425/IoT_Security/NRF/v2.7.0/nrfxlib/nrf_modem/lib/cellular/nrf9160/soft-float/libmodem.a(nrf_modem_state.c.obj)
                0x000000000000e4d0                nrf_modem_state_is_initialized
 .text.ipc_trace_init
                0x000000000000e4e0       0x38 E:/Uni/WS2425/IoT_Security/NRF/v2.7.0/nrfxlib/nrf_modem/lib/cellular/nrf9160/soft-float/libmodem.a(ipc_trace.c.obj)
                0x000000000000e4e0                ipc_trace_init
 .text.ipc_trace_uninit
                0x000000000000e518       0x10 E:/Uni/WS2425/IoT_Security/NRF/v2.7.0/nrfxlib/nrf_modem/lib/cellular/nrf9160/soft-float/libmodem.a(ipc_trace.c.obj)
                0x000000000000e518                ipc_trace_uninit
 .text.ipc_trace_handler
                0x000000000000e528       0xb4 E:/Uni/WS2425/IoT_Security/NRF/v2.7.0/nrfxlib/nrf_modem/lib/cellular/nrf9160/soft-float/libmodem.a(ipc_trace.c.obj)
                0x000000000000e528                ipc_trace_handler
 .text.k_sys_fatal_error_handler
                0x000000000000e5dc       0x20 zephyr/kernel/libkernel.a(fatal.c.obj)
                0x000000000000e5dc                k_sys_fatal_error_handler
 .text.z_fatal_error
                0x000000000000e5fc       0xe8 zephyr/kernel/libkernel.a(fatal.c.obj)
                0x000000000000e5fc                z_fatal_error
 .text.z_sys_init_run_level
                0x000000000000e6e4       0x2c zephyr/kernel/libkernel.a(init.c.obj)
 .text.bg_thread_main
                0x000000000000e710       0xc0 zephyr/kernel/libkernel.a(init.c.obj)
 .text.z_bss_zero
                0x000000000000e7d0       0x18 zephyr/kernel/libkernel.a(init.c.obj)
                0x000000000000e7d0                z_bss_zero
 .text.z_init_cpu
                0x000000000000e7e8       0x68 zephyr/kernel/libkernel.a(init.c.obj)
                0x000000000000e7e8                z_init_cpu
 .text.z_cstart
                0x000000000000e850       0xe4 zephyr/kernel/libkernel.a(init.c.obj)
                0x000000000000e850                z_cstart
 .text.statics_init
                0x000000000000e934       0x24 zephyr/kernel/libkernel.a(kheap.c.obj)
 .text.z_impl_k_mutex_lock
                0x000000000000e958       0xf0 zephyr/kernel/libkernel.a(mutex.c.obj)
                0x000000000000e958                z_impl_k_mutex_lock
 .text.z_impl_k_mutex_unlock
                0x000000000000ea48       0x78 zephyr/kernel/libkernel.a(mutex.c.obj)
                0x000000000000ea48                z_impl_k_mutex_unlock
 .text.z_impl_k_sem_give
                0x000000000000eac0       0x48 zephyr/kernel/libkernel.a(sem.c.obj)
                0x000000000000eac0                z_impl_k_sem_give
 .text.z_impl_k_sem_take
                0x000000000000eb08       0x4c zephyr/kernel/libkernel.a(sem.c.obj)
                0x000000000000eb08                z_impl_k_sem_take
 .text.z_setup_new_thread
                0x000000000000eb54       0x7c zephyr/kernel/libkernel.a(thread.c.obj)
                0x000000000000eb54                z_setup_new_thread
 .text.z_impl_k_thread_create
                0x000000000000ebd0       0x58 zephyr/kernel/libkernel.a(thread.c.obj)
                0x000000000000ebd0                z_impl_k_thread_create
 .text.update_cache
                0x000000000000ec28       0x3c zephyr/kernel/libkernel.a(sched.c.obj)
 .text.unready_thread
                0x000000000000ec64       0x30 zephyr/kernel/libkernel.a(sched.c.obj)
 .text.ready_thread
                0x000000000000ec94       0x68 zephyr/kernel/libkernel.a(sched.c.obj)
 .text.z_thread_halt
                0x000000000000ecfc       0xdc zephyr/kernel/libkernel.a(sched.c.obj)
 .text.move_thread_to_end_of_prio_q
                0x000000000000edd8       0x74 zephyr/kernel/libkernel.a(sched.c.obj)
                0x000000000000edd8                move_thread_to_end_of_prio_q
 .text.z_pend_curr
                0x000000000000ee4c       0x58 zephyr/kernel/libkernel.a(sched.c.obj)
                0x000000000000ee4c                z_pend_curr
 .text.z_thread_prio_set
                0x000000000000eea4       0x88 zephyr/kernel/libkernel.a(sched.c.obj)
                0x000000000000eea4                z_thread_prio_set
 .text.z_reschedule
                0x000000000000ef2c       0x24 zephyr/kernel/libkernel.a(sched.c.obj)
                0x000000000000ef2c                z_reschedule
 .text.z_sched_start
                0x000000000000ef50       0x3c zephyr/kernel/libkernel.a(sched.c.obj)
                0x000000000000ef50                z_sched_start
 .text.z_reschedule_irqlock
                0x000000000000ef8c       0x28 zephyr/kernel/libkernel.a(sched.c.obj)
                0x000000000000ef8c                z_reschedule_irqlock
 .text.k_sched_lock
                0x000000000000efb4       0x28 zephyr/kernel/libkernel.a(sched.c.obj)
                0x000000000000efb4                k_sched_lock
 .text.k_sched_unlock
                0x000000000000efdc       0x40 zephyr/kernel/libkernel.a(sched.c.obj)
                0x000000000000efdc                k_sched_unlock
 .text.z_sched_init
                0x000000000000f01c       0x10 zephyr/kernel/libkernel.a(sched.c.obj)
                0x000000000000f01c                z_sched_init
 .text.z_impl_k_yield
                0x000000000000f02c       0x7c zephyr/kernel/libkernel.a(sched.c.obj)
                0x000000000000f02c                z_impl_k_yield
 .text.z_tick_sleep
                0x000000000000f0a8       0x88 zephyr/kernel/libkernel.a(sched.c.obj)
 .text.z_impl_k_sleep
                0x000000000000f130       0x3c zephyr/kernel/libkernel.a(sched.c.obj)
                0x000000000000f130                z_impl_k_sleep
 .text.z_impl_k_sched_current_thread_query
                0x000000000000f16c        0xc zephyr/kernel/libkernel.a(sched.c.obj)
                0x000000000000f16c                z_impl_k_sched_current_thread_query
 .text.slice_timeout
                0x000000000000f178       0x20 zephyr/kernel/libkernel.a(timeslicing.c.obj)
 .text.thread_is_sliceable
                0x000000000000f198       0x3c zephyr/kernel/libkernel.a(timeslicing.c.obj)
                0x000000000000f198                thread_is_sliceable
 .text.z_reset_time_slice
                0x000000000000f1d4       0x50 zephyr/kernel/libkernel.a(timeslicing.c.obj)
                0x000000000000f1d4                z_reset_time_slice
 .text.z_time_slice
                0x000000000000f224       0x60 zephyr/kernel/libkernel.a(timeslicing.c.obj)
                0x000000000000f224                z_time_slice
 .text.z_data_copy
                0x000000000000f284       0x34 zephyr/kernel/libkernel.a(xip.c.obj)
                0x000000000000f284                z_data_copy
 .text.elapsed  0x000000000000f2b8       0x14 zephyr/kernel/libkernel.a(timeout.c.obj)
 .text.remove_timeout
                0x000000000000f2cc       0x38 zephyr/kernel/libkernel.a(timeout.c.obj)
 .text.next_timeout
                0x000000000000f304       0x40 zephyr/kernel/libkernel.a(timeout.c.obj)
 .text.z_add_timeout
                0x000000000000f344       0xf4 zephyr/kernel/libkernel.a(timeout.c.obj)
                0x000000000000f344                z_add_timeout
 .text.sys_clock_announce
                0x000000000000f438       0xd0 zephyr/kernel/libkernel.a(timeout.c.obj)
                0x000000000000f438                sys_clock_announce
 .text.sys_clock_tick_get
                0x000000000000f508       0x30 zephyr/kernel/libkernel.a(timeout.c.obj)
                0x000000000000f508                sys_clock_tick_get
 .text.z_timer_expiration_handler
                0x000000000000f538       0xe0 zephyr/kernel/libkernel.a(timer.c.obj)
                0x000000000000f538                z_timer_expiration_handler
 .text.z_impl_k_timer_start
                0x000000000000f618       0x74 zephyr/kernel/libkernel.a(timer.c.obj)
                0x000000000000f618                z_impl_k_timer_start
 .text.k_thread_system_pool_assign
                0x000000000000f68c        0xc zephyr/kernel/libkernel.a(mempool.c.obj)
                0x000000000000f68c                k_thread_system_pool_assign
 .text.snprintf
                0x000000000000f698       0x58 e:\uni\ws2425\iot_security\nrf\toolchains\ce3b5ff664\opt\zephyr-sdk\arm-zephyr-eabi\bin\../lib/gcc/../../picolibc/arm-zephyr-eabi/lib/thumb/v8-m.main/nofp\libc.a(libc_tinystdio_snprintf.c.o)
                0x000000000000f698                snprintf
 .text.strtol   0x000000000000f6f0       0xec e:\uni\ws2425\iot_security\nrf\toolchains\ce3b5ff664\opt\zephyr-sdk\arm-zephyr-eabi\bin\../lib/gcc/../../picolibc/arm-zephyr-eabi/lib/thumb/v8-m.main/nofp\libc.a(libc_tinystdio_strtol.c.o)
                0x000000000000f6f0                strtol
 .text.strtoul  0x000000000000f7dc       0xcc e:\uni\ws2425\iot_security\nrf\toolchains\ce3b5ff664\opt\zephyr-sdk\arm-zephyr-eabi\bin\../lib/gcc/../../picolibc/arm-zephyr-eabi/lib/thumb/v8-m.main/nofp\libc.a(libc_tinystdio_strtoul.c.o)
                0x000000000000f7dc                strtoul
 .text.__l_vfprintf
                0x000000000000f8a8      0x4b4 e:\uni\ws2425\iot_security\nrf\toolchains\ce3b5ff664\opt\zephyr-sdk\arm-zephyr-eabi\bin\../lib/gcc/../../picolibc/arm-zephyr-eabi/lib/thumb/v8-m.main/nofp\libc.a(libc_tinystdio_vflprintf.c.o)
                0x000000000000f8a8                __l_vfprintf
 .text.vsnprintf
                0x000000000000fd5c       0x50 e:\uni\ws2425\iot_security\nrf\toolchains\ce3b5ff664\opt\zephyr-sdk\arm-zephyr-eabi\bin\../lib/gcc/../../picolibc/arm-zephyr-eabi/lib/thumb/v8-m.main/nofp\libc.a(libc_tinystdio_vsnprintf.c.o)
                0x000000000000fd5c                vsnprintf
 .text._OffsetAbsSyms
                0x000000000000fdac        0x2 zephyr/CMakeFiles/offsets.dir/./arch/arm/core/offsets/offsets.c.obj
                0x000000000000fdac                _OffsetAbsSyms
 .text.I2C_DeInit
                0x000000000000fdae        0x4 app/libapp.a(main.c.obj)
                0x000000000000fdae                I2C_DeInit
 .text.k_uptime_get_32
                0x000000000000fdb2       0x1a app/libapp.a(main.c.obj)
 .text.SSD1315_ReadRegWrap
                0x000000000000fdcc       0x12 app/libapp.a(ssd1315.c.obj)
 .text.SSD1315_WriteRegWrap
                0x000000000000fdde       0x12 app/libapp.a(ssd1315.c.obj)
 .text.SSD1315_DisplayOn
                0x000000000000fdf0       0x54 app/libapp.a(ssd1315.c.obj)
                0x000000000000fdf0                SSD1315_DisplayOn
 .text.SSD1315_DisplayOff
                0x000000000000fe44       0x54 app/libapp.a(ssd1315.c.obj)
                0x000000000000fe44                SSD1315_DisplayOff
 .text.SSD1315_DrawBitmap2
                0x000000000000fe98       0x76 app/libapp.a(ssd1315.c.obj)
                0x000000000000fe98                SSD1315_DrawBitmap2
 .text.ssd1315_write_reg
                0x000000000000ff0e        0xc app/libapp.a(ssd1315_reg.c.obj)
                0x000000000000ff0e                ssd1315_write_reg
 .text.chunk_field
                0x000000000000ff1a       0x16 zephyr/libzephyr.a(heap.c.obj)
 .text.chunk_set
                0x000000000000ff30       0x16 zephyr/libzephyr.a(heap.c.obj)
 .text.chunk_size
                0x000000000000ff46        0xc zephyr/libzephyr.a(heap.c.obj)
 .text.set_chunk_used
                0x000000000000ff52       0x30 zephyr/libzephyr.a(heap.c.obj)
 .text.set_chunk_size
                0x000000000000ff82        0x8 zephyr/libzephyr.a(heap.c.obj)
 .text.mem_to_chunkid
                0x000000000000ff8a       0x14 zephyr/libzephyr.a(heap.c.obj)
 .text.bucket_idx.isra.0
                0x000000000000ff9e       0x1c zephyr/libzephyr.a(heap.c.obj)
 .text.free_list_remove_bidx
                0x000000000000ffba       0x5c zephyr/libzephyr.a(heap.c.obj)
 .text.free_list_remove
                0x0000000000010016       0x2e zephyr/libzephyr.a(heap.c.obj)
 .text.alloc_chunk
                0x0000000000010044       0x74 zephyr/libzephyr.a(heap.c.obj)
 .text.split_chunks
                0x00000000000100b8       0x4e zephyr/libzephyr.a(heap.c.obj)
 .text.merge_chunks
                0x0000000000010106       0x3c zephyr/libzephyr.a(heap.c.obj)
 .text.free_list_add
                0x0000000000010142       0x84 zephyr/libzephyr.a(heap.c.obj)
 .text.free_chunk
                0x00000000000101c6       0x84 zephyr/libzephyr.a(heap.c.obj)
 .text.sys_heap_free
                0x000000000001024a       0x24 zephyr/libzephyr.a(heap.c.obj)
                0x000000000001024a                sys_heap_free
 .text.sys_heap_alloc
                0x000000000001026e       0x6e zephyr/libzephyr.a(heap.c.obj)
                0x000000000001026e                sys_heap_alloc
 .text.sys_heap_aligned_alloc
                0x00000000000102dc       0xe8 zephyr/libzephyr.a(heap.c.obj)
                0x00000000000102dc                sys_heap_aligned_alloc
 .text.sys_heap_init
                0x00000000000103c4       0xb0 zephyr/libzephyr.a(heap.c.obj)
                0x00000000000103c4                sys_heap_init
 .text.cbpprintf_external
                0x0000000000010474       0x62 zephyr/libzephyr.a(cbprintf_packaged.c.obj)
                0x0000000000010474                cbpprintf_external
 .text.is_ptr   0x00000000000104d6       0x4a zephyr/libzephyr.a(cbprintf_packaged.c.obj)
                0x00000000000104d6                is_ptr
 .text.arch_printk_char_out
                0x0000000000010520        0x4 zephyr/libzephyr.a(printk.c.obj)
                0x0000000000010520                arch_printk_char_out
 .text.printk   0x0000000000010524       0x1a zephyr/libzephyr.a(printk.c.obj)
                0x0000000000010524                printk
 .text.free_space
                0x000000000001053e       0x26 zephyr/libzephyr.a(mpsc_pbuf.c.obj)
 .text.get_usage
                0x0000000000010564       0x22 zephyr/libzephyr.a(mpsc_pbuf.c.obj)
 .text.idx_inc  0x0000000000010586       0x1c zephyr/libzephyr.a(mpsc_pbuf.c.obj)
 .text.rd_idx_inc
                0x00000000000105a2       0x18 zephyr/libzephyr.a(mpsc_pbuf.c.obj)
 .text.add_skip_item
                0x00000000000105ba       0x3e zephyr/libzephyr.a(mpsc_pbuf.c.obj)
 .text.drop_item_locked
                0x00000000000105f8       0xee zephyr/libzephyr.a(mpsc_pbuf.c.obj)
 .text.post_drop_action
                0x00000000000106e6       0x36 zephyr/libzephyr.a(mpsc_pbuf.c.obj)
 .text.max_utilization_update
                0x000000000001071c       0x1a zephyr/libzephyr.a(mpsc_pbuf.c.obj)
 .text.mpsc_pbuf_init
                0x0000000000010736       0x42 zephyr/libzephyr.a(mpsc_pbuf.c.obj)
                0x0000000000010736                mpsc_pbuf_init
 .text.mpsc_pbuf_alloc
                0x0000000000010778       0xf8 zephyr/libzephyr.a(mpsc_pbuf.c.obj)
                0x0000000000010778                mpsc_pbuf_alloc
 .text.mpsc_pbuf_commit
                0x0000000000010870       0x3e zephyr/libzephyr.a(mpsc_pbuf.c.obj)
                0x0000000000010870                mpsc_pbuf_commit
 .text.mpsc_pbuf_claim
                0x00000000000108ae       0xa8 zephyr/libzephyr.a(mpsc_pbuf.c.obj)
                0x00000000000108ae                mpsc_pbuf_claim
 .text.mpsc_pbuf_free
                0x0000000000010956       0x76 zephyr/libzephyr.a(mpsc_pbuf.c.obj)
                0x0000000000010956                mpsc_pbuf_free
 .text.mpsc_pbuf_is_pending
                0x00000000000109cc       0x1a zephyr/libzephyr.a(mpsc_pbuf.c.obj)
                0x00000000000109cc                mpsc_pbuf_is_pending
 .text.process_recheck
                0x00000000000109e6       0x38 zephyr/libzephyr.a(onoff.c.obj)
 .text.validate_args
                0x0000000000010a1e       0x20 zephyr/libzephyr.a(onoff.c.obj)
 .text.notify_one
                0x0000000000010a3e       0x2c zephyr/libzephyr.a(onoff.c.obj)
 .text.transition_complete
                0x0000000000010a6a       0x1a zephyr/libzephyr.a(onoff.c.obj)
 .text.onoff_manager_init
                0x0000000000010a84       0x26 zephyr/libzephyr.a(onoff.c.obj)
                0x0000000000010a84                onoff_manager_init
 .text.onoff_request
                0x0000000000010aaa       0xae zephyr/libzephyr.a(onoff.c.obj)
                0x0000000000010aaa                onoff_request
 .text.sys_notify_validate
                0x0000000000010b58       0x22 zephyr/libzephyr.a(notify.c.obj)
                0x0000000000010b58                sys_notify_validate
 .text.sys_notify_finalize
                0x0000000000010b7a       0x1a zephyr/libzephyr.a(notify.c.obj)
                0x0000000000010b7a                sys_notify_finalize
 .text._ConfigAbsSyms
                0x0000000000010b94        0x2 zephyr/libzephyr.a(configs.c.obj)
                0x0000000000010b94                _ConfigAbsSyms
 .text.log_msg_generic_get_wlen
                0x0000000000010b96       0x20 zephyr/libzephyr.a(log_core.c.obj)
 .text.dummy_timestamp
                0x0000000000010bb6        0x4 zephyr/libzephyr.a(log_core.c.obj)
 .text.default_get_timestamp
                0x0000000000010bba        0x4 zephyr/libzephyr.a(log_core.c.obj)
 .text.atomic_inc
                0x0000000000010bbe       0x12 zephyr/libzephyr.a(log_core.c.obj)
 .text.z_log_vprintk
                0x0000000000010bd0       0x1c zephyr/libzephyr.a(log_core.c.obj)
                0x0000000000010bd0                z_log_vprintk
 .text.z_log_notify_drop
                0x0000000000010bec        0x6 zephyr/libzephyr.a(log_core.c.obj)
 .text.z_log_get_tag
                0x0000000000010bf2        0x4 zephyr/libzephyr.a(log_core.c.obj)
                0x0000000000010bf2                z_log_get_tag
 .text.z_cbprintf_cpy
                0x0000000000010bf6       0x2c zephyr/libzephyr.a(log_msg.c.obj)
 .text.z_log_msg_finalize
                0x0000000000010c22       0x32 zephyr/libzephyr.a(log_msg.c.obj)
                0x0000000000010c22                z_log_msg_finalize
 .text.z_log_msg_simple_create
                0x0000000000010c54       0x6e zephyr/libzephyr.a(log_msg.c.obj)
 .text.z_impl_z_log_msg_simple_create_0
                0x0000000000010cc2       0x12 zephyr/libzephyr.a(log_msg.c.obj)
                0x0000000000010cc2                z_impl_z_log_msg_simple_create_0
 .text.z_impl_z_log_msg_simple_create_1
                0x0000000000010cd4       0x14 zephyr/libzephyr.a(log_msg.c.obj)
                0x0000000000010cd4                z_impl_z_log_msg_simple_create_1
 .text.z_impl_z_log_msg_simple_create_2
                0x0000000000010ce8       0x18 zephyr/libzephyr.a(log_msg.c.obj)
                0x0000000000010ce8                z_impl_z_log_msg_simple_create_2
 .text.buffer_write
                0x0000000000010d00       0x1c zephyr/libzephyr.a(log_output.c.obj)
 .text.log_output_flush
                0x0000000000010d1c       0x1a zephyr/libzephyr.a(log_output.c.obj)
                0x0000000000010d1c                log_output_flush
 .text.out_func
                0x0000000000010d36       0x2e zephyr/libzephyr.a(log_output.c.obj)
 .text.cr_out_func
                0x0000000000010d64       0x1c zephyr/libzephyr.a(log_output.c.obj)
 .text.log_output_msg_process
                0x0000000000010d80       0x6a zephyr/libzephyr.a(log_output.c.obj)
                0x0000000000010d80                log_output_msg_process
 .text.format_set
                0x0000000000010dea        0xc zephyr/libzephyr.a(log_backend_uart.c.obj)
 .text.log_backend_uart_init
                0x0000000000010df6        0xc zephyr/libzephyr.a(log_backend_uart.c.obj)
 .text.panic    0x0000000000010e02       0x10 zephyr/libzephyr.a(log_backend_uart.c.obj)
 .text.dropped  0x0000000000010e12        0xa zephyr/libzephyr.a(log_backend_uart.c.obj)
 .text.process  0x0000000000010e1c       0x1e zephyr/libzephyr.a(log_backend_uart.c.obj)
 .text.z_do_kernel_oops
                0x0000000000010e3a        0x8 zephyr/arch/arch/arm/core/libarch__arm__core.a(fatal.c.obj)
                0x0000000000010e3a                z_do_kernel_oops
 .text.z_arm_nmi
                0x0000000000010e42        0xe zephyr/arch/arch/arm/core/libarch__arm__core.a(nmi.c.obj)
                0x0000000000010e42                z_arm_nmi
 .text.z_log_msg_simple_create_0.constprop.0
                0x0000000000010e50        0x8 zephyr/arch/arch/arm/core/cortex_m/libarch__arm__core__cortex_m.a(fault.c.obj)
 .text.z_arm_save_fp_context
                0x0000000000010e58        0x2 zephyr/arch/arch/arm/core/cortex_m/libarch__arm__core__cortex_m.a(fpu.c.obj)
                0x0000000000010e58                z_arm_save_fp_context
 .text.z_arm_restore_fp_context
                0x0000000000010e5a        0x2 zephyr/arch/arch/arm/core/cortex_m/libarch__arm__core__cortex_m.a(fpu.c.obj)
                0x0000000000010e5a                z_arm_restore_fp_context
 .text.z_irq_spurious
                0x0000000000010e5c        0x8 zephyr/arch/arch/arm/core/cortex_m/libarch__arm__core__cortex_m.a(irq_manage.c.obj)
                0x0000000000010e5c                z_irq_spurious
 .text.configure_builtin_stack_guard
                0x0000000000010e64        0x8 zephyr/arch/arch/arm/core/cortex_m/libarch__arm__core__cortex_m.a(thread.c.obj)
                0x0000000000010e64                configure_builtin_stack_guard
 .text.arch_irq_unlock_outlined
                0x0000000000010e6c        0xe zephyr/arch/arch/arm/core/cortex_m/libarch__arm__core__cortex_m.a(thread.c.obj)
                0x0000000000010e6c                arch_irq_unlock_outlined
 .text.arch_cpu_idle
                0x0000000000010e7a       0x1a zephyr/arch/arch/arm/core/cortex_m/libarch__arm__core__cortex_m.a(cpu_idle.c.obj)
                0x0000000000010e7a                arch_cpu_idle
 .text.arch_cpu_atomic_idle
                0x0000000000010e94       0x1e zephyr/arch/arch/arm/core/cortex_m/libarch__arm__core__cortex_m.a(cpu_idle.c.obj)
                0x0000000000010e94                arch_cpu_atomic_idle
 .text.arm_cmse_mpu_region_get
                0x0000000000010eb2       0x12 zephyr/arch/arch/arm/core/cortex_m/cmse/libarch__arm__core__cortex_m__cmse.a(arm_core_cmse.c.obj)
                0x0000000000010eb2                arm_cmse_mpu_region_get
 .text.mpu_configure_region
                0x0000000000010ec4       0x32 zephyr/arch/arch/arm/core/mpu/libarch__arm__core__mpu.a(arm_mpu.c.obj)
 .text.cbputc   0x0000000000010ef6        0xc zephyr/lib/libc/picolibc/liblib__libc__picolibc.a(libc-hooks.c.obj)
 .text.picolibc_put
                0x0000000000010f02        0xa zephyr/lib/libc/picolibc/liblib__libc__picolibc.a(libc-hooks.c.obj)
 .text.get_status
                0x0000000000010f0c       0x12 zephyr/drivers/clock_control/libdrivers__clock_control.a(clock_control_nrf.c.obj)
 .text.stop     0x0000000000010f1e       0x50 zephyr/drivers/clock_control/libdrivers__clock_control.a(clock_control_nrf.c.obj)
 .text.api_stop
                0x0000000000010f6e        0x6 zephyr/drivers/clock_control/libdrivers__clock_control.a(clock_control_nrf.c.obj)
 .text.async_start
                0x0000000000010f74       0x5a zephyr/drivers/clock_control/libdrivers__clock_control.a(clock_control_nrf.c.obj)
 .text.api_start
                0x0000000000010fce        0xe zephyr/drivers/clock_control/libdrivers__clock_control.a(clock_control_nrf.c.obj)
 .text.onoff_started_callback
                0x0000000000010fdc       0x12 zephyr/drivers/clock_control/libdrivers__clock_control.a(clock_control_nrf.c.obj)
 .text.lfclk_start
                0x0000000000010fee        0x6 zephyr/drivers/clock_control/libdrivers__clock_control.a(clock_control_nrf.c.obj)
 .text.lfclk_stop
                0x0000000000010ff4        0x6 zephyr/drivers/clock_control/libdrivers__clock_control.a(clock_control_nrf.c.obj)
 .text.blocking_start_callback
                0x0000000000010ffa        0x6 zephyr/drivers/clock_control/libdrivers__clock_control.a(clock_control_nrf.c.obj)
 .text.gpio_nrfx_port_get_raw
                0x0000000000011000        0xc zephyr/drivers/gpio/libdrivers__gpio.a(gpio_nrfx.c.obj)
 .text.gpio_nrfx_port_set_masked_raw
                0x000000000001100c       0x14 zephyr/drivers/gpio/libdrivers__gpio.a(gpio_nrfx.c.obj)
 .text.gpio_nrfx_port_set_bits_raw
                0x0000000000011020        0xa zephyr/drivers/gpio/libdrivers__gpio.a(gpio_nrfx.c.obj)
 .text.gpio_nrfx_port_clear_bits_raw
                0x000000000001102a        0xa zephyr/drivers/gpio/libdrivers__gpio.a(gpio_nrfx.c.obj)
 .text.gpio_nrfx_port_toggle_bits
                0x0000000000011034       0x14 zephyr/drivers/gpio/libdrivers__gpio.a(gpio_nrfx.c.obj)
 .text.gpio_nrfx_manage_callback
                0x0000000000011048       0x52 zephyr/drivers/gpio/libdrivers__gpio.a(gpio_nrfx.c.obj)
 .text.irq_connect2
                0x000000000001109a        0xa zephyr/drivers/i2c/libdrivers__i2c.a(i2c_nrfx_twim.c.obj)
 .text.pinctrl_apply_state.constprop.0
                0x00000000000110a4       0x20 zephyr/drivers/i2c/libdrivers__i2c.a(i2c_nrfx_twim.c.obj)
 .text.pinctrl_lookup_state
                0x00000000000110c4       0x26 zephyr/drivers/pinctrl/libdrivers__pinctrl.a(common.c.obj)
                0x00000000000110c4                pinctrl_lookup_state
 .text.uarte_nrfx_err_check
                0x00000000000110ea        0xe zephyr/drivers/serial/libdrivers__serial.a(uart_nrfx_uarte.c.obj)
 .text.uarte_nrfx_poll_in
                0x00000000000110f8       0x28 zephyr/drivers/serial/libdrivers__serial.a(uart_nrfx_uarte.c.obj)
 .text.is_tx_ready.isra.0
                0x0000000000011120       0x20 zephyr/drivers/serial/libdrivers__serial.a(uart_nrfx_uarte.c.obj)
 .text.uarte_nrfx_isr_int
                0x0000000000011140       0x6e zephyr/drivers/serial/libdrivers__serial.a(uart_nrfx_uarte.c.obj)
 .text.event_clear
                0x00000000000111ae       0x18 zephyr/drivers/timer/libdrivers__timer.a(nrf_rtc_timer.c.obj)
 .text.sys_clock_cycle_get_32
                0x00000000000111c6        0x8 zephyr/drivers/timer/libdrivers__timer.a(nrf_rtc_timer.c.obj)
                0x00000000000111c6                sys_clock_cycle_get_32
 .text.nrf_modem_os_busywait
                0x00000000000111ce        0x4 modules/nrf/lib/nrf_modem_lib/lib..__nrf__lib__nrf_modem_lib.a(nrf_modem_os.c.obj)
                0x00000000000111ce                nrf_modem_os_busywait
 .text.nrf_modem_os_is_in_isr
                0x00000000000111d2        0x4 modules/nrf/lib/nrf_modem_lib/lib..__nrf__lib__nrf_modem_lib.a(nrf_modem_os.c.obj)
                0x00000000000111d2                nrf_modem_os_is_in_isr
 .text.nrf_modem_os_sem_give
                0x00000000000111d6        0x4 modules/nrf/lib/nrf_modem_lib/lib..__nrf__lib__nrf_modem_lib.a(nrf_modem_os.c.obj)
                0x00000000000111d6                nrf_modem_os_sem_give
 .text.nrf_modem_os_sem_take
                0x00000000000111da       0x40 modules/nrf/lib/nrf_modem_lib/lib..__nrf__lib__nrf_modem_lib.a(nrf_modem_os.c.obj)
                0x00000000000111da                nrf_modem_os_sem_take
 .text.nrf_modem_os_mutex_unlock
                0x000000000001121a        0x4 modules/nrf/lib/nrf_modem_lib/lib..__nrf__lib__nrf_modem_lib.a(nrf_modem_os.c.obj)
                0x000000000001121a                nrf_modem_os_mutex_unlock
 .text.nrf_modem_os_mutex_lock
                0x000000000001121e       0x40 modules/nrf/lib/nrf_modem_lib/lib..__nrf__lib__nrf_modem_lib.a(nrf_modem_os.c.obj)
                0x000000000001121e                nrf_modem_os_mutex_lock
 .text.set_antenna_configuration
                0x000000000001125e        0xa modules/nrf/lib/modem_antenna/lib..__nrf__lib__modem_antenna.a(modem_antenna.c.obj)
                0x000000000001125e                set_antenna_configuration
 .text.z_log_msg_simple_create_0.constprop.0
                0x0000000000011268        0x8 modules/nrf/modules/trusted-firmware-m/lib..__nrf__modules__trusted-firmware-m.a(fault.c.obj)
 .text.tfm_platform_ns_fault_set_handler
                0x0000000000011270       0x4e modules/nrf/modules/trusted-firmware-m/libtfm_api_nrf.a(tfm_ioctl_ns_api.c.obj)
                0x0000000000011270                tfm_platform_ns_fault_set_handler
 .text.ns_interface_init
                0x00000000000112be        0x4 modules/trusted-firmware-m/libtfm_api.a(interface.c.obj)
 .text.SystemInit
                0x00000000000112c2        0x2 modules/hal_nordic/nrfx/libmodules__hal_nordic__nrfx.a(system_nrf91.c.obj)
                0x00000000000112c2                SystemInit
 .text.nrfx_isr
                0x00000000000112c4        0x2 modules/hal_nordic/nrfx/libmodules__hal_nordic__nrfx.a(nrfx_glue.c.obj)
                0x00000000000112c4                nrfx_isr
 .text.nrfx_busy_wait
                0x00000000000112c6        0x4 modules/hal_nordic/nrfx/libmodules__hal_nordic__nrfx.a(nrfx_glue.c.obj)
                0x00000000000112c6                nrfx_busy_wait
 .text.nrfx_gppi_channel_endpoints_setup
                0x00000000000112ca        0xe modules/hal_nordic/nrfx/libmodules__hal_nordic__nrfx.a(nrfx_gppi_dppi.c.obj)
                0x00000000000112ca                nrfx_gppi_channel_endpoints_setup
 .text.nrfx_clock_stop
                0x00000000000112d8        0x4 modules/hal_nordic/nrfx/libmodules__hal_nordic__nrfx.a(nrfx_clock.c.obj)
                0x00000000000112d8                nrfx_clock_stop
 .text.nrf_gpio_reconfigure
                0x00000000000112dc       0x92 modules/hal_nordic/nrfx/libmodules__hal_nordic__nrfx.a(nrfx_gpiote.c.obj)
 .text.nrf_gpio_cfg_sense_set
                0x000000000001136e       0x1e modules/hal_nordic/nrfx/libmodules__hal_nordic__nrfx.a(nrfx_gpiote.c.obj)
 .text.call_handler
                0x000000000001138c       0x3a modules/hal_nordic/nrfx/libmodules__hal_nordic__nrfx.a(nrfx_gpiote.c.obj)
 .text.pin_trigger_disable
                0x00000000000113c6       0x4e modules/hal_nordic/nrfx/libmodules__hal_nordic__nrfx.a(nrfx_gpiote.c.obj)
 .text.nrfx_gpiote_pin_uninit
                0x0000000000011414        0x4 modules/hal_nordic/nrfx/libmodules__hal_nordic__nrfx.a(nrfx_gpiote.c.obj)
                0x0000000000011414                nrfx_gpiote_pin_uninit
 .text.nrfx_gpiote_trigger_disable
                0x0000000000011418        0x4 modules/hal_nordic/nrfx/libmodules__hal_nordic__nrfx.a(nrfx_gpiote.c.obj)
                0x0000000000011418                nrfx_gpiote_trigger_disable
 .text.xfer_completeness_check
                0x000000000001141c       0x62 modules/hal_nordic/nrfx/libmodules__hal_nordic__nrfx.a(nrfx_twim.c.obj)
 .text.__nrfy_internal_twim_event_handle.isra.0
                0x000000000001147e       0x22 modules/hal_nordic/nrfx/libmodules__hal_nordic__nrfx.a(nrfx_twim.c.obj)
 .text.__nrfy_internal_twim_events_process.constprop.0
                0x00000000000114a0       0x54 modules/hal_nordic/nrfx/libmodules__hal_nordic__nrfx.a(nrfx_twim.c.obj)
 .text.nrf_gpio_pin_set
                0x00000000000114f4       0x18 modules/hal_nordic/nrfx/libmodules__hal_nordic__nrfx.a(nrfx_twi_twim.c.obj)
 .text.rpc_handle_ctrl_message
                0x000000000001150c       0x18 E:/Uni/WS2425/IoT_Security/NRF/v2.7.0/nrfxlib/nrf_modem/lib/cellular/nrf9160/soft-float/libmodem.a(rpc_framework.c.obj)
                0x000000000001150c                rpc_handle_ctrl_message
 .text.rpc_list_preambles_init
                0x0000000000011524       0x20 E:/Uni/WS2425/IoT_Security/NRF/v2.7.0/nrfxlib/nrf_modem/lib/cellular/nrf9160/soft-float/libmodem.a(rpc_transport_ipc.c.obj)
 .text.rpc_transport_ipc_data_rx_resume
                0x0000000000011544        0x6 E:/Uni/WS2425/IoT_Security/NRF/v2.7.0/nrfxlib/nrf_modem/lib/cellular/nrf9160/soft-float/libmodem.a(rpc_transport_ipc.c.obj)
 .text.rpc_transport_ipc_data_rx_suspend
                0x000000000001154a        0x6 E:/Uni/WS2425/IoT_Security/NRF/v2.7.0/nrfxlib/nrf_modem/lib/cellular/nrf9160/soft-float/libmodem.a(rpc_transport_ipc.c.obj)
 .text.rpc_transport_ipc_shutdown
                0x0000000000011550        0xe E:/Uni/WS2425/IoT_Security/NRF/v2.7.0/nrfxlib/nrf_modem/lib/cellular/nrf9160/soft-float/libmodem.a(rpc_transport_ipc.c.obj)
 .text.rpc_transport_ipc_msg_alloc
                0x000000000001155e       0x4a E:/Uni/WS2425/IoT_Security/NRF/v2.7.0/nrfxlib/nrf_modem/lib/cellular/nrf9160/soft-float/libmodem.a(rpc_transport_ipc.c.obj)
 .text.rpc_client_msg_from_rpc_msg_get
                0x00000000000115a8        0x4 E:/Uni/WS2425/IoT_Security/NRF/v2.7.0/nrfxlib/nrf_modem/lib/cellular/nrf9160/soft-float/libmodem.a(rpc_client.c.obj)
                0x00000000000115a8                rpc_client_msg_from_rpc_msg_get
 .text.rpc_client_msg_alloc
                0x00000000000115ac       0x38 E:/Uni/WS2425/IoT_Security/NRF/v2.7.0/nrfxlib/nrf_modem/lib/cellular/nrf9160/soft-float/libmodem.a(rpc_client.c.obj)
                0x00000000000115ac                rpc_client_msg_alloc
 .text.rpc_client_msg_send
                0x00000000000115e4        0xe E:/Uni/WS2425/IoT_Security/NRF/v2.7.0/nrfxlib/nrf_modem/lib/cellular/nrf9160/soft-float/libmodem.a(rpc_client.c.obj)
                0x00000000000115e4                rpc_client_msg_send
 .text.rpc_client_msg_data_rx_free
                0x00000000000115f2        0x4 E:/Uni/WS2425/IoT_Security/NRF/v2.7.0/nrfxlib/nrf_modem/lib/cellular/nrf9160/soft-float/libmodem.a(rpc_client.c.obj)
                0x00000000000115f2                rpc_client_msg_data_rx_free
 .text.rpc_client_msg_data_tx_alloc
                0x00000000000115f6        0x4 E:/Uni/WS2425/IoT_Security/NRF/v2.7.0/nrfxlib/nrf_modem/lib/cellular/nrf9160/soft-float/libmodem.a(rpc_client.c.obj)
                0x00000000000115f6                rpc_client_msg_data_tx_alloc
 .text.rpc_client_msg_data_tx_free
                0x00000000000115fa       0x10 E:/Uni/WS2425/IoT_Security/NRF/v2.7.0/nrfxlib/nrf_modem/lib/cellular/nrf9160/soft-float/libmodem.a(rpc_client.c.obj)
                0x00000000000115fa                rpc_client_msg_data_tx_free
 .text.sockaddr_init
                0x000000000001160a       0x62 E:/Uni/WS2425/IoT_Security/NRF/v2.7.0/nrfxlib/nrf_modem/lib/cellular/nrf9160/soft-float/libmodem.a(addr.c.obj)
                0x000000000001160a                sockaddr_init
 .text.sock_pollcb
                0x000000000001166c       0x30 E:/Uni/WS2425/IoT_Security/NRF/v2.7.0/nrfxlib/nrf_modem/lib/cellular/nrf9160/soft-float/libmodem.a(sock.c.obj)
                0x000000000001166c                sock_pollcb
 .text.sock_pkt_append
                0x000000000001169c       0x14 E:/Uni/WS2425/IoT_Security/NRF/v2.7.0/nrfxlib/nrf_modem/lib/cellular/nrf9160/soft-float/libmodem.a(sock.c.obj)
                0x000000000001169c                sock_pkt_append
 .text.sock_is_stream
                0x00000000000116b0        0xa E:/Uni/WS2425/IoT_Security/NRF/v2.7.0/nrfxlib/nrf_modem/lib/cellular/nrf9160/soft-float/libmodem.a(sock.c.obj)
                0x00000000000116b0                sock_is_stream
 .text.sock_is_datagram
                0x00000000000116ba        0xa E:/Uni/WS2425/IoT_Security/NRF/v2.7.0/nrfxlib/nrf_modem/lib/cellular/nrf9160/soft-float/libmodem.a(sock.c.obj)
                0x00000000000116ba                sock_is_datagram
 .text.sock_proto_is_secure
                0x00000000000116c4       0x18 E:/Uni/WS2425/IoT_Security/NRF/v2.7.0/nrfxlib/nrf_modem/lib/cellular/nrf9160/soft-float/libmodem.a(sock.c.obj)
                0x00000000000116c4                sock_proto_is_secure
 .text.sock_is_attaching
                0x00000000000116dc        0xa E:/Uni/WS2425/IoT_Security/NRF/v2.7.0/nrfxlib/nrf_modem/lib/cellular/nrf9160/soft-float/libmodem.a(sock.c.obj)
                0x00000000000116dc                sock_is_attaching
 .text.sock_is_nonblock
                0x00000000000116e6        0x8 E:/Uni/WS2425/IoT_Security/NRF/v2.7.0/nrfxlib/nrf_modem/lib/cellular/nrf9160/soft-float/libmodem.a(sock.c.obj)
                0x00000000000116e6                sock_is_nonblock
 .text.sock_is_closed
                0x00000000000116ee        0xa E:/Uni/WS2425/IoT_Security/NRF/v2.7.0/nrfxlib/nrf_modem/lib/cellular/nrf9160/soft-float/libmodem.a(sock.c.obj)
                0x00000000000116ee                sock_is_closed
 .text.sock_is_eof
                0x00000000000116f8       0x16 E:/Uni/WS2425/IoT_Security/NRF/v2.7.0/nrfxlib/nrf_modem/lib/cellular/nrf9160/soft-float/libmodem.a(sock.c.obj)
                0x00000000000116f8                sock_is_eof
 .text.sock_has_stream_error
                0x000000000001170e        0x8 E:/Uni/WS2425/IoT_Security/NRF/v2.7.0/nrfxlib/nrf_modem/lib/cellular/nrf9160/soft-float/libmodem.a(sock.c.obj)
                0x000000000001170e                sock_has_stream_error
 .text.sock_has_error
                0x0000000000011716        0xe E:/Uni/WS2425/IoT_Security/NRF/v2.7.0/nrfxlib/nrf_modem/lib/cellular/nrf9160/soft-float/libmodem.a(sock.c.obj)
                0x0000000000011716                sock_has_error
 .text.sock_has_pollcb
                0x0000000000011724        0xa E:/Uni/WS2425/IoT_Security/NRF/v2.7.0/nrfxlib/nrf_modem/lib/cellular/nrf9160/soft-float/libmodem.a(sock.c.obj)
                0x0000000000011724                sock_has_pollcb
 .text.sock_can_read
                0x000000000001172e        0xa E:/Uni/WS2425/IoT_Security/NRF/v2.7.0/nrfxlib/nrf_modem/lib/cellular/nrf9160/soft-float/libmodem.a(sock.c.obj)
                0x000000000001172e                sock_can_read
 .text.sock_can_accept
                0x0000000000011738        0xc E:/Uni/WS2425/IoT_Security/NRF/v2.7.0/nrfxlib/nrf_modem/lib/cellular/nrf9160/soft-float/libmodem.a(sock.c.obj)
                0x0000000000011738                sock_can_accept
 .text.sock_can_send
                0x0000000000011744       0x48 E:/Uni/WS2425/IoT_Security/NRF/v2.7.0/nrfxlib/nrf_modem/lib/cellular/nrf9160/soft-float/libmodem.a(sock.c.obj)
                0x0000000000011744                sock_can_send
 .text.sock_apn_rate_control_set
                0x000000000001178c       0x18 E:/Uni/WS2425/IoT_Security/NRF/v2.7.0/nrfxlib/nrf_modem/lib/cellular/nrf9160/soft-float/libmodem.a(sock.c.obj)
                0x000000000001178c                sock_apn_rate_control_set
 .text.sock_pdn_status_set
                0x00000000000117a4       0x18 E:/Uni/WS2425/IoT_Security/NRF/v2.7.0/nrfxlib/nrf_modem/lib/cellular/nrf9160/soft-float/libmodem.a(sock.c.obj)
                0x00000000000117a4                sock_pdn_status_set
 .text.pkt_free
                0x00000000000117bc       0x1c E:/Uni/WS2425/IoT_Security/NRF/v2.7.0/nrfxlib/nrf_modem/lib/cellular/nrf9160/soft-float/libmodem.a(packet.c.obj)
                0x00000000000117bc                pkt_free
 .text.pkt_flush
                0x00000000000117d8       0x1c E:/Uni/WS2425/IoT_Security/NRF/v2.7.0/nrfxlib/nrf_modem/lib/cellular/nrf9160/soft-float/libmodem.a(packet.c.obj)
                0x00000000000117d8                pkt_flush
 .text.on_conf_dnssrv_res
                0x00000000000117f4        0x4 E:/Uni/WS2425/IoT_Security/NRF/v2.7.0/nrfxlib/nrf_modem/lib/cellular/nrf9160/soft-float/libmodem.a(dns.c.obj)
                0x00000000000117f4                on_conf_dnssrv_res
 .text.on_getifaddrs_res
                0x00000000000117f8       0x1a E:/Uni/WS2425/IoT_Security/NRF/v2.7.0/nrfxlib/nrf_modem/lib/cellular/nrf9160/soft-float/libmodem.a(ifaddrs.c.obj)
                0x00000000000117f8                on_getifaddrs_res
 .text.nrf_poll_one
                0x0000000000011812       0x92 E:/Uni/WS2425/IoT_Security/NRF/v2.7.0/nrfxlib/nrf_modem/lib/cellular/nrf9160/soft-float/libmodem.a(poll.c.obj)
                0x0000000000011812                nrf_poll_one
 .text.res_cookie_get
                0x00000000000118a4        0x4 E:/Uni/WS2425/IoT_Security/NRF/v2.7.0/nrfxlib/nrf_modem/lib/cellular/nrf9160/soft-float/libmodem.a(reqres.c.obj)
                0x00000000000118a4                res_cookie_get
 .text.res_forward
                0x00000000000118a8        0x8 E:/Uni/WS2425/IoT_Security/NRF/v2.7.0/nrfxlib/nrf_modem/lib/cellular/nrf9160/soft-float/libmodem.a(reqres.c.obj)
                0x00000000000118a8                res_forward
 .text.rpc_dfu_event_handler
                0x00000000000118b0       0x54 E:/Uni/WS2425/IoT_Security/NRF/v2.7.0/nrfxlib/nrf_modem/lib/cellular/nrf9160/soft-float/libmodem.a(nrf_modem_delta_dfu.c.obj)
                0x00000000000118b0                rpc_dfu_event_handler
 .text.delta_dfu_res_cookie_get
                0x0000000000011904        0x4 E:/Uni/WS2425/IoT_Security/NRF/v2.7.0/nrfxlib/nrf_modem/lib/cellular/nrf9160/soft-float/libmodem.a(delta_dfu_reqres.c.obj)
                0x0000000000011904                delta_dfu_res_cookie_get
 .text.delta_dfu_res_forward
                0x0000000000011908        0x8 E:/Uni/WS2425/IoT_Security/NRF/v2.7.0/nrfxlib/nrf_modem/lib/cellular/nrf9160/soft-float/libmodem.a(delta_dfu_reqres.c.obj)
                0x0000000000011908                delta_dfu_res_forward
 .text.nrf_modem_is_initialized
                0x0000000000011910        0x4 E:/Uni/WS2425/IoT_Security/NRF/v2.7.0/nrfxlib/nrf_modem/lib/cellular/nrf9160/soft-float/libmodem.a(nrf_modem.c.obj)
                0x0000000000011910                nrf_modem_is_initialized
 .text.z_impl_k_busy_wait
                0x0000000000011914        0x8 zephyr/kernel/libkernel.a(busy_wait.c.obj)
                0x0000000000011914                z_impl_k_busy_wait
 .text.z_device_state_init
                0x000000000001191c        0x2 zephyr/kernel/libkernel.a(device.c.obj)
                0x000000000001191c                z_device_state_init
 .text.z_device_is_ready
                0x000000000001191e       0x16 zephyr/kernel/libkernel.a(device.c.obj)
                0x000000000001191e                z_device_is_ready
 .text.arch_system_halt
                0x0000000000011934       0x10 zephyr/kernel/libkernel.a(fatal.c.obj)
                0x0000000000011934                arch_system_halt
 .text.do_device_init
                0x0000000000011944       0x30 zephyr/kernel/libkernel.a(init.c.obj)
 .text.z_early_memset
                0x0000000000011974        0x4 zephyr/kernel/libkernel.a(init.c.obj)
                0x0000000000011974                z_early_memset
 .text.z_early_memcpy
                0x0000000000011978        0x4 zephyr/kernel/libkernel.a(init.c.obj)
                0x0000000000011978                z_early_memcpy
 .text.k_heap_init
                0x000000000001197c       0x10 zephyr/kernel/libkernel.a(kheap.c.obj)
                0x000000000001197c                k_heap_init
 .text.k_heap_aligned_alloc
                0x000000000001198c       0x82 zephyr/kernel/libkernel.a(kheap.c.obj)
                0x000000000001198c                k_heap_aligned_alloc
 .text.k_heap_alloc
                0x0000000000011a0e       0x14 zephyr/kernel/libkernel.a(kheap.c.obj)
                0x0000000000011a0e                k_heap_alloc
 .text.k_heap_free
                0x0000000000011a22       0x38 zephyr/kernel/libkernel.a(kheap.c.obj)
                0x0000000000011a22                k_heap_free
 .text.idle     0x0000000000011a5a       0x16 zephyr/kernel/libkernel.a(idle.c.obj)
                0x0000000000011a5a                idle
 .text.adjust_owner_prio.isra.0
                0x0000000000011a70       0x10 zephyr/kernel/libkernel.a(mutex.c.obj)
 .text.z_impl_k_sem_init
                0x0000000000011a80       0x18 zephyr/kernel/libkernel.a(sem.c.obj)
                0x0000000000011a80                z_impl_k_sem_init
 .text.k_is_in_isr
                0x0000000000011a98        0xc zephyr/kernel/libkernel.a(thread.c.obj)
                0x0000000000011a98                k_is_in_isr
 .text.z_impl_k_thread_name_set
                0x0000000000011aa4        0x6 zephyr/kernel/libkernel.a(thread.c.obj)
                0x0000000000011aa4                z_impl_k_thread_name_set
 .text.k_thread_name_get
                0x0000000000011aaa        0x4 zephyr/kernel/libkernel.a(thread.c.obj)
                0x0000000000011aaa                k_thread_name_get
 .text.z_impl_k_thread_start
                0x0000000000011aae        0x4 zephyr/kernel/libkernel.a(thread.c.obj)
                0x0000000000011aae                z_impl_k_thread_start
 .text.sys_dlist_remove
                0x0000000000011ab2       0x10 zephyr/kernel/libkernel.a(sched.c.obj)
 .text.unpend_thread_no_timeout
                0x0000000000011ac2       0x14 zephyr/kernel/libkernel.a(sched.c.obj)
 .text.add_to_waitq_locked
                0x0000000000011ad6       0x50 zephyr/kernel/libkernel.a(sched.c.obj)
 .text.z_ready_thread
                0x0000000000011b26       0x1e zephyr/kernel/libkernel.a(sched.c.obj)
                0x0000000000011b26                z_ready_thread
 .text.z_impl_k_thread_suspend
                0x0000000000011b44       0x34 zephyr/kernel/libkernel.a(sched.c.obj)
                0x0000000000011b44                z_impl_k_thread_suspend
 .text.z_unpend_thread_no_timeout
                0x0000000000011b78       0x22 zephyr/kernel/libkernel.a(sched.c.obj)